******************************************************************************
                  TI ARM Linker PC v5.2.6                      
******************************************************************************
>> Linked Mon Apr 04 10:22:50 2022

OUTPUT FILE NAME:   <sensortag_ysu1stk_app.out>
ENTRY POINT SYMBOL: "ResetISR"  address: 000071dd


MEMORY CONFIGURATION

         name            origin    length      used     unused   attr    fill
----------------------  --------  ---------  --------  --------  ----  --------
  FLASH                 00000000   0000e000  0000aaec  00003514  R  X
  FLASH_LAST_PAGE       0001f000   00001000  00000058  00000fa8  R  X
  SRAM                  20000000   00004348  0000309a  000012ae  RW X


SEGMENT ALLOCATION MAP

run origin  load origin   length   init length attrs members
----------  ----------- ---------- ----------- ----- -------
00000000    00000000    0000aaf8   0000aaf8    r-x
  00000000    00000000    0000003c   0000003c    r-- .resetVecs
  0000003c    0000003c    00000fc4   00000fc4    r-x .text.1
  00001000    00001000    0000003c   0000003c    r-- .const:ti_sysbios_knl_Task_Object__PARAMS__C
  0000103c    0000103c    00000034   00000034    r-- .const:ti_sysbios_knl_Mailbox_Object__PARAMS__C
  00001070    00001070    00000030   00000030    r-- .const:ti_sysbios_family_arm_m3_Hwi_Object__PARAMS__C
  000010a0    000010a0    0000002c   0000002c    r-- .const:ti_sysbios_hal_Hwi_Object__PARAMS__C
  000010cc    000010cc    00000028   00000028    r-- .const:ti_sysbios_heaps_HeapMem_Module__FXNS__C
  000010f4    000010f4    00000028   00000028    r-- .const:ti_sysbios_knl_Swi_Object__PARAMS__C
  0000111c    0000111c    00000024   00000024    r-- .const:ti_sysbios_gates_GateHwi_Module__FXNS__C
  00001140    00001140    00000024   00000024    r-- .const:ti_sysbios_gates_GateMutex_Module__FXNS__C
  00001164    00001164    00000024   00000024    r-- .const:ti_sysbios_heaps_HeapMem_Object__PARAMS__C
  00001188    00001188    00000024   00000024    r-- .const:ti_sysbios_knl_Clock_Object__PARAMS__C
  000011ac    000011ac    00000024   00000024    r-- .const:ti_sysbios_knl_Semaphore_Object__PARAMS__C
  000011d0    000011d0    00000020   00000020    r-- .const:ti_sysbios_family_arm_m3_Hwi_Object__DESC__C
  000011f0    000011f0    00000020   00000020    r-- .const:ti_sysbios_gates_GateHwi_Object__DESC__C
  00001210    00001210    00000020   00000020    r-- .const:ti_sysbios_gates_GateMutex_Object__DESC__C
  00001230    00001230    00000020   00000020    r-- .const:ti_sysbios_hal_Hwi_Object__DESC__C
  00001250    00001250    00000020   00000020    r-- .const:ti_sysbios_heaps_HeapMem_Object__DESC__C
  00001270    00001270    00000020   00000020    r-- .const:ti_sysbios_knl_Clock_Object__DESC__C
  00001290    00001290    00000020   00000020    r-- .const:ti_sysbios_knl_Mailbox_Object__DESC__C
  000012b0    000012b0    00000020   00000020    r-- .const:ti_sysbios_knl_Queue_Object__DESC__C
  000012d0    000012d0    00000020   00000020    r-- .const:ti_sysbios_knl_Semaphore_Object__DESC__C
  000012f0    000012f0    00000020   00000020    r-- .const:ti_sysbios_knl_Swi_Object__DESC__C
  00001310    00001310    00000020   00000020    r-- .const:ti_sysbios_knl_Task_Object__DESC__C
  00001330    00001330    00000018   00000018    r-- .const:ti_sysbios_gates_GateHwi_Object__PARAMS__C
  00001348    00001348    00000018   00000018    r-- .const:ti_sysbios_gates_GateMutex_Object__PARAMS__C
  00001360    00001360    00000018   00000018    r-- .const:ti_sysbios_knl_Queue_Object__PARAMS__C
  00001378    00001378    00000008   00000008    r-- .const:ti_sysbios_knl_Idle_funcList__C
  00001380    00001380    00000004   00000004    r-x .text.2
  00001384    00001384    00000004   00000004    r-- .const:ti_sysbios_family_arm_cc26xx_Timer_startupNeeded__C
  00001388    00001388    00000004   00000004    r-- .const:ti_sysbios_family_arm_m3_Hwi_E_alreadyDefined__C
  0000138c    0000138c    00000004   00000004    r-- .const:ti_sysbios_family_arm_m3_Hwi_E_hwiLimitExceeded__C
  00001390    00001390    00000004   00000004    r-- .const:ti_sysbios_family_arm_m3_Hwi_NUM_INTERRUPTS__C
  00001394    00001394    00000004   00000004    r-- .const:ti_sysbios_family_arm_m3_Hwi_Object__count__C
  00001398    00001398    00000004   00000004    r-- .const:ti_sysbios_family_arm_m3_Hwi_Object__table__C
  0000139c    0000139c    00000004   00000004    r-- .const:ti_sysbios_family_arm_m3_Hwi_ccr__C
  000013a0    000013a0    00000004   00000004    r-- .const:ti_sysbios_family_arm_m3_Hwi_excHandlerFunc__C
  000013a4    000013a4    00000004   00000004    r-- .const:ti_sysbios_family_arm_m3_Hwi_nullIsrFunc__C
  000013a8    000013a8    00000004   00000004    r-- .const:ti_sysbios_family_arm_m3_Hwi_numSparseInterrupts__C
  000013ac    000013ac    00000004   00000004    r-- .const:ti_sysbios_family_arm_m3_Hwi_priGroup__C
  000013b0    000013b0    00000004   00000004    r-- .const:ti_sysbios_family_arm_m3_TaskSupport_stackAlignment__C
  000013b4    000013b4    00000004   00000004    r-- .const:ti_sysbios_heaps_HeapMem_E_memory__C
  000013b8    000013b8    00000004   00000004    r-- .const:ti_sysbios_heaps_HeapMem_Module__gateObj__C
  000013bc    000013bc    00000004   00000004    r-- .const:ti_sysbios_heaps_HeapMem_Object__count__C
  000013c0    000013c0    00000004   00000004    r-- .const:ti_sysbios_heaps_HeapMem_Object__table__C
  000013c4    000013c4    00000004   00000004    r-- .const:ti_sysbios_heaps_HeapMem_reqAlign__C
  000013c8    000013c8    00000004   00000004    r-- .const:ti_sysbios_knl_Clock_serviceMargin__C
  000013cc    000013cc    00000004   00000004    r-- .const:ti_sysbios_knl_Mailbox_Object__count__C
  000013d0    000013d0    00000004   00000004    r-- .const:ti_sysbios_knl_Mailbox_Object__table__C
  000013d4    000013d4    00000004   00000004    r-- .const:ti_sysbios_knl_Mailbox_maxTypeAlign__C
  000013d8    000013d8    00000004   00000004    r-- .const:ti_sysbios_knl_Queue_Object__count__C
  000013dc    000013dc    00000004   00000004    r-- .const:ti_sysbios_knl_Queue_Object__table__C
  000013e0    000013e0    00000004   00000004    r-- .const:ti_sysbios_knl_Swi_Object__count__C
  000013e4    000013e4    00000004   00000004    r-- .const:ti_sysbios_knl_Swi_Object__table__C
  000013e8    000013e8    00000004   00000004    r-- .const:ti_sysbios_knl_Swi_numPriorities__C
  000013ec    000013ec    00000004   00000004    r-- .const:ti_sysbios_knl_Task_Object__count__C
  000013f0    000013f0    00000004   00000004    r-- .const:ti_sysbios_knl_Task_Object__table__C
  000013f4    000013f4    00000004   00000004    r-- .const:ti_sysbios_knl_Task_allBlockedFunc__C
  000013f8    000013f8    00000004   00000004    r-- .const:ti_sysbios_knl_Task_defaultStackHeap__C
  000013fc    000013fc    00000004   00000004    r-- .const:ti_sysbios_knl_Task_defaultStackSize__C
  00001400    00001400    00000004   00000004    r-- .const:ti_sysbios_knl_Task_numConstructedTasks__C
  00001404    00001404    00000002   00000002    r-x .text.3
  00001406    00001406    00000002   00000002    r-- .const:ti_sysbios_family_arm_cc26xx_Timer_Module__id__C
  00001408    00001408    00000002   00000002    r-- .const:ti_sysbios_family_arm_cc26xx_TimestampProvider_useClockTimer__C
  0000140a    0000140a    00000002   00000002    r-- .const:ti_sysbios_family_arm_m3_Hwi_Module__id__C
  0000140c    0000140c    00000002   00000002    r-- .const:ti_sysbios_gates_GateHwi_Module__id__C
  0000140e    0000140e    00000002   00000002    r-- .const:ti_sysbios_gates_GateMutex_Module__id__C
  00001410    00001410    00000002   00000002    r-- .const:ti_sysbios_heaps_HeapMem_Module__id__C
  00001412    00001412    00000002   00000002    r-- .const:ti_sysbios_knl_Task_initStackFlag__C
  00001414    00001414    00000001   00000001    r-- .const:ti_sysbios_knl_Clock_tickMode__C
  00001418    00001418    00000008   00000008    r-- .const:xdc_runtime_Startup_firstFxns__C
  00001420    00001420    00000008   00000008    r-- .const:xdc_runtime_Startup_lastFxns__C
  00001428    00001428    00000004   00000004    r-- .const:xdc_runtime_Assert_E_assertFailed__C
  0000142c    0000142c    00000004   00000004    r-- .const:xdc_runtime_Error_E_memory__C
  00001430    00001430    00000004   00000004    r-- .const:xdc_runtime_Error_policyFxn__C
  00001434    00001434    00000004   00000004    r-- .const:xdc_runtime_IGateProvider_Interface__BASE__C
  00001438    00001438    00000004   00000004    r-- .const:xdc_runtime_IHeap_Interface__BASE__C
  0000143c    0000143c    00000004   00000004    r-- .const:xdc_runtime_IModule_Interface__BASE__C
  00001440    00001440    00000004   00000004    r-- .const:xdc_runtime_Main_Module__diagsEnabled__C
  00001444    00001444    00000004   00000004    r-- .const:xdc_runtime_Main_Module__diagsIncluded__C
  00001448    00001448    00000004   00000004    r-- .const:xdc_runtime_Main_Module__diagsMask__C
  0000144c    0000144c    00000004   00000004    r-- .const:xdc_runtime_Memory_defaultHeapInstance__C
  00001450    00001450    00000004   00000004    r-- .const:xdc_runtime_Startup_execImpl__C
  00001454    00001454    00000004   00000004    r-- .const:xdc_runtime_Startup_maxPasses__C
  00001458    00001458    00000004   00000004    r-- .const:xdc_runtime_Startup_sfxnRts__C
  0000145c    0000145c    00000004   00000004    r-- .const:xdc_runtime_Startup_sfxnTab__C
  00001460    00001460    00000004   00000004    r-- .const:xdc_runtime_Startup_startModsFxn__C
  00001464    00001464    00000004   00000004    r-- .const:xdc_runtime_SysCallback_abortFxn__C
  00001468    00001468    00000004   00000004    r-- .const:xdc_runtime_SysCallback_exitFxn__C
  0000146c    0000146c    00000004   00000004    r-- .const:xdc_runtime_System_abortFxn__C
  00001470    00001470    00000004   00000004    r-- .const:xdc_runtime_System_exitFxn__C
  00001474    00001474    00000004   00000004    r-- .const:xdc_runtime_System_maxAtexitHandlers__C
  00001478    00001478    00000004   00000004    r-- .const:xdc_runtime_Text_charTab__C
  0000147c    0000147c    00000004   00000004    r-- .const:xdc_runtime_Text_nameEmpty__C
  00001480    00001480    00000004   00000004    r-- .const:xdc_runtime_Text_nameStatic__C
  00001484    00001484    00000004   00000004    r-- .const:xdc_runtime_Text_nameUnknown__C
  00001488    00001488    00000002   00000002    r-- .const:xdc_runtime_Main_Module__id__C
  0000148a    0000148a    00000002   00000002    r-- .const:xdc_runtime_Memory_Module__id__C
  0000148c    0000148c    00000002   00000002    r-- .const:xdc_runtime_Text_charCnt__C
  0000148e    0000148e    00000002   00000002    r-- .const:xdc_runtime_Text_isLoaded__C
  00001490    00001490    00000001   00000001    r-- .const:xdc_runtime_Error_policy__C
  00001494    00001494    00000004   00000004    r-- .const:ti_sysbios_rom_ROM_AONRTCChannelEnable
  00001498    00001498    00000004   00000004    r-- .const:ti_sysbios_rom_ROM_AONRTCCompareValueSet
  0000149c    0000149c    00000004   00000004    r-- .const:ti_sysbios_rom_ROM_AONRTCCurrentCompareValueGet
  000014a0    000014a0    00000004   00000004    r-- .const:ti_sysbios_rom_ROM_AONRTCEventClear
  000014a4    000014a4    00000004   00000004    r-- .const:ti_sysbios_rom_ROM_ti_sysbios_family_arm_cc26xx_Timer_getCount64__E
  000014a8    000014a8    00000004   00000004    r-- .const:ti_sysbios_rom_ROM_ti_sysbios_family_arm_cc26xx_Timer_getCurrentTick__E
  000014ac    000014ac    00000004   00000004    r-- .const:ti_sysbios_rom_ROM_ti_sysbios_family_arm_cc26xx_Timer_getMaxTicks__E
  000014b0    000014b0    00000004   00000004    r-- .const:ti_sysbios_rom_ROM_ti_sysbios_family_arm_cc26xx_Timer_initDevice__I
  000014b4    000014b4    00000004   00000004    r-- .const:ti_sysbios_rom_ROM_ti_sysbios_family_arm_cc26xx_Timer_setNextTick__E
  000014b8    000014b8    00000004   00000004    r-- .const:ti_sysbios_rom_ROM_ti_sysbios_family_arm_cc26xx_Timer_setThreshold__I
  000014bc    000014bc    00000004   00000004    r-- .const:ti_sysbios_rom_ROM_ti_sysbios_family_arm_cc26xx_Timer_start__E
  000014c0    000014c0    00000004   00000004    r-- .const:ti_sysbios_rom_ROM_ti_sysbios_family_arm_cc26xx_TimestampProvider_get32__E
  000014c4    000014c4    00000004   00000004    r-- .const:ti_sysbios_rom_ROM_xdc_runtime_Startup_getState__I
  000014c8    000014c8    00000004   00000004    r-- .const:ti_sysbios_rom_ROM_xdc_runtime_System_SupportProxy_abort__E
  000014cc    000014cc    00000004   00000004    r-- .const:ti_sysbios_rom_ROM_xdc_runtime_System_SupportProxy_exit__E
  000014d0    000014d0    00000004   00000004    r-- .const:ti_sysbios_gates_GateMutex_Instance_State_sem__O
  000014d4    000014d4    00000004   00000004    r-- .const:ti_sysbios_knl_Clock_Module_State_clockQ__O
  000014d8    000014d8    00000004   00000004    r-- .const:ti_sysbios_knl_Mailbox_Instance_State_dataQue__O
  000014dc    000014dc    00000004   00000004    r-- .const:ti_sysbios_knl_Mailbox_Instance_State_dataSem__O
  000014e0    000014e0    00000004   00000004    r-- .const:ti_sysbios_knl_Mailbox_Instance_State_freeQue__O
  000014e4    000014e4    00000004   00000004    r-- .const:ti_sysbios_knl_Mailbox_Instance_State_freeSem__O
  000014e8    000014e8    00000004   00000004    r-- .const:ti_sysbios_knl_Semaphore_Instance_State_pendQ__O
  000014ec    000014ec    00000004   00000004    r-- .const:ti_sysbios_knl_Task_Module_State_inactiveQ__O
  000014f0    000014f0    00008710   00008710    r-x .text.4
  00009c00    00009c00    000005da   000005da    r-- .const
  0000a1e0    0000a1e0    00000918   00000918    r-- .cinit
0001ffa8    0001ffa8    00000058   00000058    r--
  0001ffa8    0001ffa8    00000058   00000058    r-- .ccfg
20000100    20000100    00002bd6   00000000    rw-
  20000100    20000100    00000044   00000000    rw- .data:ti_sysbios_knl_Task_Module__state__V
  20000144    20000144    00000034   00000000    rw- .data:ti_sysbios_family_arm_m3_Hwi_Module__state__V
  20000178    20000178    0000002c   00000000    rw- .data:ti_sysbios_knl_Clock_Module__state__V
  200001a4    200001a4    00000024   00000000    rw- .data:ti_sysbios_BIOS_Module__state__V
  200001c8    200001c8    0000001c   00000000    rw- .data:ti_sysbios_knl_Swi_Module__state__V
  200001e4    200001e4    00000008   00000000    rw- .data:ti_sysbios_family_arm_cc26xx_Timer_Module__state__V
  200001ec    200001ec    00000004   00000000    rw- .data:ti_sysbios_family_arm_cc26xx_TimestampProvider_Module__state__V
  200001f0    200001f0    00000008   00000000    rw- .data:xdc_runtime_Startup_Module__state__V
  200001f8    200001f8    00000008   00000000    rw- .data:xdc_runtime_System_Module__state__V
  20000200    20000200    00000004   00000000    rw- .data:xdc_runtime_Memory_Module__state__V
  20000208    20000208    00001e81   00000000    rw- .data
  20002090    20002090    00000c46   00000000    rw- .bss
20003f48    20003f48    00000400   00000000    rw-
  20003f48    20003f48    00000400   00000000    rw- .stack


SECTION ALLOCATION MAP

 output                                  attributes/
section   page    origin      length       input sections
--------  ----  ----------  ----------   ----------------
.resetVecs 
*          0    00000000    0000003c     
                  00000000    0000003c     app_ble_pem3.oem3 (.resetVecs)

.text.1    0    0000003c    00000fc4     
                  0000003c    00000338     rom_sysbios.aem3 : rom_sysbios.obj (.text:xdc_runtime_System_doPrint__I)
                  00000374    00000310     RFCC26XX_singleMode.obj (.text:fsmActiveState$14)
                  00000684    00000008     (.tramp.ti_sysbios_family_arm_m3_Hwi_disableFxn__E.1)
                  0000068c    00000008     (.tramp.ti_sysbios_family_arm_m3_Hwi_restoreFxn__E.1)
                  00000694    00000008     (.tramp.ti_sysbios_knl_Clock_setTimeout__E.1)
                  0000069c    00000008     (.tramp.ti_sysbios_knl_Clock_start__E.1)
                  000006a4    000002ec     peripheral.obj (.text:gapRole_processGAPMsg$30)
                  00000990    0000023c     peripheral.obj (.text:GAPRole_SetParameter)
                  00000bcc    00000230     driverlib.lib : sys_ctrl.obj (.text:NOROM_SysCtrlSetRechargeBeforePowerDown)
                  00000dfc    000001f4     rtsv7M3_T_le_eabi.lib : ull_div_t2.obj (.text)
                  00000ff0    00000010     RFCC26XX_singleMode.obj (.text:FsmDispatch$14)

.const:ti_sysbios_knl_Task_Object__PARAMS__C 
*          0    00001000    0000003c     
                  00001000    0000003c     app_ble_pem3.oem3 (.const:ti_sysbios_knl_Task_Object__PARAMS__C)

.const:ti_sysbios_knl_Mailbox_Object__PARAMS__C 
*          0    0000103c    00000034     
                  0000103c    00000034     app_ble_pem3.oem3 (.const:ti_sysbios_knl_Mailbox_Object__PARAMS__C)

.const:ti_sysbios_family_arm_m3_Hwi_Object__PARAMS__C 
*          0    00001070    00000030     
                  00001070    00000030     app_ble_pem3.oem3 (.const:ti_sysbios_family_arm_m3_Hwi_Object__PARAMS__C)

.const:ti_sysbios_hal_Hwi_Object__PARAMS__C 
*          0    000010a0    0000002c     
                  000010a0    0000002c     app_ble_pem3.oem3 (.const:ti_sysbios_hal_Hwi_Object__PARAMS__C)

.const:ti_sysbios_heaps_HeapMem_Module__FXNS__C 
*          0    000010cc    00000028     
                  000010cc    00000028     app_ble_pem3.oem3 (.const:ti_sysbios_heaps_HeapMem_Module__FXNS__C)

.const:ti_sysbios_knl_Swi_Object__PARAMS__C 
*          0    000010f4    00000028     
                  000010f4    00000028     app_ble_pem3.oem3 (.const:ti_sysbios_knl_Swi_Object__PARAMS__C)

.const:ti_sysbios_gates_GateHwi_Module__FXNS__C 
*          0    0000111c    00000024     
                  0000111c    00000024     app_ble_pem3.oem3 (.const:ti_sysbios_gates_GateHwi_Module__FXNS__C)

.const:ti_sysbios_gates_GateMutex_Module__FXNS__C 
*          0    00001140    00000024     
                  00001140    00000024     app_ble_pem3.oem3 (.const:ti_sysbios_gates_GateMutex_Module__FXNS__C)

.const:ti_sysbios_heaps_HeapMem_Object__PARAMS__C 
*          0    00001164    00000024     
                  00001164    00000024     app_ble_pem3.oem3 (.const:ti_sysbios_heaps_HeapMem_Object__PARAMS__C)

.const:ti_sysbios_knl_Clock_Object__PARAMS__C 
*          0    00001188    00000024     
                  00001188    00000024     app_ble_pem3.oem3 (.const:ti_sysbios_knl_Clock_Object__PARAMS__C)

.const:ti_sysbios_knl_Semaphore_Object__PARAMS__C 
*          0    000011ac    00000024     
                  000011ac    00000024     app_ble_pem3.oem3 (.const:ti_sysbios_knl_Semaphore_Object__PARAMS__C)

.const:ti_sysbios_family_arm_m3_Hwi_Object__DESC__C 
*          0    000011d0    00000020     
                  000011d0    00000020     app_ble_pem3.oem3 (.const:ti_sysbios_family_arm_m3_Hwi_Object__DESC__C)

.const:ti_sysbios_gates_GateHwi_Object__DESC__C 
*          0    000011f0    00000020     
                  000011f0    00000020     app_ble_pem3.oem3 (.const:ti_sysbios_gates_GateHwi_Object__DESC__C)

.const:ti_sysbios_gates_GateMutex_Object__DESC__C 
*          0    00001210    00000020     
                  00001210    00000020     app_ble_pem3.oem3 (.const:ti_sysbios_gates_GateMutex_Object__DESC__C)

.const:ti_sysbios_hal_Hwi_Object__DESC__C 
*          0    00001230    00000020     
                  00001230    00000020     app_ble_pem3.oem3 (.const:ti_sysbios_hal_Hwi_Object__DESC__C)

.const:ti_sysbios_heaps_HeapMem_Object__DESC__C 
*          0    00001250    00000020     
                  00001250    00000020     app_ble_pem3.oem3 (.const:ti_sysbios_heaps_HeapMem_Object__DESC__C)

.const:ti_sysbios_knl_Clock_Object__DESC__C 
*          0    00001270    00000020     
                  00001270    00000020     app_ble_pem3.oem3 (.const:ti_sysbios_knl_Clock_Object__DESC__C)

.const:ti_sysbios_knl_Mailbox_Object__DESC__C 
*          0    00001290    00000020     
                  00001290    00000020     app_ble_pem3.oem3 (.const:ti_sysbios_knl_Mailbox_Object__DESC__C)

.const:ti_sysbios_knl_Queue_Object__DESC__C 
*          0    000012b0    00000020     
                  000012b0    00000020     app_ble_pem3.oem3 (.const:ti_sysbios_knl_Queue_Object__DESC__C)

.const:ti_sysbios_knl_Semaphore_Object__DESC__C 
*          0    000012d0    00000020     
                  000012d0    00000020     app_ble_pem3.oem3 (.const:ti_sysbios_knl_Semaphore_Object__DESC__C)

.const:ti_sysbios_knl_Swi_Object__DESC__C 
*          0    000012f0    00000020     
                  000012f0    00000020     app_ble_pem3.oem3 (.const:ti_sysbios_knl_Swi_Object__DESC__C)

.const:ti_sysbios_knl_Task_Object__DESC__C 
*          0    00001310    00000020     
                  00001310    00000020     app_ble_pem3.oem3 (.const:ti_sysbios_knl_Task_Object__DESC__C)

.const:ti_sysbios_gates_GateHwi_Object__PARAMS__C 
*          0    00001330    00000018     
                  00001330    00000018     app_ble_pem3.oem3 (.const:ti_sysbios_gates_GateHwi_Object__PARAMS__C)

.const:ti_sysbios_gates_GateMutex_Object__PARAMS__C 
*          0    00001348    00000018     
                  00001348    00000018     app_ble_pem3.oem3 (.const:ti_sysbios_gates_GateMutex_Object__PARAMS__C)

.const:ti_sysbios_knl_Queue_Object__PARAMS__C 
*          0    00001360    00000018     
                  00001360    00000018     app_ble_pem3.oem3 (.const:ti_sysbios_knl_Queue_Object__PARAMS__C)

.const:ti_sysbios_knl_Idle_funcList__C 
*          0    00001378    00000008     
                  00001378    00000008     app_ble_pem3.oem3 (.const:ti_sysbios_knl_Idle_funcList__C)

.text.2    0    00001380    00000004     
                  00001380    00000004     icall_api.obj (.text:GATTServApp_AddService)

.const:ti_sysbios_family_arm_cc26xx_Timer_startupNeeded__C 
*          0    00001384    00000004     
                  00001384    00000004     app_ble_pem3.oem3 (.const:ti_sysbios_family_arm_cc26xx_Timer_startupNeeded__C)

.const:ti_sysbios_family_arm_m3_Hwi_E_alreadyDefined__C 
*          0    00001388    00000004     
                  00001388    00000004     app_ble_pem3.oem3 (.const:ti_sysbios_family_arm_m3_Hwi_E_alreadyDefined__C)

.const:ti_sysbios_family_arm_m3_Hwi_E_hwiLimitExceeded__C 
*          0    0000138c    00000004     
                  0000138c    00000004     app_ble_pem3.oem3 (.const:ti_sysbios_family_arm_m3_Hwi_E_hwiLimitExceeded__C)

.const:ti_sysbios_family_arm_m3_Hwi_NUM_INTERRUPTS__C 
*          0    00001390    00000004     
                  00001390    00000004     app_ble_pem3.oem3 (.const:ti_sysbios_family_arm_m3_Hwi_NUM_INTERRUPTS__C)

.const:ti_sysbios_family_arm_m3_Hwi_Object__count__C 
*          0    00001394    00000004     
                  00001394    00000004     app_ble_pem3.oem3 (.const:ti_sysbios_family_arm_m3_Hwi_Object__count__C)

.const:ti_sysbios_family_arm_m3_Hwi_Object__table__C 
*          0    00001398    00000004     
                  00001398    00000004     app_ble_pem3.oem3 (.const:ti_sysbios_family_arm_m3_Hwi_Object__table__C)

.const:ti_sysbios_family_arm_m3_Hwi_ccr__C 
*          0    0000139c    00000004     
                  0000139c    00000004     app_ble_pem3.oem3 (.const:ti_sysbios_family_arm_m3_Hwi_ccr__C)

.const:ti_sysbios_family_arm_m3_Hwi_excHandlerFunc__C 
*          0    000013a0    00000004     
                  000013a0    00000004     app_ble_pem3.oem3 (.const:ti_sysbios_family_arm_m3_Hwi_excHandlerFunc__C)

.const:ti_sysbios_family_arm_m3_Hwi_nullIsrFunc__C 
*          0    000013a4    00000004     
                  000013a4    00000004     app_ble_pem3.oem3 (.const:ti_sysbios_family_arm_m3_Hwi_nullIsrFunc__C)

.const:ti_sysbios_family_arm_m3_Hwi_numSparseInterrupts__C 
*          0    000013a8    00000004     
                  000013a8    00000004     app_ble_pem3.oem3 (.const:ti_sysbios_family_arm_m3_Hwi_numSparseInterrupts__C)

.const:ti_sysbios_family_arm_m3_Hwi_priGroup__C 
*          0    000013ac    00000004     
                  000013ac    00000004     app_ble_pem3.oem3 (.const:ti_sysbios_family_arm_m3_Hwi_priGroup__C)

.const:ti_sysbios_family_arm_m3_TaskSupport_stackAlignment__C 
*          0    000013b0    00000004     
                  000013b0    00000004     app_ble_pem3.oem3 (.const:ti_sysbios_family_arm_m3_TaskSupport_stackAlignment__C)

.const:ti_sysbios_heaps_HeapMem_E_memory__C 
*          0    000013b4    00000004     
                  000013b4    00000004     app_ble_pem3.oem3 (.const:ti_sysbios_heaps_HeapMem_E_memory__C)

.const:ti_sysbios_heaps_HeapMem_Module__gateObj__C 
*          0    000013b8    00000004     
                  000013b8    00000004     app_ble_pem3.oem3 (.const:ti_sysbios_heaps_HeapMem_Module__gateObj__C)

.const:ti_sysbios_heaps_HeapMem_Object__count__C 
*          0    000013bc    00000004     
                  000013bc    00000004     app_ble_pem3.oem3 (.const:ti_sysbios_heaps_HeapMem_Object__count__C)

.const:ti_sysbios_heaps_HeapMem_Object__table__C 
*          0    000013c0    00000004     
                  000013c0    00000004     app_ble_pem3.oem3 (.const:ti_sysbios_heaps_HeapMem_Object__table__C)

.const:ti_sysbios_heaps_HeapMem_reqAlign__C 
*          0    000013c4    00000004     
                  000013c4    00000004     app_ble_pem3.oem3 (.const:ti_sysbios_heaps_HeapMem_reqAlign__C)

.const:ti_sysbios_knl_Clock_serviceMargin__C 
*          0    000013c8    00000004     
                  000013c8    00000004     app_ble_pem3.oem3 (.const:ti_sysbios_knl_Clock_serviceMargin__C)

.const:ti_sysbios_knl_Mailbox_Object__count__C 
*          0    000013cc    00000004     
                  000013cc    00000004     app_ble_pem3.oem3 (.const:ti_sysbios_knl_Mailbox_Object__count__C)

.const:ti_sysbios_knl_Mailbox_Object__table__C 
*          0    000013d0    00000004     
                  000013d0    00000004     app_ble_pem3.oem3 (.const:ti_sysbios_knl_Mailbox_Object__table__C)

.const:ti_sysbios_knl_Mailbox_maxTypeAlign__C 
*          0    000013d4    00000004     
                  000013d4    00000004     app_ble_pem3.oem3 (.const:ti_sysbios_knl_Mailbox_maxTypeAlign__C)

.const:ti_sysbios_knl_Queue_Object__count__C 
*          0    000013d8    00000004     
                  000013d8    00000004     app_ble_pem3.oem3 (.const:ti_sysbios_knl_Queue_Object__count__C)

.const:ti_sysbios_knl_Queue_Object__table__C 
*          0    000013dc    00000004     
                  000013dc    00000004     app_ble_pem3.oem3 (.const:ti_sysbios_knl_Queue_Object__table__C)

.const:ti_sysbios_knl_Swi_Object__count__C 
*          0    000013e0    00000004     
                  000013e0    00000004     app_ble_pem3.oem3 (.const:ti_sysbios_knl_Swi_Object__count__C)

.const:ti_sysbios_knl_Swi_Object__table__C 
*          0    000013e4    00000004     
                  000013e4    00000004     app_ble_pem3.oem3 (.const:ti_sysbios_knl_Swi_Object__table__C)

.const:ti_sysbios_knl_Swi_numPriorities__C 
*          0    000013e8    00000004     
                  000013e8    00000004     app_ble_pem3.oem3 (.const:ti_sysbios_knl_Swi_numPriorities__C)

.const:ti_sysbios_knl_Task_Object__count__C 
*          0    000013ec    00000004     
                  000013ec    00000004     app_ble_pem3.oem3 (.const:ti_sysbios_knl_Task_Object__count__C)

.const:ti_sysbios_knl_Task_Object__table__C 
*          0    000013f0    00000004     
                  000013f0    00000004     app_ble_pem3.oem3 (.const:ti_sysbios_knl_Task_Object__table__C)

.const:ti_sysbios_knl_Task_allBlockedFunc__C 
*          0    000013f4    00000004     
                  000013f4    00000004     app_ble_pem3.oem3 (.const:ti_sysbios_knl_Task_allBlockedFunc__C)

.const:ti_sysbios_knl_Task_defaultStackHeap__C 
*          0    000013f8    00000004     
                  000013f8    00000004     app_ble_pem3.oem3 (.const:ti_sysbios_knl_Task_defaultStackHeap__C)

.const:ti_sysbios_knl_Task_defaultStackSize__C 
*          0    000013fc    00000004     
                  000013fc    00000004     app_ble_pem3.oem3 (.const:ti_sysbios_knl_Task_defaultStackSize__C)

.const:ti_sysbios_knl_Task_numConstructedTasks__C 
*          0    00001400    00000004     
                  00001400    00000004     app_ble_pem3.oem3 (.const:ti_sysbios_knl_Task_numConstructedTasks__C)

.text.3    0    00001404    00000002     
                  00001404    00000002     ble_user_config.obj (.text:DefaultAssertCback)

.const:ti_sysbios_family_arm_cc26xx_Timer_Module__id__C 
*          0    00001406    00000002     
                  00001406    00000002     app_ble_pem3.oem3 (.const:ti_sysbios_family_arm_cc26xx_Timer_Module__id__C)

.const:ti_sysbios_family_arm_cc26xx_TimestampProvider_useClockTimer__C 
*          0    00001408    00000002     
                  00001408    00000002     app_ble_pem3.oem3 (.const:ti_sysbios_family_arm_cc26xx_TimestampProvider_useClockTimer__C)

.const:ti_sysbios_family_arm_m3_Hwi_Module__id__C 
*          0    0000140a    00000002     
                  0000140a    00000002     app_ble_pem3.oem3 (.const:ti_sysbios_family_arm_m3_Hwi_Module__id__C)

.const:ti_sysbios_gates_GateHwi_Module__id__C 
*          0    0000140c    00000002     
                  0000140c    00000002     app_ble_pem3.oem3 (.const:ti_sysbios_gates_GateHwi_Module__id__C)

.const:ti_sysbios_gates_GateMutex_Module__id__C 
*          0    0000140e    00000002     
                  0000140e    00000002     app_ble_pem3.oem3 (.const:ti_sysbios_gates_GateMutex_Module__id__C)

.const:ti_sysbios_heaps_HeapMem_Module__id__C 
*          0    00001410    00000002     
                  00001410    00000002     app_ble_pem3.oem3 (.const:ti_sysbios_heaps_HeapMem_Module__id__C)

.const:ti_sysbios_knl_Task_initStackFlag__C 
*          0    00001412    00000002     
                  00001412    00000002     app_ble_pem3.oem3 (.const:ti_sysbios_knl_Task_initStackFlag__C)

.const:ti_sysbios_knl_Clock_tickMode__C 
*          0    00001414    00000001     
                  00001414    00000001     app_ble_pem3.oem3 (.const:ti_sysbios_knl_Clock_tickMode__C)

.const:xdc_runtime_Startup_firstFxns__C 
*          0    00001418    00000008     
                  00001418    00000008     app_ble_pem3.oem3 (.const:xdc_runtime_Startup_firstFxns__C)

.const:xdc_runtime_Startup_lastFxns__C 
*          0    00001420    00000008     
                  00001420    00000008     app_ble_pem3.oem3 (.const:xdc_runtime_Startup_lastFxns__C)

.const:xdc_runtime_Assert_E_assertFailed__C 
*          0    00001428    00000004     
                  00001428    00000004     app_ble_pem3.oem3 (.const:xdc_runtime_Assert_E_assertFailed__C)

.const:xdc_runtime_Error_E_memory__C 
*          0    0000142c    00000004     
                  0000142c    00000004     app_ble_pem3.oem3 (.const:xdc_runtime_Error_E_memory__C)

.const:xdc_runtime_Error_policyFxn__C 
*          0    00001430    00000004     
                  00001430    00000004     app_ble_pem3.oem3 (.const:xdc_runtime_Error_policyFxn__C)

.const:xdc_runtime_IGateProvider_Interface__BASE__C 
*          0    00001434    00000004     
                  00001434    00000004     app_ble_pem3.oem3 (.const:xdc_runtime_IGateProvider_Interface__BASE__C)

.const:xdc_runtime_IHeap_Interface__BASE__C 
*          0    00001438    00000004     
                  00001438    00000004     app_ble_pem3.oem3 (.const:xdc_runtime_IHeap_Interface__BASE__C)

.const:xdc_runtime_IModule_Interface__BASE__C 
*          0    0000143c    00000004     
                  0000143c    00000004     app_ble_pem3.oem3 (.const:xdc_runtime_IModule_Interface__BASE__C)

.const:xdc_runtime_Main_Module__diagsEnabled__C 
*          0    00001440    00000004     
                  00001440    00000004     app_ble_pem3.oem3 (.const:xdc_runtime_Main_Module__diagsEnabled__C)

.const:xdc_runtime_Main_Module__diagsIncluded__C 
*          0    00001444    00000004     
                  00001444    00000004     app_ble_pem3.oem3 (.const:xdc_runtime_Main_Module__diagsIncluded__C)

.const:xdc_runtime_Main_Module__diagsMask__C 
*          0    00001448    00000004     
                  00001448    00000004     app_ble_pem3.oem3 (.const:xdc_runtime_Main_Module__diagsMask__C)

.const:xdc_runtime_Memory_defaultHeapInstance__C 
*          0    0000144c    00000004     
                  0000144c    00000004     app_ble_pem3.oem3 (.const:xdc_runtime_Memory_defaultHeapInstance__C)

.const:xdc_runtime_Startup_execImpl__C 
*          0    00001450    00000004     
                  00001450    00000004     app_ble_pem3.oem3 (.const:xdc_runtime_Startup_execImpl__C)

.const:xdc_runtime_Startup_maxPasses__C 
*          0    00001454    00000004     
                  00001454    00000004     app_ble_pem3.oem3 (.const:xdc_runtime_Startup_maxPasses__C)

.const:xdc_runtime_Startup_sfxnRts__C 
*          0    00001458    00000004     
                  00001458    00000004     app_ble_pem3.oem3 (.const:xdc_runtime_Startup_sfxnRts__C)

.const:xdc_runtime_Startup_sfxnTab__C 
*          0    0000145c    00000004     
                  0000145c    00000004     app_ble_pem3.oem3 (.const:xdc_runtime_Startup_sfxnTab__C)

.const:xdc_runtime_Startup_startModsFxn__C 
*          0    00001460    00000004     
                  00001460    00000004     app_ble_pem3.oem3 (.const:xdc_runtime_Startup_startModsFxn__C)

.const:xdc_runtime_SysCallback_abortFxn__C 
*          0    00001464    00000004     
                  00001464    00000004     app_ble_pem3.oem3 (.const:xdc_runtime_SysCallback_abortFxn__C)

.const:xdc_runtime_SysCallback_exitFxn__C 
*          0    00001468    00000004     
                  00001468    00000004     app_ble_pem3.oem3 (.const:xdc_runtime_SysCallback_exitFxn__C)

.const:xdc_runtime_System_abortFxn__C 
*          0    0000146c    00000004     
                  0000146c    00000004     app_ble_pem3.oem3 (.const:xdc_runtime_System_abortFxn__C)

.const:xdc_runtime_System_exitFxn__C 
*          0    00001470    00000004     
                  00001470    00000004     app_ble_pem3.oem3 (.const:xdc_runtime_System_exitFxn__C)

.const:xdc_runtime_System_maxAtexitHandlers__C 
*          0    00001474    00000004     
                  00001474    00000004     app_ble_pem3.oem3 (.const:xdc_runtime_System_maxAtexitHandlers__C)

.const:xdc_runtime_Text_charTab__C 
*          0    00001478    00000004     
                  00001478    00000004     app_ble_pem3.oem3 (.const:xdc_runtime_Text_charTab__C)

.const:xdc_runtime_Text_nameEmpty__C 
*          0    0000147c    00000004     
                  0000147c    00000004     app_ble_pem3.oem3 (.const:xdc_runtime_Text_nameEmpty__C)

.const:xdc_runtime_Text_nameStatic__C 
*          0    00001480    00000004     
                  00001480    00000004     app_ble_pem3.oem3 (.const:xdc_runtime_Text_nameStatic__C)

.const:xdc_runtime_Text_nameUnknown__C 
*          0    00001484    00000004     
                  00001484    00000004     app_ble_pem3.oem3 (.const:xdc_runtime_Text_nameUnknown__C)

.const:xdc_runtime_Main_Module__id__C 
*          0    00001488    00000002     
                  00001488    00000002     app_ble_pem3.oem3 (.const:xdc_runtime_Main_Module__id__C)

.const:xdc_runtime_Memory_Module__id__C 
*          0    0000148a    00000002     
                  0000148a    00000002     app_ble_pem3.oem3 (.const:xdc_runtime_Memory_Module__id__C)

.const:xdc_runtime_Text_charCnt__C 
*          0    0000148c    00000002     
                  0000148c    00000002     app_ble_pem3.oem3 (.const:xdc_runtime_Text_charCnt__C)

.const:xdc_runtime_Text_isLoaded__C 
*          0    0000148e    00000002     
                  0000148e    00000002     app_ble_pem3.oem3 (.const:xdc_runtime_Text_isLoaded__C)

.const:xdc_runtime_Error_policy__C 
*          0    00001490    00000001     
                  00001490    00000001     app_ble_pem3.oem3 (.const:xdc_runtime_Error_policy__C)

.const:ti_sysbios_rom_ROM_AONRTCChannelEnable 
*          0    00001494    00000004     
                  00001494    00000004     app_ble_pem3.oem3 (.const:ti_sysbios_rom_ROM_AONRTCChannelEnable)

.const:ti_sysbios_rom_ROM_AONRTCCompareValueSet 
*          0    00001498    00000004     
                  00001498    00000004     app_ble_pem3.oem3 (.const:ti_sysbios_rom_ROM_AONRTCCompareValueSet)

.const:ti_sysbios_rom_ROM_AONRTCCurrentCompareValueGet 
*          0    0000149c    00000004     
                  0000149c    00000004     app_ble_pem3.oem3 (.const:ti_sysbios_rom_ROM_AONRTCCurrentCompareValueGet)

.const:ti_sysbios_rom_ROM_AONRTCEventClear 
*          0    000014a0    00000004     
                  000014a0    00000004     app_ble_pem3.oem3 (.const:ti_sysbios_rom_ROM_AONRTCEventClear)

.const:ti_sysbios_rom_ROM_ti_sysbios_family_arm_cc26xx_Timer_getCount64__E 
*          0    000014a4    00000004     
                  000014a4    00000004     app_ble_pem3.oem3 (.const:ti_sysbios_rom_ROM_ti_sysbios_family_arm_cc26xx_Timer_getCount64__E)

.const:ti_sysbios_rom_ROM_ti_sysbios_family_arm_cc26xx_Timer_getCurrentTick__E 
*          0    000014a8    00000004     
                  000014a8    00000004     app_ble_pem3.oem3 (.const:ti_sysbios_rom_ROM_ti_sysbios_family_arm_cc26xx_Timer_getCurrentTick__E)

.const:ti_sysbios_rom_ROM_ti_sysbios_family_arm_cc26xx_Timer_getMaxTicks__E 
*          0    000014ac    00000004     
                  000014ac    00000004     app_ble_pem3.oem3 (.const:ti_sysbios_rom_ROM_ti_sysbios_family_arm_cc26xx_Timer_getMaxTicks__E)

.const:ti_sysbios_rom_ROM_ti_sysbios_family_arm_cc26xx_Timer_initDevice__I 
*          0    000014b0    00000004     
                  000014b0    00000004     app_ble_pem3.oem3 (.const:ti_sysbios_rom_ROM_ti_sysbios_family_arm_cc26xx_Timer_initDevice__I)

.const:ti_sysbios_rom_ROM_ti_sysbios_family_arm_cc26xx_Timer_setNextTick__E 
*          0    000014b4    00000004     
                  000014b4    00000004     app_ble_pem3.oem3 (.const:ti_sysbios_rom_ROM_ti_sysbios_family_arm_cc26xx_Timer_setNextTick__E)

.const:ti_sysbios_rom_ROM_ti_sysbios_family_arm_cc26xx_Timer_setThreshold__I 
*          0    000014b8    00000004     
                  000014b8    00000004     app_ble_pem3.oem3 (.const:ti_sysbios_rom_ROM_ti_sysbios_family_arm_cc26xx_Timer_setThreshold__I)

.const:ti_sysbios_rom_ROM_ti_sysbios_family_arm_cc26xx_Timer_start__E 
*          0    000014bc    00000004     
                  000014bc    00000004     app_ble_pem3.oem3 (.const:ti_sysbios_rom_ROM_ti_sysbios_family_arm_cc26xx_Timer_start__E)

.const:ti_sysbios_rom_ROM_ti_sysbios_family_arm_cc26xx_TimestampProvider_get32__E 
*          0    000014c0    00000004     
                  000014c0    00000004     app_ble_pem3.oem3 (.const:ti_sysbios_rom_ROM_ti_sysbios_family_arm_cc26xx_TimestampProvider_get32__E)

.const:ti_sysbios_rom_ROM_xdc_runtime_Startup_getState__I 
*          0    000014c4    00000004     
                  000014c4    00000004     app_ble_pem3.oem3 (.const:ti_sysbios_rom_ROM_xdc_runtime_Startup_getState__I)

.const:ti_sysbios_rom_ROM_xdc_runtime_System_SupportProxy_abort__E 
*          0    000014c8    00000004     
                  000014c8    00000004     app_ble_pem3.oem3 (.const:ti_sysbios_rom_ROM_xdc_runtime_System_SupportProxy_abort__E)

.const:ti_sysbios_rom_ROM_xdc_runtime_System_SupportProxy_exit__E 
*          0    000014cc    00000004     
                  000014cc    00000004     app_ble_pem3.oem3 (.const:ti_sysbios_rom_ROM_xdc_runtime_System_SupportProxy_exit__E)

.const:ti_sysbios_gates_GateMutex_Instance_State_sem__O 
*          0    000014d0    00000004     
                  000014d0    00000004     app_ble_pem3.oem3 (.const:ti_sysbios_gates_GateMutex_Instance_State_sem__O)

.const:ti_sysbios_knl_Clock_Module_State_clockQ__O 
*          0    000014d4    00000004     
                  000014d4    00000004     app_ble_pem3.oem3 (.const:ti_sysbios_knl_Clock_Module_State_clockQ__O)

.const:ti_sysbios_knl_Mailbox_Instance_State_dataQue__O 
*          0    000014d8    00000004     
                  000014d8    00000004     app_ble_pem3.oem3 (.const:ti_sysbios_knl_Mailbox_Instance_State_dataQue__O)

.const:ti_sysbios_knl_Mailbox_Instance_State_dataSem__O 
*          0    000014dc    00000004     
                  000014dc    00000004     app_ble_pem3.oem3 (.const:ti_sysbios_knl_Mailbox_Instance_State_dataSem__O)

.const:ti_sysbios_knl_Mailbox_Instance_State_freeQue__O 
*          0    000014e0    00000004     
                  000014e0    00000004     app_ble_pem3.oem3 (.const:ti_sysbios_knl_Mailbox_Instance_State_freeQue__O)

.const:ti_sysbios_knl_Mailbox_Instance_State_freeSem__O 
*          0    000014e4    00000004     
                  000014e4    00000004     app_ble_pem3.oem3 (.const:ti_sysbios_knl_Mailbox_Instance_State_freeSem__O)

.const:ti_sysbios_knl_Semaphore_Instance_State_pendQ__O 
*          0    000014e8    00000004     
                  000014e8    00000004     app_ble_pem3.oem3 (.const:ti_sysbios_knl_Semaphore_Instance_State_pendQ__O)

.const:ti_sysbios_knl_Task_Module_State_inactiveQ__O 
*          0    000014ec    00000004     
                  000014ec    00000004     app_ble_pem3.oem3 (.const:ti_sysbios_knl_Task_Module_State_inactiveQ__O)

.text.4    0    000014f0    00008710     
                  000014f0    00000228     drivers_cc13xxware.aem3 : PowerCC26XX.oem3 (.text:Power_sleep)
                  00001718    0000021e     rtsv7M3_T_le_eabi.lib : ll_div_t2.obj (.text)
                  00001936    00000002     RFCC26XX_singleMode.obj (.text:defaultErrCb$14)
                  00001938    000001ec     drivers_cc13xxware.aem3 : PowerCC26XX_calibrateRCOSC.oem3 (.text:calibrateRcoscHf1)
                  00001b24    000001c1     adxl_sensor.obj (.text:ADXL_read)
                  00001ce5    00000001     --HOLE-- [fill = 0]
                  00001ce6    00000002     drivers_cc13xxware.aem3 : PowerCC26XX.oem3 (.text:emptyClockFunc)
                  00001ce8    000001a8     PINCC26XX.obj (.text:PIN_init)
                  00001e90    000001a8     RFCC26XX_singleMode.obj (.text:abortCmd$14)
                  00002038    000001a0     drivers_cc13xxware.aem3 : PowerCC26XX_calibrateRCOSC.oem3 (.text:PowerCC26XX_doCalibrate)
                  000021d8    00000190     ysu_sensortag.obj (.text:SensorTag_init$38)
                  00002368    0000018e     BME688_api.obj (.text:read_field_data$5)
                  000024f6    00000002     rtsv7M3_T_le_eabi.lib : i_div0.obj (.text)
                  000024f8    00000170     RFCC26XX_singleMode.obj (.text:RF_postCmd)
                  00002668    00000154     BME688_api.obj (.text:get_calib_data$5)
                  000027bc    00000144     BME688_api.obj (.text:bme68x_set_conf)
                  00002900    00000130     driverlib.lib : setup.obj (.text:NOROM_SetupAfterColdResetWakeupFromShutDownCfg3)
                  00002a30    0000012c     drivers_cc13xxware.aem3 : PowerCC26XX.oem3 (.text:Power_init)
                  00002b5c    00000128     RFCC26XX_singleMode.obj (.text:fsmSetupState$14)
                  00002c84    00000120     peripheral.obj (.text:GAPRole_GetParameter)
                  00002da4    00000110     RFCC26XX_singleMode.obj (.text:hwiFxnCpe0Active$14)
                  00002eb4    000000fc     peripheral.obj (.text:gapRole_taskFxn$30)
                  00002fb0    000000f8     drivers_cc13xxware.aem3 : I2CCC26XX.oem3 (.text:I2CCC26XX_open)
                  000030a8    000000f8     app_ble_pem3.oem3 (.text:xdc_runtime_System_printfExtend__I)
                  000031a0    000000ec     icall.obj (.text:ICall_primWaitMatch$22)
                  0000328c    000000ec     driverlib.lib : setup.obj (.text:NOROM_SetupAfterColdResetWakeupFromShutDownCfg2)
                  00003378    000000ec     RFCC26XX_singleMode.obj (.text:rf_init$14)
                  00003464    000000e8     drivers_cc13xxware.aem3 : I2CCC26XX.oem3 (.text:I2CCC26XX_hwiFxn)
                  0000354c    000000d8     driverlib.lib : rfc.obj (.text:NOROM_RFCRTrim)
                  00003624    000000d4                   : rfc.obj (.text:NOROM_RFCRfTrimRead)
                  000036f8    000000d4     drivers_cc13xxware.aem3 : PowerCC26XX.oem3 (.text:Power_releaseDependency)
                  000037cc    000000d0                             : PowerCC26XX.oem3 (.text:Power_setDependency)
                  0000389c    000000cc     driverlib.lib : setup.obj (.text:TrimAfterColdResetWakeupFromShutDown)
                  00003968    000000c8     RFCC26XX_singleMode.obj (.text:fsmPowerUpState$14)
                  00003a30    000000c8     bme688.obj (.text:sensorTaskFxn$7)
                  00003af8    000000c4     bme688service.obj (.text:sensor_WriteAttrCB$6)
                  00003bbc    000000c4     RFCC26XX_singleMode.obj (.text:swiFxnHw$14)
                  00003c80    000000c2     drivers_cc13xxware.aem3 : I2CCC26XX.oem3 (.text:I2CCC26XX_transfer)
                  00003d42    00000002     rtsv7M3_T_le_eabi.lib : l_div0.obj (.text)
                  00003d44    000000c0     RFCC26XX_singleMode.obj (.text:RF_open)
                  00003e04    000000bc     power_cc13xx_tirtos.aem3 : PowerCC26XX_tirtos.oem3 (.text:PowerCC26XX_standbyPolicy)
                  00003ec0    000000b8     adxl_service.obj (.text:sensor_WriteAttrCB$1)
                  00003f78    000000b4     PINCC26XX.obj (.text:PINCC26XX_setIoCfg$13)
                  0000402c    000000b0     BME688_api.obj (.text:calc_pressure$5)
                  000040dc    000000b0     devinfoservice.obj (.text:devInfo_ReadAttrCB$27)
                  0000418c    000000ac     BME688_api.obj (.text:calc_gas_resistance_low$5)
                  00004238    000000a8     BME688_api.obj (.text:bme68x_set_heatr_conf)
                  000042e0    000000a4     devinfoservice.obj (.text:DevInfo_SetParameter)
                  00004384    000000a4     driverlib.lib : setup.obj (.text:NOROM_SetupTrimDevice)
                  00004428    000000a4     ccservice.obj (.text:ccService_WriteAttrCB$36)
                  000044cc    000000a0     driverlib.lib : setup.obj (.text:NOROM_SetupAfterColdResetWakeupFromShutDownCfg1)
                  0000456c    000000a0     auto_init.aem3 : auto_init.oem3 (.text)
                  0000460c    000000a0     BME688_api.obj (.text:bme68x_set_regs)
                  000046ac    000000a0     peripheral.obj (.text:gapRole_init$30)
                  0000474c    000000a0     rom_sysbios.aem3 : rom_sysbios.obj (.text:ti_sysbios_knl_Task_setPri__E)
                  000047ec    0000009c     ysu_sensortag.obj (.text:SensorTag_processStateChangeEvt$38)
                  00004888    0000009c     rtsv7M3_T_le_eabi.lib : memcpy_t2.obj (.text)
                  00004924    0000009a     rom_sysbios.aem3 : rom_sysbios.obj (.text:xdc_runtime_Text_putSite__E)
                  000049be    00000002                      : rom_sysbios.obj (.text:ti_sysbios_BIOS_linkedWithIncorrectBootLibrary__E)
                  000049c0    00000098     PINCC26XX.obj (.text:PIN_open)
                  00004a58    00000098     rom_sysbios.aem3 : rom_sysbios.obj (.text:ti_sysbios_knl_Clock_workFuncDynamic__E)
                  00004af0    00000094     gattservapp_util.obj (.text:GATTServApp_ProcessCharCfg)
                  00004b84    00000094     rom_sysbios.aem3 : rom_sysbios.obj (.text:xdc_runtime_Text_putMod__E)
                  00004c18    00000090     drivers_cc13xxware.aem3 : I2CCC26XX.oem3 (.text:I2CCC26XX_cancel)
                  00004ca8    00000090     BME688_api.obj (.text:bme68x_set_op_mode)
                  00004d38    00000090     drivers_cc13xxware.aem3 : PowerCC26XX.oem3 (.text:switchXOSCHFclockFunc)
                  00004dc8    0000008c                             : I2CCC26XX.oem3 (.text:I2CCC26XX_primeTransfer)
                  00004e54    0000008c     driverlib.lib : osc.obj (.text:NOROM_OSCHF_GetStartupTime)
                  00004ee0    0000008c     BME688_api.obj (.text:calc_humidity$5)
                  00004f6c    0000008c     drivers_cc13xxware.aem3 : PowerCC26XX.oem3 (.text:disableLFClockQualifiers)
                  00004ff8    00000088     ysu_sensortag.obj (.text:SensorTag_taskFxn$38)
                  00005080    00000088     drivers_cc13xxware.aem3 : PowerCC26XX_calibrateRCOSC.oem3 (.text:calibrateRcoscHf2)
                  00005108    00000084     icall.obj (.text:ICall_heapMalloc)
                  0000518c    00000084     icall.obj (.text:ICall_primSetTimer$22)
                  00005210    00000084     TRNGCC26XX.obj (.text:TRNGCC26XX_getNumber)
                  00005294    00000084     bme688_driver.obj (.text:bme68x_i2c_write)
                  00005318    00000080     RFCC26XX_singleMode.obj (.text:RF_pendCmd)
                  00005398    00000080     i2c_interface.obj (.text:aquireI2CInterface)
                  00005418    00000080     BME688_api.obj (.text:calc_res_heat$5)
                  00005498    0000007c     icall.obj (.text:ICall_createRemoteTasks)
                  00005514    0000007a     rtsv7M3_T_le_eabi.lib : memset_t2.obj (.text)
                  0000558e    00000078     BME688_api.obj (.text:set_conf$5)
                  00005606    00000002     app_ble_pem3.oem3 (.text:ti_sysbios_BIOS_nullFunc__I)
                  00005608    00000074     icall_cc2650.obj (.text:ICallPlatform_pwrUpdActivityCounter)
                  0000567c    00000074     icall.obj (.text:ICall_primSend$22)
                  000056f0    00000074     drivers_cc13xxware.aem3 : PowerCC26XX_calibrateRCOSC.oem3 (.text:PowerCC26XX_auxISR)
                  00005764    00000074     peripheral.obj (.text:gapRole_startConnUpdate$30)
                  000057d8    00000074     main.obj (.text:main)
                  0000584c    00000074     adxl343.obj (.text:sensorTaskFxn$0)
                  000058c0    00000070     driverlib.lib : chipinfo.obj (.text:NOROM_ChipInfo_GetHwRevision)
                  00005930    00000070                   : setup.obj (.text:NOROM_SetupSetVddrLevel)
                  000059a0    0000006d     rom_sysbios.aem3 : rom_sysbios.obj (.text:xdc_runtime_System_formatNum__I)
                  00005a0d    00000001     --HOLE-- [fill = 0]
                  00005a0e    00000002                      : rom_sysbios.obj (.text:ti_sysbios_knl_Clock_triggerFunc__I)
                  00005a10    0000006c     adxl343.obj (.text:ADXL_processCharChangeEvt)
                  00005a7c    0000006c     bme688.obj (.text:BME_processCharChangeEvt)
                  00005ae8    0000006c     icall.obj (.text:ICall_heapInit)
                  00005b54    0000006c     driverlib.lib : setup.obj (.text:NOROM_SetupGetTrimForAmpcompCtrl)
                  00005bc0    0000006c     drivers_cc13xxware.aem3 : PowerCC26XX.oem3 (.text:PowerCC26XX_calibrate)
                  00005c2c    0000006c     RFCC26XX_singleMode.obj (.text:fsmPowerDownState$14)
                  00005c98    0000006a     rtsv7M3_T_le_eabi.lib : copy_decompress_rle.obj (.text)
                  00005d02    00000002     app_ble_pem3.oem3 (.text:ti_sysbios_rom_cortexm_cc13xx_CC13xx_badRomRevision__E)
                  00005d04    00000068     driverlib.lib : setup.obj (.text:NOROM_SetupGetTrimForAnabypassValue1)
                  00005d6c    00000068                   : sys_ctrl.obj (.text:NOROM_SysCtrl_DCDC_VoltageConditionalControl)
                  00005dd4    00000068     sensortag_conn_ctrl.obj (.text:SensorTagConnectionControl_update)
                  00005e3c    00000068     gattservapp_util.obj (.text:gattServApp_SendNotiInd$29)
                  00005ea4    00000064     drivers_cc13xxware.aem3 : I2CCC26XX.oem3 (.text:I2CCC26XX_close)
                  00005f08    00000064                             : I2CCC26XX.oem3 (.text:I2CCC26XX_initIO)
                  00005f6c    00000064     driverlib.lib : osc.obj (.text:NOROM_OSCHF_AttemptToSwitchToXosc)
                  00005fd0    00000064     BME688_api.obj (.text:bme68x_get_data)
                  00006034    00000064     BME688_api.obj (.text:bme68x_get_meas_dur)
                  00006098    00000064     bme688_driver.obj (.text:bme68x_i2c_read)
                  000060fc    00000064     rom_sysbios.aem3 : rom_sysbios.obj (.text:ti_sysbios_family_arm_cc26xx_Timer_start__E)
                  00006160    00000060     icall.obj (.text:ICall_primEnroll$22)
                  000061c0    00000060     driverlib.lib : osc.obj (.text:NOROM_OSCClockSourceSet)
                  00006220    00000060     drivers_cc13xxware.aem3 : PowerCC26XX_calibrateRCOSC.oem3 (.text:PowerCC26XX_RCOSC_clockFunc)
                  00006280    00000060     RFCC26XX_singleMode.obj (.text:RF_getCurrentTime)
                  000062e0    00000060     BME688_api.obj (.text:set_mem_page$5)
                  00006340    00000060     drivers_cc13xxware.aem3 : PowerCC26XX_calibrateRCOSC.oem3 (.text:updateSubSecInc)
                  000063a0    0000005e     adxl_service.obj (.text:sensor_ReadAttrCB$1)
                  000063fe    0000005e     bme688service.obj (.text:sensor_ReadAttrCB$6)
                  0000645c    0000005c     icall.obj (.text:ICall_primThreadServes$22)
                  000064b8    0000005c     driverlib.lib : sys_ctrl.obj (.text:NOROM_SysCtrlAdjustRechargeAfterPowerDown)
                  00006514    0000005c     RFCC26XX_singleMode.obj (.text:applyRfCorePatch$14)
                  00006570    0000005c     BME688_api.obj (.text:calc_temperature$5)
                  000065cc    0000005c     RFCC26XX_singleMode.obj (.text:decActiveClientCnt$14)
                  00006628    0000005c     app_ble_pem3.oem3 (.text:xdc_runtime_Startup_getState__I)
                  00006684    0000005b     rom_sysbios.aem3 : rom_sysbios.obj (.text:xdc_runtime_Text_putLab__E)
                  000066df    00000001     --HOLE-- [fill = 0]
                  000066e0    00000058     drivers_cc13xxware.aem3 : I2CCC26XX.oem3 (.text:I2CCC26XX_swiFxn)
                  00006738    00000058     PINCC26XX.obj (.text:PIN_remove)
                  00006790    00000058     drivers_cc13xxware.aem3 : PowerCC26XX_calibrateRCOSC.oem3 (.text:PowerCC26XX_initiateCalibration)
                  000067e8    00000054     adxl_service.obj (.text:ADXL_setParameter)
                  0000683c    00000054     BME688_api.obj (.text:bme68x_soft_reset)
                  00006890    00000054     drivers_cc13xxware.aem3 : PowerCC26XX.oem3 (.text:configureXOSCHF)
                  000068e4    00000054     RFCC26XX_singleMode.obj (.text:fsmXOSCState$14)
                  00006938    00000054     RFCC26XX_singleMode.obj (.text:hwiFxnHw$14)
                  0000698c    00000054     RFCC26XX_singleMode.obj (.text:ratChanFree$14)
                  000069e0    00000052     icall.obj (.text:ICall_primWait$22)
                  00006a32    00000002     rom_sysbios.aem3 : rom_sysbios.obj (.text:xdc_runtime_SysCallback_defaultAbort)
                  00006a34    00000050     bme688service.obj (.text:BME_setParameter)
                  00006a84    00000050     icall_api.obj (.text:GAP_DeviceInit)
                  00006ad4    00000050     icall_api.obj (.text:GAP_UpdateAdvertisingData)
                  00006b24    00000050     icall.obj (.text:ICall_primRegisterApp$22)
                  00006b74    00000050     driverlib.lib : setup.obj (.text:NOROM_SetupSetCacheModeAccordingToCcfgSetting)
                  00006bc4    00000050     RFCC26XX_singleMode.obj (.text:RF_getInfo)
                  00006c14    00000050     RFCC26XX_singleMode.obj (.text:syncCb$14)
                  00006c64    0000004e     BME688_api.obj (.text:bme68x_get_regs)
                  00006cb2    0000004e     ccservice.obj (.text:ccService_ReadAttrCB$36)
                  00006d00    0000004c     icall_cc2650.obj (.text:ICallPlatform_pwrRegisterNotify)
                  00006d4c    0000004c     icall.obj (.text:ICall_newTask$22)
                  00006d98    0000004c     icall.obj (.text:ICall_primGetEntityId$22)
                  00006de4    0000004c     ysu_sensortag.obj (.text:SensorTag_setDeviceInfo$38)
                  00006e30    0000004c     RFCC26XX_singleMode.obj (.text:dispatchOpWhen$14)
                  00006e7c    0000004c     peripheral.obj (.text:gapRole_processStackMsg$30)
                  00006ec8    0000004c     rtsv7M3_T_le_eabi.lib : cpy_tbl.obj (.text)
                  00006f14    0000004a     gattservapp_util.obj (.text:GATTServApp_ProcessCCCWriteReq)
                  00006f5e    00000002     rom_sysbios.aem3 : rom_sysbios.obj (.text:xdc_runtime_SysCallback_defaultExit)
                  00006f60    00000048     drivers_cc13xxware.aem3 : I2CCC26XX.oem3 (.text:I2CCC26XX_initHw)
                  00006fa8    00000048     driverlib.lib : chipinfo.obj (.text:NOROM_ChipInfo_GetChipFamily)
                  00006ff0    00000048     util.obj (.text:Util_constructClock)
                  00007038    00000048     icall_api.obj (.text:gattIndNoti$25)
                  00007080    00000048     drivers_cc13xxware.aem3 : PowerCC26XX.oem3 (.text:notify)
                  000070c8    00000046     bme688_driver.obj (.text:get_data)
                  0000710e    00000002     rom_sysbios.aem3 : rom_sysbios.obj (.text:xdc_runtime_SysCallback_defaultFlush)
                  00007110    00000044     main.obj (.text:AssertHandler)
                  00007154    00000044     icall_api.obj (.text:GAP_TerminateLinkReq)
                  00007198    00000044     PINCC26XX.obj (.text:PIN_swi$13)
                  000071dc    00000044     boot.aem3 : boot.oem3 (.text)
                  00007220    00000044     icall_api.obj (.text:gapSendParamAndPtrCmd$25)
                  00007264    00000044     rtsv7M3_T_le_eabi.lib : exit.obj (.text)
                  000072a8    00000044     rom_sysbios.aem3 : rom_sysbios.obj (.text:xdc_runtime_Text_xprintf__I)
                  000072ec    00000042     icall.obj (.text:ICall_primCreateTask$22)
                  0000732e    00000002     rom_sysbios.aem3 : rom_sysbios.obj (.text:xdc_runtime_SysCallback_defaultPutch)
                  00007330    00000040     peripheral.obj (.text:GAPRole_createTask)
                  00007370    00000040     drivers_cc13xxware.aem3 : PowerCC26XX.oem3 (.text:PowerCC26XX_isStableXOSC_HF)
                  000073b0    00000040     RFCC26XX_singleMode.obj (.text:RF_getRssi)
                  000073f0    00000040     rtsv7M3_T_le_eabi.lib : u_divt2.obj (.text)
                  00007430    0000003c     adxl343.obj (.text:ADXL_createTask)
                  0000746c    0000003c     bme688.obj (.text:BME_createTask)
                  000074a8    0000003c     icall_api.obj (.text:GAP_GetParamValue)
                  000074e4    0000003c     icall_api.obj (.text:GATTServApp_RegisterService)
                  00007520    0000003c     icall_cc2650.obj (.text:ICallPlatform_pwrConfigACAction)
                  0000755c    0000003c     driverlib.lib : osc.obj (.text:NOROM_OSC_HPOSCRelativeFrequencyOffsetGet)
                  00007598    0000003c                   : rfc.obj (.text:NOROM_RFCSynthPowerDown)
                  000075d4    0000003c     RFCC26XX_singleMode.obj (.text:RF_runCmd)
                  00007610    0000003c     ysu_sensortag.obj (.text:SensorTag_createTask)
                  0000764c    0000003c     RFCC26XX_singleMode.obj (.text:postDirImmCmd$14)
                  00007688    0000003c     icall_api.obj (.text:sendWaitMatchCS$25)
                  000076c4    0000003c     icall_api.obj (.text:sendWaitMatchValueCS$25)
                  00007700    00000038     icall_api.obj (.text:GAPBondMgr_LinkEst)
                  00007738    00000038     peripheral.obj (.text:GAPRole_SendUpdateParam)
                  00007770    00000038     drivers_cc13xxware.aem3 : I2C.oem3 (.text:I2C_init)
                  000077a8    00000038     icall.obj (.text:ICall_primGetMaxMSecs$22)
                  000077e0    00000038     util.obj (.text:Util_restartClock)
                  00007818    00000038     peripheral.obj (.text:gapRole_HandleParamUpdateNoSuccess$30)
                  00007850    00000038     icall_api.obj (.text:linkDB_NumConns)
                  00007888    00000038     rom_sysbios.aem3 : rom_sysbios.obj (.text:ti_sysbios_family_arm_cc26xx_Timer_getCurrentTick__E)
                  000078c0    00000036     icall_api.obj (.text:profileSetParameter$25)
                  000078f6    00000036     RFCC26XX_singleMode.obj (.text:updateImplicitState$14)
                  0000792c    00000034     icall_api.obj (.text:GAPBondMgr_SetParameter)
                  00007960    00000034     icall_api.obj (.text:GAP_SetParamValue)
                  00007994    00000034     icall.obj (.text:ICall_primEntityId2ServiceId$22)
                  000079c8    00000034     icall.obj (.text:ICall_primFetchMsg$22)
                  000079fc    00000034     icall.obj (.text:ICall_primRegisterISR$22)
                  00007a30    00000034     icall.obj (.text:ICall_primRegisterISR_Ext$22)
                  00007a64    00000034     icall.obj (.text:ICall_searchServiceEntity)
                  00007a98    00000034     driverlib.lib : osc.obj (.text:NOROM_OSCHF_SwitchToRcOscTurnOffXosc)
                  00007acc    00000034                   : trng.obj (.text:NOROM_TRNGConfigure)
                  00007b00    00000034     PINCC26XX.obj (.text:PIN_setOutputValue)
                  00007b34    00000034     RFCC26XX_singleMode.obj (.text:Q_push$14)
                  00007b68    00000034     BME688_api.obj (.text:bme68x_init)
                  00007b9c    00000034     bme688_driver.obj (.text:init_bme)
                  00007bd0    00000034     icall_api.obj (.text:osal_snv_read)
                  00007c04    00000034     icall_api.obj (.text:osal_snv_write)
                  00007c38    00000034     icall_api.obj (.text:profileAddService$25)
                  00007c6c    00000032     icall_api.obj (.text:gapSendParamsCmd$25)
                  00007c9e    00000032     icall_api.obj (.text:gapSendPtrParamsCmd$25)
                  00007cd0    00000032     BME688_api.obj (.text:get_mem_page$5)
                  00007d02    00000032     icall_api.obj (.text:matchGapSetGetParamCS$25)
                  00007d34    00000032     icall_api.obj (.text:matchGattCmdStatus$25)
                  00007d66    00000032     icall_api.obj (.text:matchUtilNvCS$25)
                  00007d98    00000032     rom_sysbios.aem3 : rom_sysbios.obj (.text:ti_sysbios_family_arm_cc26xx_Timer_setNextTick__E)
                  00007dca    00000002     --HOLE-- [fill = 0]
                  00007dcc    00000030     drivers_cc13xxware.aem3 : I2C.oem3 (.text:I2C_open)
                  00007dfc    00000030     icall_cc2650.obj (.text:ICallPlatform_pwrNotify$23)
                  00007e2c    00000030     icall.obj (.text:ICall_msecs2Ticks$22)
                  00007e5c    00000030     icall.obj (.text:ICall_searchTask$22)
                  00007e8c    00000030     driverlib.lib : setup.obj (.text:NOROM_SetupSetAonRtcSubSecInc)
                  00007ebc    00000030     drivers_cc13xxware.aem3 : PowerCC26XX.oem3 (.text:Power_releaseConstraint)
                  00007eec    00000030                             : PowerCC26XX.oem3 (.text:Power_setConstraint)
                  00007f1c    00000030     bme688_driver.obj (.text:bme68x_interface_init)
                  00007f4c    00000030     app_ble_pem3.oem3 (.text:ti_sysbios_BIOS_atExitFunc__I)
                  00007f7c    00000030     app_ble_pem3.oem3 (.text:ti_sysbios_BIOS_startFunc__I)
                  00007fac    00000030     rom_sysbios.aem3 : rom_sysbios.obj (.text:ti_sysbios_family_arm_cc26xx_Timer_initDevice__I)
                  00007fdc    00000030                      : rom_sysbios.obj (.text:ti_sysbios_family_arm_cc26xx_Timer_setThreshold__I)
                  0000800c    0000002f                      : rom_sysbios.obj (.text:xdc_runtime_Text_printVisFxn__I)
                  0000803b    00000001     --HOLE-- [fill = 0]
                  0000803c    0000002e     icall_cc2650.obj (.text:ICallPlatform_pwrDispenseImpl$23)
                  0000806a    0000002e     icall_cc2650.obj (.text:ICallPlatform_pwrRequireImpl$23)
                  00008098    0000002e     peripheral.obj (.text:ICall_fetchServiceMsg$30)
                  000080c6    0000002e     ysu_sensortag.obj (.text:ICall_fetchServiceMsg$38)
                  000080f4    0000002e     icall.obj (.text:ICall_msgDequeue$22)
                  00008122    0000002e     icall_api.obj (.text:matchProfileAddServiceCS$25)
                  00008150    0000002c     adxl343.obj (.text:ADXL_init)
                  0000817c    0000002c     bme688.obj (.text:BME_init)
                  000081a8    0000002c     icall.obj (.text:ICall_heapFree)
                  000081d4    0000002c     adxl_service.obj (.text:ICall_malloc$1)
                  00008200    0000002c     bme688service.obj (.text:ICall_malloc$6)
                  0000822c    0000002c     icall.obj (.text:ICall_msgEnqueue$22)
                  00008258    0000002c     icall.obj (.text:ICall_primAllocMsg$22)
                  00008284    0000002c     icall.obj (.text:ICall_primFetchServiceMsg$22)
                  000082b0    0000002c     icall_api.obj (.text:ICall_sendServiceMsg$25)
                  000082dc    0000002c     driverlib.lib : ddi.obj (.text:NOROM_DDI32RegWrite)
                  00008308    0000002c                   : osc.obj (.text:NOROM_OSCClockSourceGet)
                  00008334    0000002c                   : setup.obj (.text:NOROM_SetupGetTrimForRadcExtCfg)
                  00008360    0000002c     PINCC26XX.obj (.text:PINCC26XX_setMux)
                  0000838c    0000002c     PINCC26XX.obj (.text:PIN_setConfig)
                  000083b8    0000002c     BME688_api.obj (.text:boundary_check$5)
                  000083e4    0000002c     bme688_driver.obj (.text:config_bme)
                  00008410    0000002c     RFCC26XX_singleMode.obj (.text:getCmd$14)
                  0000843c    0000002c     rom_sysbios.aem3 : rom_sysbios.obj (.text:ti_sysbios_knl_Clock_getTicksUntilInterrupt__E)
                  00008468    0000002c     st_util.obj (.text:utilExtractUuid16)
                  00008494    0000002a     icall_api.obj (.text:ICall_waitMatch$25)
                  000084be    0000002a     TRNGCC26XX.obj (.text:TRNGCC26XX_isParamValid)
                  000084e8    0000002a     util.obj (.text:Util_enqueueMsg)
                  00008512    0000002a     icall_api.obj (.text:matchProfileCS$25)
                  0000853c    0000002a     rom_sysbios.aem3 : rom_sysbios.obj (.text:xdc_runtime_System_putchar__I)
                  00008566    00000002     --HOLE-- [fill = 0]
                  00008568    00000028     adxl_service.obj (.text:ADXL_addService)
                  00008590    00000028     bme688service.obj (.text:BME_addService)
                  000085b8    00000028     bme688service.obj (.text:BME_getParameter)
                  000085e0    00000028     ccservice.obj (.text:CcService_setParameter)
                  00008608    00000028     gattservapp_util.obj (.text:GATTServApp_WriteCharCfg)
                  00008630    00000028     icall.obj (.text:ICall_init)
                  00008658    00000028     icall.obj (.text:ICall_msgPrepend$22)
                  00008680    00000028     adxl343.obj (.text:ICall_registerApp$0)
                  000086a8    00000028     peripheral.obj (.text:ICall_registerApp$30)
                  000086d0    00000028     ysu_sensortag.obj (.text:ICall_registerApp$38)
                  000086f8    00000028     bme688.obj (.text:ICall_registerApp$7)
                  00008720    00000028     driverlib.lib : aon_batmon.obj (.text:NOROM_AONBatMonTemperatureGetDegC)
                  00008748    00000028     drivers_cc13xxware.aem3 : PowerCC26XX.oem3 (.text:PowerCC26XX_switchXOSC_HF)
                  00008770    00000028                             : PowerCC26XX.oem3 (.text:Power_registerNotify)
                  00008798    00000028     driverlib.lib : adi.obj (.text:SafeHapiVoid)
                  000087c0    00000028     ysu_sensortag.obj (.text:SensorTag_enqueueMsg$38)
                  000087e8    00000028     TRNGCC26XX.obj (.text:TRNGCC26XX_init)
                  00008810    00000028     RFCC26XX_singleMode.obj (.text:clkPowerUpFxn$14)
                  00008838    00000028     gattservapp_util.obj (.text:gattServApp_FindCharCfgItem$29)
                  00008860    00000028     rom_sysbios.aem3 : rom_sysbios.obj (.text:ti_sysbios_family_arm_cc26xx_Timer_getMaxTicks__E)
                  00008888    00000026     drivers_cc13xxware.aem3 : List.oem3 (.text:List_put)
                  000088ae    00000002     --HOLE-- [fill = 0]
                  000088b0    00000024     adxl_service.obj (.text:ADXL_getParameter)
                  000088d4    00000024     adxl343.obj (.text:ADXL_reset)
                  000088f8    00000024     bme688.obj (.text:BME_reset)
                  0000891c    00000024     icall_api.obj (.text:GAPBondMgr_LinkTerm)
                  00008940    00000024     icall_api.obj (.text:GAPBondMgr_Register)
                  00008964    00000024     icall_api.obj (.text:ICall_getLocalMsgEntityId$25)
                  00008988    00000024     icall_api.obj (.text:ICall_threadServes$25)
                  000089ac    00000024     PINCC26XX.obj (.text:PINCC26XX_getPinCount)
                  000089d0    00000024     simple_peripheral.obj (.text:SimpleBLEPeripheral_enqueueMsg$3)
                  000089f4    00000024     BME688_api.obj (.text:bme68x_get_op_mode)
                  00008a18    00000024     BME688_api.obj (.text:calc_gas_wait$5)
                  00008a3c    00000024     drivers_cc13xxware.aem3 : PowerCC26XX_calibrateRCOSC.oem3 (.text:getTdcSemaphore)
                  00008a60    00000024     RFCC26XX_singleMode.obj (.text:hwiFxnCpe0PowerFsm$14)
                  00008a84    00000024     main.obj (.text:rFSwitchNotifyCb$34)
                  00008aa8    00000024     app_ble_pem3.oem3 (.text:ti_sysbios_BIOS_registerRTSLock__I)
                  00008acc    00000024     app_ble_pem3.oem3 (.text:ti_sysbios_BIOS_removeRTSLock__I)
                  00008af0    00000024     rom_sysbios.aem3 : rom_sysbios.obj (.text:xdc_runtime_System_vprintf__E)
                  00008b14    00000022     icall.obj (.text:ICall_dispatch$22)
                  00008b36    00000022     ysu_sensortag.obj (.text:ICall_malloc$38)
                  00008b58    00000022     util.obj (.text:ICall_malloc$4)
                  00008b7a    00000022     bme688_driver.obj (.text:config_heatr)
                  00008b9c    00000020     gattservapp_util.obj (.text:GATTServApp_InitCharCfg)
                  00008bbc    00000020     icall_api.obj (.text:GATT_bm_alloc)
                  00008bdc    00000020     icall_api.obj (.text:ICall_allocMsg$25)
                  00008bfc    00000020     icall_api.obj (.text:ICall_getEntityId$25)
                  00008c1c    00000020     devinfoservice.obj (.text:ICall_malloc$27)
                  00008c3c    00000020     simple_peripheral.obj (.text:ICall_malloc$3)
                  00008c5c    00000020     icall.obj (.text:ICall_primService$22)
                  00008c7c    00000020     icall.obj (.text:ICall_searchService$22)
                  00008c9c    00000020     driverlib.lib : rfc.obj (.text:NOROM_RFCAdi3VcoLdoVoltageMode)
                  00008cbc    00000020                   : rfc.obj (.text:NOROM_RFCDoorbellSendTo)
                  00008cdc    00000020                   : setup.obj (.text:NOROM_SetupGetTrimForXoscHfCtl)
                  00008cfc    00000020     drivers_cc13xxware.aem3 : PowerCC26XX.oem3 (.text:Power_unregisterNotify)
                  00008d1c    00000020     RFCC26XX_singleMode.obj (.text:allocCmd$14)
                  00008d3c    00000020     BME688_api.obj (.text:calc_gas_resistance_high$5)
                  00008d5c    00000020     BME688_api.obj (.text:read_variant_id$5)
                  00008d7c    00000020     app_ble_pem3.oem3 (.text:ti_sysbios_BIOS_rtsLock__I)
                  00008d9c    00000020     rom_sysbios.aem3 : rom_sysbios.obj (.text:ti_sysbios_knl_Clock_stop__E)
                  00008dbc    00000020                      : rom_sysbios.obj (.text:xdc_runtime_Registry_findById__E)
                  00008ddc    0000001e     icall.obj (.text:ICall_primSendServiceMsg$22)
                  00008dfa    0000001e     PINCC26XX.obj (.text:PIN_close)
                  00008e18    0000001e     drivers_cc13xxware.aem3 : PowerCC26XX.oem3 (.text:Power_getTransitionLatency)
                  00008e36    0000001e     bme688.obj (.text:initCharacteristicValue$7)
                  00008e54    0000001e     icall_api.obj (.text:waitMatchCS$25)
                  00008e72    00000002     --HOLE-- [fill = 0]
                  00008e74    0000001c     icall_api.obj (.text:GATT_bm_free)
                  00008e90    0000001c     icall.obj (.text:ICall_initPrim$22)
                  00008eac    0000001c     peripheral.obj (.text:ICall_wait$30)
                  00008ec8    0000001c     ysu_sensortag.obj (.text:ICall_wait$38)
                  00008ee4    0000001c     driverlib.lib : setup.obj (.text:NOROM_SetupGetTrimForAmpcompTh2)
                  00008f00    0000001c                   : setup.obj (.text:NOROM_SetupGetTrimForRcOscLfRtuneCtuneTrim)
                  00008f1c    0000001c     PINCC26XX.obj (.text:PINCC26XX_setIoCfgMux$13)
                  00008f38    0000001c     PINCC26XX.obj (.text:PIN_hwi$13)
                  00008f54    0000001c     RFCC26XX_singleMode.obj (.text:RF_runDirectCmd)
                  00008f70    0000001c     RFCC26XX_singleMode.obj (.text:RF_runImmediateCmd)
                  00008f8c    0000001c     ysu_sensortag.obj (.text:SensorTag_processAppMsg$38)
                  00008fa8    0000001c     TRNGCC26XX.obj (.text:TRNGCC26XX_open)
                  00008fc4    0000001c     icall_api.obj (.text:getStatusValueFromErrNo$25)
                  00008fe0    0000001c     TRNGCC26XX.obj (.text:openTRNG)
                  00008ffc    0000001c     rom_sysbios.aem3 : rom_sysbios.obj (.text:ti_sysbios_family_arm_cc26xx_Timer_dynamicStub__E)
                  00009018    0000001a     icall.obj (.text:ICall_enterCSImpl)
                  00009032    0000001a     icall.obj (.text:ICall_primSetTimerMSecs$22)
                  0000904c    0000001a     drivers_cc13xxware.aem3 : List.oem3 (.text:List_remove)
                  00009066    0000001a     util.obj (.text:Util_dequeueMsg)
                  00009080    0000001a     icall_api.obj (.text:matchGattIndNotiCS$25)
                  0000909a    0000001a     BME688_api.obj (.text:null_ptr_check$5)
                  000090b4    0000001a     rom_sysbios.aem3 : rom_sysbios_config.obj (.text:xdc_runtime_System_printf__E)
                  000090ce    00000002     --HOLE-- [fill = 0]
                  000090d0    00000018     adxl_service.obj (.text:ADXL_registerAppCBs)
                  000090e8    00000018     bme688service.obj (.text:BME_registerAppCBs)
                  00009100    00000018     peripheral.obj (.text:GAPRole_TerminateConnection)
                  00009118    00000018     icall_api.obj (.text:GATT_Notification)
                  00009130    00000018     icall_cc2650.obj (.text:ICallPlatform_pwrDispense)
                  00009148    00000018     icall_cc2650.obj (.text:ICallPlatform_pwrRequire)
                  00009160    00000018     devinfoservice.obj (.text:ICall_free$27)
                  00009178    00000018     ysu_sensortag.obj (.text:ICall_free$38)
                  00009190    00000018     util.obj (.text:ICall_free$4)
                  000091a8    00000018     icall.obj (.text:ICall_freeMsg$22)
                  000091c0    00000018     icall_api.obj (.text:ICall_freeMsg$25)
                  000091d8    00000018     peripheral.obj (.text:ICall_freeMsg$30)
                  000091f0    00000018     ysu_sensortag.obj (.text:ICall_freeMsg$38)
                  00009208    00000018     icall.obj (.text:ICall_primMalloc$22)
                  00009220    00000018     driverlib.lib : aon_rtc.obj (.text:NOROM_AONRTCCurrentCompareValueGet)
                  00009238    00000018                   : chipinfo.obj (.text:NOROM_ChipInfo_GetPackageType)
                  00009250    00000018                   : osc.obj (.text:NOROM_OSCHF_TurnOnXosc)
                  00009268    00000018                   : rfc.obj (.text:NOROM_RFCCpeIntGetAndClear)
                  00009280    00000018                   : setup.obj (.text:NOROM_SetupGetTrimForAdcShModeEn)
                  00009298    00000018                   : setup.obj (.text:NOROM_SetupGetTrimForAdcShVbufEn)
                  000092b0    00000018                   : setup.obj (.text:NOROM_SetupGetTrimForAmpcompTh1)
                  000092c8    00000018                   : setup.obj (.text:NOROM_SetupGetTrimForDblrLoopFilterResetVoltage)
                  000092e0    00000018                   : setup.obj (.text:NOROM_SetupGetTrimForRcOscLfIBiasTrim)
                  000092f8    00000018                   : setup.obj (.text:NOROM_SetupGetTrimForXoscLfRegulatorAndCmirrwrRatio)
                  00009310    00000018     drivers_cc13xxware.aem3 : PowerCC26XX.oem3 (.text:Power_idleFunc)
                  00009328    00000018     RFCC26XX_singleMode.obj (.text:Q_pop$14)
                  00009340    00000018     ysu_sensortag.obj (.text:SensorTag_processCharValueChangeEvt$38)
                  00009358    00000018     ysu_sensortag.obj (.text:SensorTag_updateAdvertisingData)
                  00009370    00000018     drivers_cc13xxware.aem3 : PowerCC26XX.oem3 (.text:configureRFCoreClocks)
                  00009388    00000018     peripheral.obj (.text:gapRole_setEvent$30)
                  000093a0    00000018     adxl343.obj (.text:initCharacteristicValue$0)
                  000093b8    00000018     rtsv7M3_T_le_eabi.lib : args_main.obj (.text)
                  000093d0    00000018                           : ll_mul_t2.obj (.text)
                  000093e8    00000018     RFCC26XX_singleMode.obj (.text:swiFxnFsm$14)
                  00009400    00000018     app_ble_pem3.oem3 (.text:ti_sysbios_BIOS_rtsUnlock__I)
                  00009418    00000018     rom_sysbios.aem3 : rom_sysbios.obj (.text:ti_sysbios_knl_Swi_or__E)
                  00009430    00000018     app_ble_pem3.oem3 (.text:ti_sysbios_rom_cortexm_cc13xx_CC13xx_checkRevision__E)
                  00009448    00000016     icall.obj (.text:ICall_abort$22)
                  0000945e    00000016     icall.obj (.text:ICall_leaveCSImpl)
                  00009474    00000016     icall.obj (.text:ICall_primStopTimer$22)
                  0000948a    00000016     driverlib.lib : chipinfo.obj (.text:NOROM_ThisCodeIsBuiltForCC13xxHwRev20AndLater_HaltIfViolated)
                  000094a0    00000016     ble_user_config.obj (.text:driverTable_fnSpinlock)
                  000094b6    00000016     app_ble_pem3.oem3 (.text:ti_sysbios_BIOS_exitFunc__I)
                  000094cc    00000014     devinfoservice.obj (.text:DevInfo_AddService)
                  000094e0    00000014     peripheral.obj (.text:GAPRole_StartDevice)
                  000094f4    00000014     driverlib.lib : aon_rtc.obj (.text:NOROM_AONRTCCurrent64BitValueGet)
                  00009508    00000014     RFCC26XX_singleMode.obj (.text:RF_Params_init)
                  0000951c    00000014     ysu_sensortag.obj (.text:SensorTag_clockHandler$38)
                  00009530    00000014     rtsv7M3_T_le_eabi.lib : _lock.obj (.text)
                  00009544    00000014                           : strlen.obj (.text)
                  00009558    00000014     icall_api.obj (.text:setICallCmdEvtHdr$25)
[...]
1001c2d5  ti_sysbios_knl_Queue_next__E                                              
1001c2d9  ti_sysbios_knl_Semaphore_delete                                           
1001c2dd  ti_sysbios_knl_Semaphore_destruct                                         
1001c2e1  ti_sysbios_knl_Swi_delete                                                 
1001c2e5  ti_sysbios_knl_Swi_destruct                                               
1001c2e9  ti_sysbios_knl_Swi_postInit__I                                            
1001c2ed  ti_sysbios_knl_Task_SupportProxy_Module__startupDone__S                   
1001c2f1  ti_sysbios_knl_Task_SupportProxy_getStackAlignment__E                     
1001c2f5  ti_sysbios_knl_Task_SupportProxy_start__E                                 
1001c2f9  ti_sysbios_knl_Task_SupportProxy_swap__E                                  
1001c2fd  ti_sysbios_knl_Task_delete                                                
1001c301  ti_sysbios_knl_Task_destruct                                              
1001c305  ti_sysbios_knl_Task_startup__E                                            
1001c309  xdc_runtime_Startup_startMods__I                                          
1001c401  xdc_runtime_Core_createObject__I                                          
1001c483  xdc_runtime_Error_policySpin__E                                           
1001c485  xdc_runtime_Memory_alloc__E                                               
1001c4f5  xdc_runtime_Core_deleteObject__I                                          
1001c555  xdc_runtime_Startup_exec__E                                               
1001c5a5  xdc_runtime_Assert_raise__I                                               
1001c5ed  xdc_runtime_Core_assignParams__I                                          
1001c635  xdc_runtime_Core_constructObject__I                                       
1001c67d  xdc_runtime_System_atexit__E                                              
1001c6b5  xdc_runtime_System_processAtExit__E                                       
1001c6e9  xdc_runtime_Core_assignLabel__I                                           
1001c719  xdc_runtime_Text_cordText__E                                              
1001c745  xdc_runtime_System_abort__E                                               
1001c765  xdc_runtime_Error_raiseX__E                                               
1001c781  xdc_runtime_Memory_valloc__E                                              
1001c79d  xdc_runtime_Core_destructObject__I                                        
1001c7b5  xdc_runtime_Error_check__E                                                
1001c7cd  xdc_runtime_System_exit__E                                                
1001c7e5  xdc_runtime_Text_ropeText__E                                              
1001c7fd  xdc_runtime_Memory_free__E                                                
1001c80d  xdc_runtime_SysCallback_abort__E                                          
1001c81d  xdc_runtime_SysCallback_exit__E                                           
1001c82d  xdc_runtime_Timestamp_SupportProxy_get32__E                               
1001c82d  xdc_runtime_Timestamp_get32__E                                            
1001c83d  xdc_runtime_Error_init__E                                                 
1001c849  xdc_runtime_Memory_calloc__E                                              
1001c855  xdc_runtime_Memory_getMaxDefaultTypeAlign__E                              
1001c875  xdc_runtime_Gate_leaveSystem__E                                           
1001c87b  xdc_runtime_System_Module_startup__E                                      
1001c881  xdc_runtime_Gate_enterSystem__E                                           
1001c885  xdc_runtime_Memory_HeapProxy_alloc__E                                     
1001c889  xdc_runtime_Memory_HeapProxy_free__E                                      
1001c88d  xdc_runtime_System_Module_GateProxy_enter__E                              
1001c891  xdc_runtime_System_Module_GateProxy_leave__E                              
1001c895  xdc_runtime_System_abortSpin__E                                           
1001c897  xdc_runtime_System_exitSpin__E                                            
1001c899  ti_sysbios_family_arm_m3_Hwi_dispatch__I                                  
1001c969  ti_sysbios_family_arm_m3_TaskSupport_buildTaskStack                       
1001c9b5  ti_sysbios_family_arm_m3_Hwi_initStacks__E                                
1001c9fd  ti_sysbios_family_arm_m3_Hwi_excHandlerAsm__I                             
1001ca1d  ti_sysbios_family_xxx_Hwi_switchAndRunFunc                                
1001ca3b  ti_sysbios_family_arm_m3_Hwi_pendSV__I                                    
1001ca53  ti_sysbios_family_arm_m3_Hwi_return                                       
1001ca55  ti_sysbios_family_arm_m3_TaskSupport_glue                                 
1001ca65  ti_sysbios_family_arm_m3_TaskSupport_swap__E                              
1001ca6d  ti_sysbios_knl_Task_swapReturn                                            
1001ca97  ti_sysbios_rom_cortexm_cc13xx_CC13xx_getRevision__E                       
20000000  ti_sysbios_family_arm_m3_Hwi_ramVectors                                   
20000100  ti_sysbios_knl_Task_Module__state__V                                      
20000144  ti_sysbios_family_arm_m3_Hwi_Module__state__V                             
20000178  ti_sysbios_knl_Clock_Module__state__V                                     
200001a4  ti_sysbios_BIOS_Module__state__V                                          
200001c8  ti_sysbios_knl_Swi_Module__state__V                                       
200001e4  ti_sysbios_family_arm_cc26xx_Timer_Module__state__V                       
200001ec  ti_sysbios_family_arm_cc26xx_TimestampProvider_Module__state__V           
200001f0  xdc_runtime_Startup_Module__state__V                                      
200001f8  xdc_runtime_System_Module__state__V                                       
20000200  xdc_runtime_Memory_Module__state__V                                       
20000208  gapProfileState                                                           
20000209  selfEntityMain                                                            
2000020c  sem                                                                       
200006d6  bmeRegistered                                                             
20000b38  dispHandle                                                                
20000bc4  sbpTask                                                                   
20000c14  sbpTaskStack                                                              
20000e98  linkDBNumConns                                                            
20000fac  gapRoleTask                                                               
20000ffc  gapRoleTaskStack                                                          
200011b6  adxlRegistered                                                            
2000146c  appAssertCback                                                            
20001880  PowerCC26XX_module                                                        
20001990  ICall_dispatcher                                                          
20001998  ICall_enterCriticalSection                                                
2000199c  ICall_leaveCriticalSection                                                
200019b4  HEAPMGR_SIZE                                                              
20001d74  ti_sysbios_family_arm_cc26xx_Timer_Module__root__V                        
20001d7c  ti_sysbios_family_arm_m3_Hwi_Module__root__V                              
20001d84  ti_sysbios_family_arm_m3_Hwi_Object__table__V                             
20001d9c  ti_sysbios_family_arm_m3_Hwi_Module_State_0_excActive__A                  
20001da0  ti_sysbios_family_arm_m3_Hwi_Module_State_0_excContext__A                 
20001da4  ti_sysbios_family_arm_m3_Hwi_Module_State_0_excStack__A                   
20001da8  ti_sysbios_gates_GateHwi_Module__root__V                                  
20001db0  ti_sysbios_gates_GateHwi_Object__table__V                                 
20001db4  ti_sysbios_gates_GateMutex_Module__root__V                                
20001dbc  ti_sysbios_hal_Hwi_Module__root__V                                        
20001dc4  ti_sysbios_heaps_HeapMem_Module__root__V                                  
20001dcc  ti_sysbios_heaps_HeapMem_Object__table__V                                 
20001de4  ti_sysbios_knl_Clock_Module__root__V                                      
20001dec  ti_sysbios_knl_Clock_Object__table__V                                     
20001e0c  ti_sysbios_knl_Event_Module__root__V                                      
20001e14  ti_sysbios_knl_Mailbox_Module__root__V                                    
20001e1c  ti_sysbios_knl_Queue_Module__root__V                                      
20001e24  ti_sysbios_knl_Semaphore_Module__root__V                                  
20001e2c  ti_sysbios_knl_Swi_Module__root__V                                        
20001e34  ti_sysbios_knl_Task_Module__root__V                                       
20001e3c  ti_sysbios_knl_Task_Module_State_0_idleTask__A                            
20001e40  __xdc__init__addr                                                         
20001e44  rfRegTbl                                                                  
20001e98  ti_sysbios_knl_Task_Object__table__V                                      
20001ee8  ti_sysbios_family_arm_cc26xx_Timer_Object__table__V                       
20001f30  ti_sysbios_gates_GateMutex_Object__table__V                               
20001f68  radCtrlHandle                                                             
20001f6c  radCtrlState                                                              
20001f78  radCtrlCfg                                                                
20001f84  rFSwitchPowerNotifyObj                                                    
20001f98  ti_sysbios_knl_Swi_Module_State_0_readyQ__A                               
20001fc8  ti_sysbios_knl_Swi_Object__table__V                                       
20001ff8  ti_sysbios_knl_Task_Module_State_0_readyQ__A                              
20002028  user0Cfg                                                                  
20002058  lastAppOpcodeSent                                                         
2000205c  pfnBMAlloc                                                                
20002060  pfnBMFree                                                                 
2000206c  _lock                                                                     
20002070  _unlock                                                                   
20002074  __TI_cleanup_ptr                                                          
20002078  __TI_dtors_ptr                                                            
2000207c  xdc_runtime_Registry_Module__state__V                                     
20002084  main_func_sp                                                              
20002090  ti_sysbios_heaps_HeapMem_Instance_State_0_buf__A                          
20002710  ti_sysbios_knl_Task_Instance_State_0_stack__A                             
20002910  i2cCC26xxObjects                                                          
20002ad0  PIN_NumPins                                                               
20002b64  PIN_HandleTable                                                           
20002be0  ti_sysbios_family_arm_m3_Hwi_dispatchTable                                
20002cc8  gBME                                                                      
20002ccc  i2c_devices                                                               
20002cd0  trngCC26XXObjects                                                         
20002cd5  driverlib_release_0_46593                                                 
20002cd6  heapStart                                                                 
20003f48  __stack                                                                   
20003f48  heapEnd                                                                   
20004348  __STACK_END                                                               
20004348  __STACK_TOP                                                               
20004f2c  A4_rw                                                                     
20004f2c  COMMON_RAM_BASE_ADDR                                                      
20004f40  P2_rw                                                                     
20004f40  P2_s0                                                                     
20004f40  eccRom_windowSize                                                         
20004f44  eccRom_workzone                                                           
20004f48  eccRom_param_p                                                            
20004f4c  eccRom_param_r                                                            
20004f50  eccRom_param_a                                                            
20004f54  inScalar                                                                  
20004f58  inPointX                                                                  
20004f5c  inPointY                                                                  
20004f60  outPointX                                                                 
20004f64  outPointY                                                                 
20004f68  SCAL                                                                      
20004f6c  EXPX                                                                      
20004f70  EXPY                                                                      
20004f74  EXPZ                                                                      
20004f78  EXPW                                                                      
20004f7c  ACCX                                                                      
20004f80  ACCY                                                                      
20004f84  ACCZ                                                                      
20004f88  TMP1                                                                      
20004f8c  TMP2                                                                      
20004f90  TMP3                                                                      
20004f94  TMP4                                                                      
20004f98  TMP5                                                                      
20004f9c  TMP6                                                                      
20004fa0  eccRom_param_Gx                                                           
20004fa4  eccRom_param_Gy                                                           
20004fa8  eccRom_param_b                                                            
20004fac  P2_zi                                                                     
20004fac  ratChanInfo                                                               
20004fcc  fwInfoCmd                                                                 
20004fd8  MSBMOD                                                                    
20004fdc  aux64                                                                     
20004fe4  MOD                                                                       
20004fe8  LEN                                                                       
20004ffc  pSspAesEncrypt_Sw                                                         
e000e000  ti_sysbios_family_arm_m3_Hwi_nvic                                         
ffffffff  __binit__                                                                 
ffffffff  __c_args__                                                                
ffffffff  binit                                                                     
UNDEFED   HwiP_restore                                                              
UNDEFED   SHT$$INIT_ARRAY$$Base                                                     
UNDEFED   SHT$$INIT_ARRAY$$Limit                                                    
UNDEFED   ti_sysbios_BIOS_RtsGateProxy_Handle__label__S__mangled__                  
UNDEFED   ti_sysbios_BIOS_RtsGateProxy_Object__delete__S__mangled__                 
UNDEFED   ti_sysbios_BIOS_RtsGateProxy_Params__init__S__mangled__                   
UNDEFED   ti_sysbios_BIOS_RtsGateProxy_query__E__mangled__                          
UNDEFED   ti_sysbios_hal_Hwi_HwiProxy_Module__startupDone__S__mangled__             
UNDEFED   ti_sysbios_hal_Hwi_HwiProxy_Object__delete__S__mangled__                  
UNDEFED   ti_sysbios_hal_Hwi_HwiProxy_Params__init__S__mangled__                    
UNDEFED   ti_sysbios_hal_Hwi_HwiProxy_disableInterrupt__E__mangled__                
UNDEFED   ti_sysbios_hal_Hwi_HwiProxy_enableInterrupt__E__mangled__                 
UNDEFED   ti_sysbios_hal_Hwi_HwiProxy_getStackInfo__E__mangled__                    
UNDEFED   ti_sysbios_hal_Hwi_HwiProxy_startup__E__mangled__                         
UNDEFED   ti_sysbios_hal_Hwi_HwiProxy_switchFromBootStack__E__mangled__             
UNDEFED   ti_sysbios_hal_Hwi_disableInterrupt__E                                    
UNDEFED   ti_sysbios_hal_Hwi_enableInterrupt__E                                     
UNDEFED   ti_sysbios_hal_Hwi_getStackInfo__E                                        
UNDEFED   ti_sysbios_hal_Hwi_startup__E                                             
UNDEFED   ti_sysbios_hal_Hwi_switchFromBootStack__E                                 
UNDEFED   ti_sysbios_heaps_HeapMem_Module_GateProxy_Handle__label__S__mangled__     
UNDEFED   ti_sysbios_heaps_HeapMem_Module_GateProxy_Object__delete__S__mangled__    
UNDEFED   ti_sysbios_heaps_HeapMem_Module_GateProxy_Params__init__S__mangled__      
UNDEFED   ti_sysbios_heaps_HeapMem_Module_GateProxy_query__E__mangled__             
UNDEFED   ti_sysbios_knl_Clock_TimerProxy_Module__startupDone__S__mangled__         
UNDEFED   ti_sysbios_knl_Clock_TimerProxy_startup__E__mangled__                     
UNDEFED   ti_sysbios_knl_Task_SupportProxy_Module__startupDone__S__mangled__        
UNDEFED   ti_sysbios_knl_Task_SupportProxy_getStackAlignment__E__mangled__          
UNDEFED   ti_sysbios_knl_Task_SupportProxy_start__E__mangled__                      
UNDEFED   ti_sysbios_knl_Task_SupportProxy_swap__E__mangled__                       
UNDEFED   xdc_runtime_Main_Module_GateProxy_Handle__label__S                        
UNDEFED   xdc_runtime_Main_Module_GateProxy_Object__delete__S                       
UNDEFED   xdc_runtime_Main_Module_GateProxy_query__E                                
UNDEFED   xdc_runtime_Memory_HeapProxy_Handle__label__S__mangled__                  
UNDEFED   xdc_runtime_Memory_HeapProxy_Object__delete__S__mangled__                 
UNDEFED   xdc_runtime_System_Module_GateProxy_Handle__label__S__mangled__           
UNDEFED   xdc_runtime_System_Module_GateProxy_Object__delete__S__mangled__          
UNDEFED   xdc_runtime_System_Module_GateProxy_query__E__mangled__                   
UNDEFED   xdc_runtime_System_SupportProxy_abort__E                                  
UNDEFED   xdc_runtime_System_SupportProxy_exit__E                                   
UNDEFED   xdc_runtime_Timestamp_SupportProxy_get64__E__mangled__                    
UNDEFED   xdc_runtime_Timestamp_SupportProxy_getFreq__E__mangled__                  
UNDEFED   xdc_runtime_Timestamp_get32__E                                            
UNDEFED   xdc_runtime_Timestamp_get64__E                                            
UNDEFED   xdc_runtime_Timestamp_getFreq__E                                          

[1150 symbols]
