******************************************************************************
                  TI ARM Linker PC v5.2.6                      
******************************************************************************
>> Linked Thu Mar 31 19:20:06 2022

OUTPUT FILE NAME:   <sensortag_ysu1stk_app.out>
ENTRY POINT SYMBOL: "ResetISR"  address: 0000763d


MEMORY CONFIGURATION

         name            origin    length      used     unused   attr    fill
----------------------  --------  ---------  --------  --------  ----  --------
  FLASH                 00000000   0000e000  0000af4c  000030b4  R  X
  FLASH_LAST_PAGE       0001f000   00001000  00000058  00000fa8  R  X
  SRAM                  20000000   00004348  0000309a  000012ae  RW X


SEGMENT ALLOCATION MAP

run origin  load origin   length   init length attrs members
----------  ----------- ---------- ----------- ----- -------
00000000    00000000    0000af58   0000af58    r-x
  00000000    00000000    0000003c   0000003c    r-- .resetVecs
  0000003c    0000003c    00000fc4   00000fc4    r-x .text.1
  00001000    00001000    0000003c   0000003c    r-- .const:ti_sysbios_knl_Task_Object__PARAMS__C
  0000103c    0000103c    00000034   00000034    r-- .const:ti_sysbios_knl_Mailbox_Object__PARAMS__C
  00001070    00001070    00000030   00000030    r-- .const:ti_sysbios_family_arm_m3_Hwi_Object__PARAMS__C
  000010a0    000010a0    0000002c   0000002c    r-- .const:ti_sysbios_hal_Hwi_Object__PARAMS__C
  000010cc    000010cc    00000028   00000028    r-- .const:ti_sysbios_heaps_HeapMem_Module__FXNS__C
  000010f4    000010f4    00000028   00000028    r-- .const:ti_sysbios_knl_Swi_Object__PARAMS__C
  0000111c    0000111c    00000024   00000024    r-- .const:ti_sysbios_gates_GateHwi_Module__FXNS__C
  00001140    00001140    00000024   00000024    r-- .const:ti_sysbios_gates_GateMutex_Module__FXNS__C
  00001164    00001164    00000024   00000024    r-- .const:ti_sysbios_heaps_HeapMem_Object__PARAMS__C
  00001188    00001188    00000024   00000024    r-- .const:ti_sysbios_knl_Clock_Object__PARAMS__C
  000011ac    000011ac    00000024   00000024    r-- .const:ti_sysbios_knl_Semaphore_Object__PARAMS__C
  000011d0    000011d0    00000020   00000020    r-- .const:ti_sysbios_family_arm_m3_Hwi_Object__DESC__C
  000011f0    000011f0    00000020   00000020    r-- .const:ti_sysbios_gates_GateHwi_Object__DESC__C
  00001210    00001210    00000020   00000020    r-- .const:ti_sysbios_gates_GateMutex_Object__DESC__C
  00001230    00001230    00000020   00000020    r-- .const:ti_sysbios_hal_Hwi_Object__DESC__C
  00001250    00001250    00000020   00000020    r-- .const:ti_sysbios_heaps_HeapMem_Object__DESC__C
  00001270    00001270    00000020   00000020    r-- .const:ti_sysbios_knl_Clock_Object__DESC__C
  00001290    00001290    00000020   00000020    r-- .const:ti_sysbios_knl_Mailbox_Object__DESC__C
  000012b0    000012b0    00000020   00000020    r-- .const:ti_sysbios_knl_Queue_Object__DESC__C
  000012d0    000012d0    00000020   00000020    r-- .const:ti_sysbios_knl_Semaphore_Object__DESC__C
  000012f0    000012f0    00000020   00000020    r-- .const:ti_sysbios_knl_Swi_Object__DESC__C
  00001310    00001310    00000020   00000020    r-- .const:ti_sysbios_knl_Task_Object__DESC__C
  00001330    00001330    00000018   00000018    r-- .const:ti_sysbios_gates_GateHwi_Object__PARAMS__C
  00001348    00001348    00000018   00000018    r-- .const:ti_sysbios_gates_GateMutex_Object__PARAMS__C
  00001360    00001360    00000018   00000018    r-- .const:ti_sysbios_knl_Queue_Object__PARAMS__C
  00001378    00001378    00000008   00000008    r-- .const:ti_sysbios_knl_Idle_funcList__C
  00001380    00001380    00000004   00000004    r-x .text.2
  00001384    00001384    00000004   00000004    r-- .const:ti_sysbios_family_arm_cc26xx_Timer_startupNeeded__C
  00001388    00001388    00000004   00000004    r-- .const:ti_sysbios_family_arm_m3_Hwi_E_alreadyDefined__C
  0000138c    0000138c    00000004   00000004    r-- .const:ti_sysbios_family_arm_m3_Hwi_E_hwiLimitExceeded__C
  00001390    00001390    00000004   00000004    r-- .const:ti_sysbios_family_arm_m3_Hwi_NUM_INTERRUPTS__C
  00001394    00001394    00000004   00000004    r-- .const:ti_sysbios_family_arm_m3_Hwi_Object__count__C
  00001398    00001398    00000004   00000004    r-- .const:ti_sysbios_family_arm_m3_Hwi_Object__table__C
  0000139c    0000139c    00000004   00000004    r-- .const:ti_sysbios_family_arm_m3_Hwi_ccr__C
  000013a0    000013a0    00000004   00000004    r-- .const:ti_sysbios_family_arm_m3_Hwi_excHandlerFunc__C
  000013a4    000013a4    00000004   00000004    r-- .const:ti_sysbios_family_arm_m3_Hwi_nullIsrFunc__C
  000013a8    000013a8    00000004   00000004    r-- .const:ti_sysbios_family_arm_m3_Hwi_numSparseInterrupts__C
  000013ac    000013ac    00000004   00000004    r-- .const:ti_sysbios_family_arm_m3_Hwi_priGroup__C
  000013b0    000013b0    00000004   00000004    r-- .const:ti_sysbios_family_arm_m3_TaskSupport_stackAlignment__C
  000013b4    000013b4    00000004   00000004    r-- .const:ti_sysbios_heaps_HeapMem_E_memory__C
  000013b8    000013b8    00000004   00000004    r-- .const:ti_sysbios_heaps_HeapMem_Module__gateObj__C
  000013bc    000013bc    00000004   00000004    r-- .const:ti_sysbios_heaps_HeapMem_Object__count__C
  000013c0    000013c0    00000004   00000004    r-- .const:ti_sysbios_heaps_HeapMem_Object__table__C
  000013c4    000013c4    00000004   00000004    r-- .const:ti_sysbios_heaps_HeapMem_reqAlign__C
  000013c8    000013c8    00000004   00000004    r-- .const:ti_sysbios_knl_Clock_serviceMargin__C
  000013cc    000013cc    00000004   00000004    r-- .const:ti_sysbios_knl_Mailbox_Object__count__C
  000013d0    000013d0    00000004   00000004    r-- .const:ti_sysbios_knl_Mailbox_Object__table__C
  000013d4    000013d4    00000004   00000004    r-- .const:ti_sysbios_knl_Mailbox_maxTypeAlign__C
  000013d8    000013d8    00000004   00000004    r-- .const:ti_sysbios_knl_Queue_Object__count__C
  000013dc    000013dc    00000004   00000004    r-- .const:ti_sysbios_knl_Queue_Object__table__C
  000013e0    000013e0    00000004   00000004    r-- .const:ti_sysbios_knl_Swi_Object__count__C
  000013e4    000013e4    00000004   00000004    r-- .const:ti_sysbios_knl_Swi_Object__table__C
  000013e8    000013e8    00000004   00000004    r-- .const:ti_sysbios_knl_Swi_numPriorities__C
  000013ec    000013ec    00000004   00000004    r-- .const:ti_sysbios_knl_Task_Object__count__C
  000013f0    000013f0    00000004   00000004    r-- .const:ti_sysbios_knl_Task_Object__table__C
  000013f4    000013f4    00000004   00000004    r-- .const:ti_sysbios_knl_Task_allBlockedFunc__C
  000013f8    000013f8    00000004   00000004    r-- .const:ti_sysbios_knl_Task_defaultStackHeap__C
  000013fc    000013fc    00000004   00000004    r-- .const:ti_sysbios_knl_Task_defaultStackSize__C
  00001400    00001400    00000004   00000004    r-- .const:ti_sysbios_knl_Task_numConstructedTasks__C
  00001404    00001404    00000002   00000002    r-x .text.3
  00001406    00001406    00000002   00000002    r-- .const:ti_sysbios_family_arm_cc26xx_Timer_Module__id__C
  00001408    00001408    00000002   00000002    r-- .const:ti_sysbios_family_arm_cc26xx_TimestampProvider_useClockTimer__C
  0000140a    0000140a    00000002   00000002    r-- .const:ti_sysbios_family_arm_m3_Hwi_Module__id__C
  0000140c    0000140c    00000002   00000002    r-- .const:ti_sysbios_gates_GateHwi_Module__id__C
  0000140e    0000140e    00000002   00000002    r-- .const:ti_sysbios_gates_GateMutex_Module__id__C
  00001410    00001410    00000002   00000002    r-- .const:ti_sysbios_heaps_HeapMem_Module__id__C
  00001412    00001412    00000002   00000002    r-- .const:ti_sysbios_knl_Task_initStackFlag__C
  00001414    00001414    00000001   00000001    r-- .const:ti_sysbios_knl_Clock_tickMode__C
  00001418    00001418    00000008   00000008    r-- .const:xdc_runtime_Startup_firstFxns__C
  00001420    00001420    00000008   00000008    r-- .const:xdc_runtime_Startup_lastFxns__C
  00001428    00001428    00000004   00000004    r-- .const:xdc_runtime_Assert_E_assertFailed__C
  0000142c    0000142c    00000004   00000004    r-- .const:xdc_runtime_Error_E_memory__C
  00001430    00001430    00000004   00000004    r-- .const:xdc_runtime_Error_policyFxn__C
  00001434    00001434    00000004   00000004    r-- .const:xdc_runtime_IGateProvider_Interface__BASE__C
  00001438    00001438    00000004   00000004    r-- .const:xdc_runtime_IHeap_Interface__BASE__C
  0000143c    0000143c    00000004   00000004    r-- .const:xdc_runtime_IModule_Interface__BASE__C
  00001440    00001440    00000004   00000004    r-- .const:xdc_runtime_Main_Module__diagsEnabled__C
  00001444    00001444    00000004   00000004    r-- .const:xdc_runtime_Main_Module__diagsIncluded__C
  00001448    00001448    00000004   00000004    r-- .const:xdc_runtime_Main_Module__diagsMask__C
  0000144c    0000144c    00000004   00000004    r-- .const:xdc_runtime_Memory_defaultHeapInstance__C
  00001450    00001450    00000004   00000004    r-- .const:xdc_runtime_Startup_execImpl__C
  00001454    00001454    00000004   00000004    r-- .const:xdc_runtime_Startup_maxPasses__C
  00001458    00001458    00000004   00000004    r-- .const:xdc_runtime_Startup_sfxnRts__C
  0000145c    0000145c    00000004   00000004    r-- .const:xdc_runtime_Startup_sfxnTab__C
  00001460    00001460    00000004   00000004    r-- .const:xdc_runtime_Startup_startModsFxn__C
  00001464    00001464    00000004   00000004    r-- .const:xdc_runtime_SysCallback_abortFxn__C
  00001468    00001468    00000004   00000004    r-- .const:xdc_runtime_SysCallback_exitFxn__C
  0000146c    0000146c    00000004   00000004    r-- .const:xdc_runtime_System_abortFxn__C
  00001470    00001470    00000004   00000004    r-- .const:xdc_runtime_System_exitFxn__C
  00001474    00001474    00000004   00000004    r-- .const:xdc_runtime_System_maxAtexitHandlers__C
  00001478    00001478    00000004   00000004    r-- .const:xdc_runtime_Text_charTab__C
  0000147c    0000147c    00000004   00000004    r-- .const:xdc_runtime_Text_nameEmpty__C
  00001480    00001480    00000004   00000004    r-- .const:xdc_runtime_Text_nameStatic__C
  00001484    00001484    00000004   00000004    r-- .const:xdc_runtime_Text_nameUnknown__C
  00001488    00001488    00000002   00000002    r-- .const:xdc_runtime_Main_Module__id__C
  0000148a    0000148a    00000002   00000002    r-- .const:xdc_runtime_Memory_Module__id__C
  0000148c    0000148c    00000002   00000002    r-- .const:xdc_runtime_Text_charCnt__C
  0000148e    0000148e    00000002   00000002    r-- .const:xdc_runtime_Text_isLoaded__C
  00001490    00001490    00000001   00000001    r-- .const:xdc_runtime_Error_policy__C
  00001494    00001494    00000004   00000004    r-- .const:ti_sysbios_rom_ROM_AONRTCChannelEnable
  00001498    00001498    00000004   00000004    r-- .const:ti_sysbios_rom_ROM_AONRTCCompareValueSet
  0000149c    0000149c    00000004   00000004    r-- .const:ti_sysbios_rom_ROM_AONRTCCurrentCompareValueGet
  000014a0    000014a0    00000004   00000004    r-- .const:ti_sysbios_rom_ROM_AONRTCEventClear
  000014a4    000014a4    00000004   00000004    r-- .const:ti_sysbios_rom_ROM_ti_sysbios_family_arm_cc26xx_Timer_getCount64__E
  000014a8    000014a8    00000004   00000004    r-- .const:ti_sysbios_rom_ROM_ti_sysbios_family_arm_cc26xx_Timer_getCurrentTick__E
  000014ac    000014ac    00000004   00000004    r-- .const:ti_sysbios_rom_ROM_ti_sysbios_family_arm_cc26xx_Timer_getMaxTicks__E
  000014b0    000014b0    00000004   00000004    r-- .const:ti_sysbios_rom_ROM_ti_sysbios_family_arm_cc26xx_Timer_initDevice__I
  000014b4    000014b4    00000004   00000004    r-- .const:ti_sysbios_rom_ROM_ti_sysbios_family_arm_cc26xx_Timer_setNextTick__E
  000014b8    000014b8    00000004   00000004    r-- .const:ti_sysbios_rom_ROM_ti_sysbios_family_arm_cc26xx_Timer_setThreshold__I
  000014bc    000014bc    00000004   00000004    r-- .const:ti_sysbios_rom_ROM_ti_sysbios_family_arm_cc26xx_Timer_start__E
  000014c0    000014c0    00000004   00000004    r-- .const:ti_sysbios_rom_ROM_ti_sysbios_family_arm_cc26xx_TimestampProvider_get32__E
  000014c4    000014c4    00000004   00000004    r-- .const:ti_sysbios_rom_ROM_xdc_runtime_Startup_getState__I
  000014c8    000014c8    00000004   00000004    r-- .const:ti_sysbios_rom_ROM_xdc_runtime_System_SupportProxy_abort__E
  000014cc    000014cc    00000004   00000004    r-- .const:ti_sysbios_rom_ROM_xdc_runtime_System_SupportProxy_exit__E
  000014d0    000014d0    00000004   00000004    r-- .const:ti_sysbios_gates_GateMutex_Instance_State_sem__O
  000014d4    000014d4    00000004   00000004    r-- .const:ti_sysbios_knl_Clock_Module_State_clockQ__O
  000014d8    000014d8    00000004   00000004    r-- .const:ti_sysbios_knl_Mailbox_Instance_State_dataQue__O
  000014dc    000014dc    00000004   00000004    r-- .const:ti_sysbios_knl_Mailbox_Instance_State_dataSem__O
  000014e0    000014e0    00000004   00000004    r-- .const:ti_sysbios_knl_Mailbox_Instance_State_freeQue__O
  000014e4    000014e4    00000004   00000004    r-- .const:ti_sysbios_knl_Mailbox_Instance_State_freeSem__O
  000014e8    000014e8    00000004   00000004    r-- .const:ti_sysbios_knl_Semaphore_Instance_State_pendQ__O
  000014ec    000014ec    00000004   00000004    r-- .const:ti_sysbios_knl_Task_Module_State_inactiveQ__O
  000014f0    000014f0    00008b68   00008b68    r-x .text.4
  0000a058    0000a058    000005da   000005da    r-- .const
  0000a638    0000a638    00000920   00000920    r-- .cinit
0001ffa8    0001ffa8    00000058   00000058    r--
  0001ffa8    0001ffa8    00000058   00000058    r-- .ccfg
20000100    20000100    00002bd6   00000000    rw-
  20000100    20000100    00000044   00000000    rw- .data:ti_sysbios_knl_Task_Module__state__V
  20000144    20000144    00000034   00000000    rw- .data:ti_sysbios_family_arm_m3_Hwi_Module__state__V
  20000178    20000178    0000002c   00000000    rw- .data:ti_sysbios_knl_Clock_Module__state__V
  200001a4    200001a4    00000024   00000000    rw- .data:ti_sysbios_BIOS_Module__state__V
  200001c8    200001c8    0000001c   00000000    rw- .data:ti_sysbios_knl_Swi_Module__state__V
  200001e4    200001e4    00000008   00000000    rw- .data:ti_sysbios_family_arm_cc26xx_Timer_Module__state__V
  200001ec    200001ec    00000004   00000000    rw- .data:ti_sysbios_family_arm_cc26xx_TimestampProvider_Module__state__V
  200001f0    200001f0    00000008   00000000    rw- .data:xdc_runtime_Startup_Module__state__V
  200001f8    200001f8    00000008   00000000    rw- .data:xdc_runtime_System_Module__state__V
  20000200    20000200    00000004   00000000    rw- .data:xdc_runtime_Memory_Module__state__V
  20000208    20000208    00001e81   00000000    rw- .data
  20002090    20002090    00000c46   00000000    rw- .bss
20003f48    20003f48    00000400   00000000    rw-
  20003f48    20003f48    00000400   00000000    rw- .stack


SECTION ALLOCATION MAP

 output                                  attributes/
section   page    origin      length       input sections
--------  ----  ----------  ----------   ----------------
.resetVecs 
*          0    00000000    0000003c     
                  00000000    0000003c     app_ble_pem3.oem3 (.resetVecs)

.text.1    0    0000003c    00000fc4     
                  0000003c    00000338     rom_sysbios.aem3 : rom_sysbios.obj (.text:xdc_runtime_System_doPrint__I)
                  00000374    00000310     RFCC26XX_singleMode.obj (.text:fsmActiveState$14)
                  00000684    00000008     (.tramp.ti_sysbios_family_arm_m3_Hwi_disableFxn__E.1)
                  0000068c    00000008     (.tramp.ti_sysbios_family_arm_m3_Hwi_restoreFxn__E.1)
                  00000694    00000008     (.tramp.ti_sysbios_knl_Clock_setTimeout__E.1)
                  0000069c    00000008     (.tramp.ti_sysbios_knl_Clock_start__E.1)
                  000006a4    000002ec     peripheral.obj (.text:gapRole_processGAPMsg$30)
                  00000990    000002b9     adxl_sensor.obj (.text:ADXL_read)
                  00000c49    00000001     --HOLE-- [fill = 0]
                  00000c4a    00000002     ble_user_config.obj (.text:DefaultAssertCback)
                  00000c4c    0000023c     peripheral.obj (.text:GAPRole_SetParameter)
                  00000e88    00000170     RFCC26XX_singleMode.obj (.text:RF_postCmd)
                  00000ff8    00000008     icall_api.obj (.text:GATT_Indication)

.const:ti_sysbios_knl_Task_Object__PARAMS__C 
*          0    00001000    0000003c     
                  00001000    0000003c     app_ble_pem3.oem3 (.const:ti_sysbios_knl_Task_Object__PARAMS__C)

.const:ti_sysbios_knl_Mailbox_Object__PARAMS__C 
*          0    0000103c    00000034     
                  0000103c    00000034     app_ble_pem3.oem3 (.const:ti_sysbios_knl_Mailbox_Object__PARAMS__C)

.const:ti_sysbios_family_arm_m3_Hwi_Object__PARAMS__C 
*          0    00001070    00000030     
                  00001070    00000030     app_ble_pem3.oem3 (.const:ti_sysbios_family_arm_m3_Hwi_Object__PARAMS__C)

.const:ti_sysbios_hal_Hwi_Object__PARAMS__C 
*          0    000010a0    0000002c     
                  000010a0    0000002c     app_ble_pem3.oem3 (.const:ti_sysbios_hal_Hwi_Object__PARAMS__C)

.const:ti_sysbios_heaps_HeapMem_Module__FXNS__C 
*          0    000010cc    00000028     
                  000010cc    00000028     app_ble_pem3.oem3 (.const:ti_sysbios_heaps_HeapMem_Module__FXNS__C)

.const:ti_sysbios_knl_Swi_Object__PARAMS__C 
*          0    000010f4    00000028     
                  000010f4    00000028     app_ble_pem3.oem3 (.const:ti_sysbios_knl_Swi_Object__PARAMS__C)

.const:ti_sysbios_gates_GateHwi_Module__FXNS__C 
*          0    0000111c    00000024     
                  0000111c    00000024     app_ble_pem3.oem3 (.const:ti_sysbios_gates_GateHwi_Module__FXNS__C)

.const:ti_sysbios_gates_GateMutex_Module__FXNS__C 
*          0    00001140    00000024     
                  00001140    00000024     app_ble_pem3.oem3 (.const:ti_sysbios_gates_GateMutex_Module__FXNS__C)

.const:ti_sysbios_heaps_HeapMem_Object__PARAMS__C 
*          0    00001164    00000024     
                  00001164    00000024     app_ble_pem3.oem3 (.const:ti_sysbios_heaps_HeapMem_Object__PARAMS__C)

.const:ti_sysbios_knl_Clock_Object__PARAMS__C 
*          0    00001188    00000024     
                  00001188    00000024     app_ble_pem3.oem3 (.const:ti_sysbios_knl_Clock_Object__PARAMS__C)

.const:ti_sysbios_knl_Semaphore_Object__PARAMS__C 
*          0    000011ac    00000024     
                  000011ac    00000024     app_ble_pem3.oem3 (.const:ti_sysbios_knl_Semaphore_Object__PARAMS__C)

.const:ti_sysbios_family_arm_m3_Hwi_Object__DESC__C 
*          0    000011d0    00000020     
                  000011d0    00000020     app_ble_pem3.oem3 (.const:ti_sysbios_family_arm_m3_Hwi_Object__DESC__C)

.const:ti_sysbios_gates_GateHwi_Object__DESC__C 
*          0    000011f0    00000020     
                  000011f0    00000020     app_ble_pem3.oem3 (.const:ti_sysbios_gates_GateHwi_Object__DESC__C)

.const:ti_sysbios_gates_GateMutex_Object__DESC__C 
*          0    00001210    00000020     
                  00001210    00000020     app_ble_pem3.oem3 (.const:ti_sysbios_gates_GateMutex_Object__DESC__C)

.const:ti_sysbios_hal_Hwi_Object__DESC__C 
*          0    00001230    00000020     
                  00001230    00000020     app_ble_pem3.oem3 (.const:ti_sysbios_hal_Hwi_Object__DESC__C)

.const:ti_sysbios_heaps_HeapMem_Object__DESC__C 
*          0    00001250    00000020     
                  00001250    00000020     app_ble_pem3.oem3 (.const:ti_sysbios_heaps_HeapMem_Object__DESC__C)

.const:ti_sysbios_knl_Clock_Object__DESC__C 
*          0    00001270    00000020     
                  00001270    00000020     app_ble_pem3.oem3 (.const:ti_sysbios_knl_Clock_Object__DESC__C)

.const:ti_sysbios_knl_Mailbox_Object__DESC__C 
*          0    00001290    00000020     
                  00001290    00000020     app_ble_pem3.oem3 (.const:ti_sysbios_knl_Mailbox_Object__DESC__C)

.const:ti_sysbios_knl_Queue_Object__DESC__C 
*          0    000012b0    00000020     
                  000012b0    00000020     app_ble_pem3.oem3 (.const:ti_sysbios_knl_Queue_Object__DESC__C)

.const:ti_sysbios_knl_Semaphore_Object__DESC__C 
*          0    000012d0    00000020     
                  000012d0    00000020     app_ble_pem3.oem3 (.const:ti_sysbios_knl_Semaphore_Object__DESC__C)

.const:ti_sysbios_knl_Swi_Object__DESC__C 
*          0    000012f0    00000020     
                  000012f0    00000020     app_ble_pem3.oem3 (.const:ti_sysbios_knl_Swi_Object__DESC__C)

.const:ti_sysbios_knl_Task_Object__DESC__C 
*          0    00001310    00000020     
                  00001310    00000020     app_ble_pem3.oem3 (.const:ti_sysbios_knl_Task_Object__DESC__C)

.const:ti_sysbios_gates_GateHwi_Object__PARAMS__C 
*          0    00001330    00000018     
                  00001330    00000018     app_ble_pem3.oem3 (.const:ti_sysbios_gates_GateHwi_Object__PARAMS__C)

.const:ti_sysbios_gates_GateMutex_Object__PARAMS__C 
*          0    00001348    00000018     
                  00001348    00000018     app_ble_pem3.oem3 (.const:ti_sysbios_gates_GateMutex_Object__PARAMS__C)

.const:ti_sysbios_knl_Queue_Object__PARAMS__C 
*          0    00001360    00000018     
                  00001360    00000018     app_ble_pem3.oem3 (.const:ti_sysbios_knl_Queue_Object__PARAMS__C)

.const:ti_sysbios_knl_Idle_funcList__C 
*          0    00001378    00000008     
                  00001378    00000008     app_ble_pem3.oem3 (.const:ti_sysbios_knl_Idle_funcList__C)

.text.2    0    00001380    00000004     
                  00001380    00000004     icall_api.obj (.text:GATTServApp_AddService)

.const:ti_sysbios_family_arm_cc26xx_Timer_startupNeeded__C 
*          0    00001384    00000004     
                  00001384    00000004     app_ble_pem3.oem3 (.const:ti_sysbios_family_arm_cc26xx_Timer_startupNeeded__C)

.const:ti_sysbios_family_arm_m3_Hwi_E_alreadyDefined__C 
*          0    00001388    00000004     
                  00001388    00000004     app_ble_pem3.oem3 (.const:ti_sysbios_family_arm_m3_Hwi_E_alreadyDefined__C)

.const:ti_sysbios_family_arm_m3_Hwi_E_hwiLimitExceeded__C 
*          0    0000138c    00000004     
                  0000138c    00000004     app_ble_pem3.oem3 (.const:ti_sysbios_family_arm_m3_Hwi_E_hwiLimitExceeded__C)

.const:ti_sysbios_family_arm_m3_Hwi_NUM_INTERRUPTS__C 
*          0    00001390    00000004     
                  00001390    00000004     app_ble_pem3.oem3 (.const:ti_sysbios_family_arm_m3_Hwi_NUM_INTERRUPTS__C)

.const:ti_sysbios_family_arm_m3_Hwi_Object__count__C 
*          0    00001394    00000004     
                  00001394    00000004     app_ble_pem3.oem3 (.const:ti_sysbios_family_arm_m3_Hwi_Object__count__C)

.const:ti_sysbios_family_arm_m3_Hwi_Object__table__C 
*          0    00001398    00000004     
                  00001398    00000004     app_ble_pem3.oem3 (.const:ti_sysbios_family_arm_m3_Hwi_Object__table__C)

.const:ti_sysbios_family_arm_m3_Hwi_ccr__C 
*          0    0000139c    00000004     
                  0000139c    00000004     app_ble_pem3.oem3 (.const:ti_sysbios_family_arm_m3_Hwi_ccr__C)

.const:ti_sysbios_family_arm_m3_Hwi_excHandlerFunc__C 
*          0    000013a0    00000004     
                  000013a0    00000004     app_ble_pem3.oem3 (.const:ti_sysbios_family_arm_m3_Hwi_excHandlerFunc__C)

.const:ti_sysbios_family_arm_m3_Hwi_nullIsrFunc__C 
*          0    000013a4    00000004     
                  000013a4    00000004     app_ble_pem3.oem3 (.const:ti_sysbios_family_arm_m3_Hwi_nullIsrFunc__C)

.const:ti_sysbios_family_arm_m3_Hwi_numSparseInterrupts__C 
*          0    000013a8    00000004     
                  000013a8    00000004     app_ble_pem3.oem3 (.const:ti_sysbios_family_arm_m3_Hwi_numSparseInterrupts__C)

.const:ti_sysbios_family_arm_m3_Hwi_priGroup__C 
*          0    000013ac    00000004     
                  000013ac    00000004     app_ble_pem3.oem3 (.const:ti_sysbios_family_arm_m3_Hwi_priGroup__C)

.const:ti_sysbios_family_arm_m3_TaskSupport_stackAlignment__C 
*          0    000013b0    00000004     
                  000013b0    00000004     app_ble_pem3.oem3 (.const:ti_sysbios_family_arm_m3_TaskSupport_stackAlignment__C)

.const:ti_sysbios_heaps_HeapMem_E_memory__C 
*          0    000013b4    00000004     
                  000013b4    00000004     app_ble_pem3.oem3 (.const:ti_sysbios_heaps_HeapMem_E_memory__C)

.const:ti_sysbios_heaps_HeapMem_Module__gateObj__C 
*          0    000013b8    00000004     
                  000013b8    00000004     app_ble_pem3.oem3 (.const:ti_sysbios_heaps_HeapMem_Module__gateObj__C)

.const:ti_sysbios_heaps_HeapMem_Object__count__C 
*          0    000013bc    00000004     
                  000013bc    00000004     app_ble_pem3.oem3 (.const:ti_sysbios_heaps_HeapMem_Object__count__C)

.const:ti_sysbios_heaps_HeapMem_Object__table__C 
*          0    000013c0    00000004     
                  000013c0    00000004     app_ble_pem3.oem3 (.const:ti_sysbios_heaps_HeapMem_Object__table__C)

.const:ti_sysbios_heaps_HeapMem_reqAlign__C 
*          0    000013c4    00000004     
                  000013c4    00000004     app_ble_pem3.oem3 (.const:ti_sysbios_heaps_HeapMem_reqAlign__C)

.const:ti_sysbios_knl_Clock_serviceMargin__C 
*          0    000013c8    00000004     
                  000013c8    00000004     app_ble_pem3.oem3 (.const:ti_sysbios_knl_Clock_serviceMargin__C)

.const:ti_sysbios_knl_Mailbox_Object__count__C 
*          0    000013cc    00000004     
                  000013cc    00000004     app_ble_pem3.oem3 (.const:ti_sysbios_knl_Mailbox_Object__count__C)

.const:ti_sysbios_knl_Mailbox_Object__table__C 
*          0    000013d0    00000004     
                  000013d0    00000004     app_ble_pem3.oem3 (.const:ti_sysbios_knl_Mailbox_Object__table__C)

.const:ti_sysbios_knl_Mailbox_maxTypeAlign__C 
*          0    000013d4    00000004     
                  000013d4    00000004     app_ble_pem3.oem3 (.const:ti_sysbios_knl_Mailbox_maxTypeAlign__C)

.const:ti_sysbios_knl_Queue_Object__count__C 
*          0    000013d8    00000004     
                  000013d8    00000004     app_ble_pem3.oem3 (.const:ti_sysbios_knl_Queue_Object__count__C)

.const:ti_sysbios_knl_Queue_Object__table__C 
*          0    000013dc    00000004     
                  000013dc    00000004     app_ble_pem3.oem3 (.const:ti_sysbios_knl_Queue_Object__table__C)

.const:ti_sysbios_knl_Swi_Object__count__C 
*          0    000013e0    00000004     
                  000013e0    00000004     app_ble_pem3.oem3 (.const:ti_sysbios_knl_Swi_Object__count__C)

.const:ti_sysbios_knl_Swi_Object__table__C 
*          0    000013e4    00000004     
                  000013e4    00000004     app_ble_pem3.oem3 (.const:ti_sysbios_knl_Swi_Object__table__C)

.const:ti_sysbios_knl_Swi_numPriorities__C 
*          0    000013e8    00000004     
                  000013e8    00000004     app_ble_pem3.oem3 (.const:ti_sysbios_knl_Swi_numPriorities__C)

.const:ti_sysbios_knl_Task_Object__count__C 
*          0    000013ec    00000004     
                  000013ec    00000004     app_ble_pem3.oem3 (.const:ti_sysbios_knl_Task_Object__count__C)

.const:ti_sysbios_knl_Task_Object__table__C 
*          0    000013f0    00000004     
                  000013f0    00000004     app_ble_pem3.oem3 (.const:ti_sysbios_knl_Task_Object__table__C)

.const:ti_sysbios_knl_Task_allBlockedFunc__C 
*          0    000013f4    00000004     
                  000013f4    00000004     app_ble_pem3.oem3 (.const:ti_sysbios_knl_Task_allBlockedFunc__C)

.const:ti_sysbios_knl_Task_defaultStackHeap__C 
*          0    000013f8    00000004     
                  000013f8    00000004     app_ble_pem3.oem3 (.const:ti_sysbios_knl_Task_defaultStackHeap__C)

.const:ti_sysbios_knl_Task_defaultStackSize__C 
*          0    000013fc    00000004     
                  000013fc    00000004     app_ble_pem3.oem3 (.const:ti_sysbios_knl_Task_defaultStackSize__C)

.const:ti_sysbios_knl_Task_numConstructedTasks__C 
*          0    00001400    00000004     
                  00001400    00000004     app_ble_pem3.oem3 (.const:ti_sysbios_knl_Task_numConstructedTasks__C)

.text.3    0    00001404    00000002     
                  00001404    00000002     RFCC26XX_singleMode.obj (.text:defaultErrCb$14)

.const:ti_sysbios_family_arm_cc26xx_Timer_Module__id__C 
*          0    00001406    00000002     
                  00001406    00000002     app_ble_pem3.oem3 (.const:ti_sysbios_family_arm_cc26xx_Timer_Module__id__C)

.const:ti_sysbios_family_arm_cc26xx_TimestampProvider_useClockTimer__C 
*          0    00001408    00000002     
                  00001408    00000002     app_ble_pem3.oem3 (.const:ti_sysbios_family_arm_cc26xx_TimestampProvider_useClockTimer__C)

.const:ti_sysbios_family_arm_m3_Hwi_Module__id__C 
*          0    0000140a    00000002     
                  0000140a    00000002     app_ble_pem3.oem3 (.const:ti_sysbios_family_arm_m3_Hwi_Module__id__C)

.const:ti_sysbios_gates_GateHwi_Module__id__C 
*          0    0000140c    00000002     
                  0000140c    00000002     app_ble_pem3.oem3 (.const:ti_sysbios_gates_GateHwi_Module__id__C)

.const:ti_sysbios_gates_GateMutex_Module__id__C 
*          0    0000140e    00000002     
                  0000140e    00000002     app_ble_pem3.oem3 (.const:ti_sysbios_gates_GateMutex_Module__id__C)

.const:ti_sysbios_heaps_HeapMem_Module__id__C 
*          0    00001410    00000002     
                  00001410    00000002     app_ble_pem3.oem3 (.const:ti_sysbios_heaps_HeapMem_Module__id__C)

.const:ti_sysbios_knl_Task_initStackFlag__C 
*          0    00001412    00000002     
                  00001412    00000002     app_ble_pem3.oem3 (.const:ti_sysbios_knl_Task_initStackFlag__C)

.const:ti_sysbios_knl_Clock_tickMode__C 
*          0    00001414    00000001     
                  00001414    00000001     app_ble_pem3.oem3 (.const:ti_sysbios_knl_Clock_tickMode__C)

.const:xdc_runtime_Startup_firstFxns__C 
*          0    00001418    00000008     
                  00001418    00000008     app_ble_pem3.oem3 (.const:xdc_runtime_Startup_firstFxns__C)

.const:xdc_runtime_Startup_lastFxns__C 
*          0    00001420    00000008     
                  00001420    00000008     app_ble_pem3.oem3 (.const:xdc_runtime_Startup_lastFxns__C)

.const:xdc_runtime_Assert_E_assertFailed__C 
*          0    00001428    00000004     
                  00001428    00000004     app_ble_pem3.oem3 (.const:xdc_runtime_Assert_E_assertFailed__C)

.const:xdc_runtime_Error_E_memory__C 
*          0    0000142c    00000004     
                  0000142c    00000004     app_ble_pem3.oem3 (.const:xdc_runtime_Error_E_memory__C)

.const:xdc_runtime_Error_policyFxn__C 
*          0    00001430    00000004     
                  00001430    00000004     app_ble_pem3.oem3 (.const:xdc_runtime_Error_policyFxn__C)

.const:xdc_runtime_IGateProvider_Interface__BASE__C 
*          0    00001434    00000004     
                  00001434    00000004     app_ble_pem3.oem3 (.const:xdc_runtime_IGateProvider_Interface__BASE__C)

.const:xdc_runtime_IHeap_Interface__BASE__C 
*          0    00001438    00000004     
                  00001438    00000004     app_ble_pem3.oem3 (.const:xdc_runtime_IHeap_Interface__BASE__C)

.const:xdc_runtime_IModule_Interface__BASE__C 
*          0    0000143c    00000004     
                  0000143c    00000004     app_ble_pem3.oem3 (.const:xdc_runtime_IModule_Interface__BASE__C)

.const:xdc_runtime_Main_Module__diagsEnabled__C 
*          0    00001440    00000004     
                  00001440    00000004     app_ble_pem3.oem3 (.const:xdc_runtime_Main_Module__diagsEnabled__C)

.const:xdc_runtime_Main_Module__diagsIncluded__C 
*          0    00001444    00000004     
                  00001444    00000004     app_ble_pem3.oem3 (.const:xdc_runtime_Main_Module__diagsIncluded__C)

.const:xdc_runtime_Main_Module__diagsMask__C 
*          0    00001448    00000004     
                  00001448    00000004     app_ble_pem3.oem3 (.const:xdc_runtime_Main_Module__diagsMask__C)

.const:xdc_runtime_Memory_defaultHeapInstance__C 
*          0    0000144c    00000004     
                  0000144c    00000004     app_ble_pem3.oem3 (.const:xdc_runtime_Memory_defaultHeapInstance__C)

.const:xdc_runtime_Startup_execImpl__C 
*          0    00001450    00000004     
                  00001450    00000004     app_ble_pem3.oem3 (.const:xdc_runtime_Startup_execImpl__C)

.const:xdc_runtime_Startup_maxPasses__C 
*          0    00001454    00000004     
                  00001454    00000004     app_ble_pem3.oem3 (.const:xdc_runtime_Startup_maxPasses__C)

.const:xdc_runtime_Startup_sfxnRts__C 
*          0    00001458    00000004     
                  00001458    00000004     app_ble_pem3.oem3 (.const:xdc_runtime_Startup_sfxnRts__C)

.const:xdc_runtime_Startup_sfxnTab__C 
*          0    0000145c    00000004     
                  0000145c    00000004     app_ble_pem3.oem3 (.const:xdc_runtime_Startup_sfxnTab__C)

.const:xdc_runtime_Startup_startModsFxn__C 
*          0    00001460    00000004     
                  00001460    00000004     app_ble_pem3.oem3 (.const:xdc_runtime_Startup_startModsFxn__C)

.const:xdc_runtime_SysCallback_abortFxn__C 
*          0    00001464    00000004     
                  00001464    00000004     app_ble_pem3.oem3 (.const:xdc_runtime_SysCallback_abortFxn__C)

.const:xdc_runtime_SysCallback_exitFxn__C 
*          0    00001468    00000004     
                  00001468    00000004     app_ble_pem3.oem3 (.const:xdc_runtime_SysCallback_exitFxn__C)

.const:xdc_runtime_System_abortFxn__C 
*          0    0000146c    00000004     
                  0000146c    00000004     app_ble_pem3.oem3 (.const:xdc_runtime_System_abortFxn__C)

.const:xdc_runtime_System_exitFxn__C 
*          0    00001470    00000004     
                  00001470    00000004     app_ble_pem3.oem3 (.const:xdc_runtime_System_exitFxn__C)

.const:xdc_runtime_System_maxAtexitHandlers__C 
*          0    00001474    00000004     
                  00001474    00000004     app_ble_pem3.oem3 (.const:xdc_runtime_System_maxAtexitHandlers__C)

.const:xdc_runtime_Text_charTab__C 
*          0    00001478    00000004     
                  00001478    00000004     app_ble_pem3.oem3 (.const:xdc_runtime_Text_charTab__C)

.const:xdc_runtime_Text_nameEmpty__C 
*          0    0000147c    00000004     
                  0000147c    00000004     app_ble_pem3.oem3 (.const:xdc_runtime_Text_nameEmpty__C)

.const:xdc_runtime_Text_nameStatic__C 
*          0    00001480    00000004     
                  00001480    00000004     app_ble_pem3.oem3 (.const:xdc_runtime_Text_nameStatic__C)

.const:xdc_runtime_Text_nameUnknown__C 
*          0    00001484    00000004     
                  00001484    00000004     app_ble_pem3.oem3 (.const:xdc_runtime_Text_nameUnknown__C)

.const:xdc_runtime_Main_Module__id__C 
*          0    00001488    00000002     
                  00001488    00000002     app_ble_pem3.oem3 (.const:xdc_runtime_Main_Module__id__C)

.const:xdc_runtime_Memory_Module__id__C 
*          0    0000148a    00000002     
                  0000148a    00000002     app_ble_pem3.oem3 (.const:xdc_runtime_Memory_Module__id__C)

.const:xdc_runtime_Text_charCnt__C 
*          0    0000148c    00000002     
                  0000148c    00000002     app_ble_pem3.oem3 (.const:xdc_runtime_Text_charCnt__C)

.const:xdc_runtime_Text_isLoaded__C 
*          0    0000148e    00000002     
                  0000148e    00000002     app_ble_pem3.oem3 (.const:xdc_runtime_Text_isLoaded__C)

.const:xdc_runtime_Error_policy__C 
*          0    00001490    00000001     
                  00001490    00000001     app_ble_pem3.oem3 (.const:xdc_runtime_Error_policy__C)

.const:ti_sysbios_rom_ROM_AONRTCChannelEnable 
*          0    00001494    00000004     
                  00001494    00000004     app_ble_pem3.oem3 (.const:ti_sysbios_rom_ROM_AONRTCChannelEnable)

.const:ti_sysbios_rom_ROM_AONRTCCompareValueSet 
*          0    00001498    00000004     
                  00001498    00000004     app_ble_pem3.oem3 (.const:ti_sysbios_rom_ROM_AONRTCCompareValueSet)

.const:ti_sysbios_rom_ROM_AONRTCCurrentCompareValueGet 
*          0    0000149c    00000004     
                  0000149c    00000004     app_ble_pem3.oem3 (.const:ti_sysbios_rom_ROM_AONRTCCurrentCompareValueGet)

.const:ti_sysbios_rom_ROM_AONRTCEventClear 
*          0    000014a0    00000004     
                  000014a0    00000004     app_ble_pem3.oem3 (.const:ti_sysbios_rom_ROM_AONRTCEventClear)

.const:ti_sysbios_rom_ROM_ti_sysbios_family_arm_cc26xx_Timer_getCount64__E 
*          0    000014a4    00000004     
                  000014a4    00000004     app_ble_pem3.oem3 (.const:ti_sysbios_rom_ROM_ti_sysbios_family_arm_cc26xx_Timer_getCount64__E)

.const:ti_sysbios_rom_ROM_ti_sysbios_family_arm_cc26xx_Timer_getCurrentTick__E 
*          0    000014a8    00000004     
                  000014a8    00000004     app_ble_pem3.oem3 (.const:ti_sysbios_rom_ROM_ti_sysbios_family_arm_cc26xx_Timer_getCurrentTick__E)

.const:ti_sysbios_rom_ROM_ti_sysbios_family_arm_cc26xx_Timer_getMaxTicks__E 
*          0    000014ac    00000004     
                  000014ac    00000004     app_ble_pem3.oem3 (.const:ti_sysbios_rom_ROM_ti_sysbios_family_arm_cc26xx_Timer_getMaxTicks__E)

.const:ti_sysbios_rom_ROM_ti_sysbios_family_arm_cc26xx_Timer_initDevice__I 
*          0    000014b0    00000004     
                  000014b0    00000004     app_ble_pem3.oem3 (.const:ti_sysbios_rom_ROM_ti_sysbios_family_arm_cc26xx_Timer_initDevice__I)

.const:ti_sysbios_rom_ROM_ti_sysbios_family_arm_cc26xx_Timer_setNextTick__E 
*          0    000014b4    00000004     
                  000014b4    00000004     app_ble_pem3.oem3 (.const:ti_sysbios_rom_ROM_ti_sysbios_family_arm_cc26xx_Timer_setNextTick__E)

.const:ti_sysbios_rom_ROM_ti_sysbios_family_arm_cc26xx_Timer_setThreshold__I 
*          0    000014b8    00000004     
                  000014b8    00000004     app_ble_pem3.oem3 (.const:ti_sysbios_rom_ROM_ti_sysbios_family_arm_cc26xx_Timer_setThreshold__I)

.const:ti_sysbios_rom_ROM_ti_sysbios_family_arm_cc26xx_Timer_start__E 
*          0    000014bc    00000004     
                  000014bc    00000004     app_ble_pem3.oem3 (.const:ti_sysbios_rom_ROM_ti_sysbios_family_arm_cc26xx_Timer_start__E)

.const:ti_sysbios_rom_ROM_ti_sysbios_family_arm_cc26xx_TimestampProvider_get32__E 
*          0    000014c0    00000004     
                  000014c0    00000004     app_ble_pem3.oem3 (.const:ti_sysbios_rom_ROM_ti_sysbios_family_arm_cc26xx_TimestampProvider_get32__E)

.const:ti_sysbios_rom_ROM_xdc_runtime_Startup_getState__I 
*          0    000014c4    00000004     
                  000014c4    00000004     app_ble_pem3.oem3 (.const:ti_sysbios_rom_ROM_xdc_runtime_Startup_getState__I)

.const:ti_sysbios_rom_ROM_xdc_runtime_System_SupportProxy_abort__E 
*          0    000014c8    00000004     
                  000014c8    00000004     app_ble_pem3.oem3 (.const:ti_sysbios_rom_ROM_xdc_runtime_System_SupportProxy_abort__E)

.const:ti_sysbios_rom_ROM_xdc_runtime_System_SupportProxy_exit__E 
*          0    000014cc    00000004     
                  000014cc    00000004     app_ble_pem3.oem3 (.const:ti_sysbios_rom_ROM_xdc_runtime_System_SupportProxy_exit__E)

.const:ti_sysbios_gates_GateMutex_Instance_State_sem__O 
*          0    000014d0    00000004     
                  000014d0    00000004     app_ble_pem3.oem3 (.const:ti_sysbios_gates_GateMutex_Instance_State_sem__O)

.const:ti_sysbios_knl_Clock_Module_State_clockQ__O 
*          0    000014d4    00000004     
                  000014d4    00000004     app_ble_pem3.oem3 (.const:ti_sysbios_knl_Clock_Module_State_clockQ__O)

.const:ti_sysbios_knl_Mailbox_Instance_State_dataQue__O 
*          0    000014d8    00000004     
                  000014d8    00000004     app_ble_pem3.oem3 (.const:ti_sysbios_knl_Mailbox_Instance_State_dataQue__O)

.const:ti_sysbios_knl_Mailbox_Instance_State_dataSem__O 
*          0    000014dc    00000004     
                  000014dc    00000004     app_ble_pem3.oem3 (.const:ti_sysbios_knl_Mailbox_Instance_State_dataSem__O)

.const:ti_sysbios_knl_Mailbox_Instance_State_freeQue__O 
*          0    000014e0    00000004     
                  000014e0    00000004     app_ble_pem3.oem3 (.const:ti_sysbios_knl_Mailbox_Instance_State_freeQue__O)

.const:ti_sysbios_knl_Mailbox_Instance_State_freeSem__O 
*          0    000014e4    00000004     
                  000014e4    00000004     app_ble_pem3.oem3 (.const:ti_sysbios_knl_Mailbox_Instance_State_freeSem__O)

.const:ti_sysbios_knl_Semaphore_Instance_State_pendQ__O 
*          0    000014e8    00000004     
                  000014e8    00000004     app_ble_pem3.oem3 (.const:ti_sysbios_knl_Semaphore_Instance_State_pendQ__O)

.const:ti_sysbios_knl_Task_Module_State_inactiveQ__O 
*          0    000014ec    00000004     
                  000014ec    00000004     app_ble_pem3.oem3 (.const:ti_sysbios_knl_Task_Module_State_inactiveQ__O)

.text.4    0    000014f0    00008b68     
                  000014f0    00000230     driverlib.lib : sys_ctrl.obj (.text:NOROM_SysCtrlSetRechargeBeforePowerDown)
                  00001720    00000228     drivers_cc13xxware.aem3 : PowerCC26XX.oem3 (.text:Power_sleep)
                  00001948    0000021e     rtsv7M3_T_le_eabi.lib : ll_div_t2.obj (.text)
                  00001b66    000001f4                           : ull_div_t2.obj (.text)
                  00001d5a    00000002     drivers_cc13xxware.aem3 : PowerCC26XX.oem3 (.text:emptyClockFunc)
                  00001d5c    000001ec                             : PowerCC26XX_calibrateRCOSC.oem3 (.text:calibrateRcoscHf1)
                  00001f48    000001e2     bme688_driver.obj (.text:_check_rslt)
                  0000212a    00000002     rtsv7M3_T_le_eabi.lib : i_div0.obj (.text)
                  0000212c    000001a8     PINCC26XX.obj (.text:PIN_init)
                  000022d4    000001a8     RFCC26XX_singleMode.obj (.text:abortCmd$14)
                  0000247c    000001a0     drivers_cc13xxware.aem3 : PowerCC26XX_calibrateRCOSC.oem3 (.text:PowerCC26XX_doCalibrate)
                  0000261c    00000190     ysu_sensortag.obj (.text:SensorTag_init$38)
                  000027ac    0000018e     BME688_api.obj (.text:read_field_data$5)
                  0000293a    00000154     BME688_api.obj (.text:get_calib_data$5)
                  00002a8e    00000002     rtsv7M3_T_le_eabi.lib : l_div0.obj (.text)
                  00002a90    00000144     BME688_api.obj (.text:bme68x_set_conf)
                  00002bd4    00000130     driverlib.lib : setup.obj (.text:NOROM_SetupAfterColdResetWakeupFromShutDownCfg3)
                  00002d04    0000012c     drivers_cc13xxware.aem3 : PowerCC26XX.oem3 (.text:Power_init)
                  00002e30    00000128     RFCC26XX_singleMode.obj (.text:fsmSetupState$14)
                  00002f58    00000120     peripheral.obj (.text:GAPRole_GetParameter)
                  00003078    00000110     RFCC26XX_singleMode.obj (.text:hwiFxnCpe0Active$14)
                  00003188    000000fc     peripheral.obj (.text:gapRole_taskFxn$30)
                  00003284    000000f8     drivers_cc13xxware.aem3 : I2CCC26XX.oem3 (.text:I2CCC26XX_open)
                  0000337c    000000f8     app_ble_pem3.oem3 (.text:xdc_runtime_System_printfExtend__I)
                  00003474    000000ec     icall.obj (.text:ICall_primWaitMatch$22)
                  00003560    000000ec     driverlib.lib : setup.obj (.text:NOROM_SetupAfterColdResetWakeupFromShutDownCfg2)
                  0000364c    000000ec     RFCC26XX_singleMode.obj (.text:rf_init$14)
                  00003738    000000e8     drivers_cc13xxware.aem3 : I2CCC26XX.oem3 (.text:I2CCC26XX_hwiFxn)
                  00003820    000000d8     driverlib.lib : rfc.obj (.text:NOROM_RFCRTrim)
                  000038f8    000000d4                   : rfc.obj (.text:NOROM_RFCRfTrimRead)
                  000039cc    000000d4     drivers_cc13xxware.aem3 : PowerCC26XX.oem3 (.text:Power_releaseDependency)
                  00003aa0    000000d4     bme688_driver.obj (.text:bme68x_i2c_write)
                  00003b74    000000d0     drivers_cc13xxware.aem3 : PowerCC26XX.oem3 (.text:Power_setDependency)
                  00003c44    000000cc     driverlib.lib : setup.obj (.text:TrimAfterColdResetWakeupFromShutDown)
                  00003d10    000000c8     RFCC26XX_singleMode.obj (.text:fsmPowerUpState$14)
                  00003dd8    000000c8     bme688.obj (.text:sensorTaskFxn$7)
                  00003ea0    000000c4     bme688service.obj (.text:sensor_WriteAttrCB$6)
                  00003f64    000000c4     RFCC26XX_singleMode.obj (.text:swiFxnHw$14)
                  00004028    000000c2     drivers_cc13xxware.aem3 : I2CCC26XX.oem3 (.text:I2CCC26XX_transfer)
                  000040ea    00000002     rom_sysbios.aem3 : rom_sysbios.obj (.text:ti_sysbios_BIOS_linkedWithIncorrectBootLibrary__E)
                  000040ec    000000c0     RFCC26XX_singleMode.obj (.text:RF_open)
                  000041ac    000000bc     power_cc13xx_tirtos.aem3 : PowerCC26XX_tirtos.oem3 (.text:PowerCC26XX_standbyPolicy)
                  00004268    000000b8     bme688_driver.obj (.text:init_bme)
                  00004320    000000b8     adxl_service.obj (.text:sensor_WriteAttrCB$1)
                  000043d8    000000b4     PINCC26XX.obj (.text:PINCC26XX_setIoCfg$13)
                  0000448c    000000b0     bme688_driver.obj (.text:bme68x_i2c_read)
                  0000453c    000000b0     BME688_api.obj (.text:calc_pressure$5)
                  000045ec    000000b0     devinfoservice.obj (.text:devInfo_ReadAttrCB$27)
                  0000469c    000000ac     BME688_api.obj (.text:calc_gas_resistance_low$5)
                  00004748    000000a8     BME688_api.obj (.text:bme68x_set_heatr_conf)
                  000047f0    000000a4     devinfoservice.obj (.text:DevInfo_SetParameter)
                  00004894    000000a4     driverlib.lib : setup.obj (.text:NOROM_SetupTrimDevice)
                  00004938    000000a4     ccservice.obj (.text:ccService_WriteAttrCB$36)
                  000049dc    000000a0     driverlib.lib : setup.obj (.text:NOROM_SetupAfterColdResetWakeupFromShutDownCfg1)
                  00004a7c    000000a0     auto_init.aem3 : auto_init.oem3 (.text)
                  00004b1c    000000a0     BME688_api.obj (.text:bme68x_set_regs)
                  00004bbc    000000a0     peripheral.obj (.text:gapRole_init$30)
                  00004c5c    000000a0     rom_sysbios.aem3 : rom_sysbios.obj (.text:ti_sysbios_knl_Task_setPri__E)
                  00004cfc    0000009c     ysu_sensortag.obj (.text:SensorTag_processStateChangeEvt$38)
                  00004d98    0000009c     rtsv7M3_T_le_eabi.lib : memcpy_t2.obj (.text)
                  00004e34    0000009a     rom_sysbios.aem3 : rom_sysbios.obj (.text:xdc_runtime_Text_putSite__E)
                  00004ece    00000002     app_ble_pem3.oem3 (.text:ti_sysbios_BIOS_nullFunc__I)
                  00004ed0    00000098     PINCC26XX.obj (.text:PIN_open)
                  00004f68    00000098     rom_sysbios.aem3 : rom_sysbios.obj (.text:ti_sysbios_knl_Clock_workFuncDynamic__E)
                  00005000    00000094     gattservapp_util.obj (.text:GATTServApp_ProcessCharCfg)
                  00005094    00000094     rom_sysbios.aem3 : rom_sysbios.obj (.text:xdc_runtime_Text_putMod__E)
                  00005128    00000090     drivers_cc13xxware.aem3 : I2CCC26XX.oem3 (.text:I2CCC26XX_cancel)
                  000051b8    00000090     BME688_api.obj (.text:bme68x_set_op_mode)
                  00005248    00000090     drivers_cc13xxware.aem3 : PowerCC26XX.oem3 (.text:switchXOSCHFclockFunc)
                  000052d8    0000008c                             : I2CCC26XX.oem3 (.text:I2CCC26XX_primeTransfer)
                  00005364    0000008c     driverlib.lib : osc.obj (.text:NOROM_OSCHF_GetStartupTime)
                  000053f0    0000008c     BME688_api.obj (.text:calc_humidity$5)
                  0000547c    0000008c     drivers_cc13xxware.aem3 : PowerCC26XX.oem3 (.text:disableLFClockQualifiers)
                  00005508    00000088     ysu_sensortag.obj (.text:SensorTag_taskFxn$38)
                  00005590    00000088     drivers_cc13xxware.aem3 : PowerCC26XX_calibrateRCOSC.oem3 (.text:calibrateRcoscHf2)
                  00005618    00000084     icall.obj (.text:ICall_heapMalloc)
                  0000569c    00000084     icall.obj (.text:ICall_primSetTimer$22)
                  00005720    00000084     TRNGCC26XX.obj (.text:TRNGCC26XX_getNumber)
                  000057a4    00000080     RFCC26XX_singleMode.obj (.text:RF_pendCmd)
                  00005824    00000080     i2c_interface.obj (.text:aquireI2CInterface)
                  000058a4    00000080     BME688_api.obj (.text:calc_res_heat$5)
                  00005924    00000080     bme688_driver.obj (.text:get_data)
                  000059a4    0000007c     icall.obj (.text:ICall_createRemoteTasks)
                  00005a20    0000007a     rtsv7M3_T_le_eabi.lib : memset_t2.obj (.text)
                  00005a9a    00000078     BME688_api.obj (.text:set_conf$5)
                  00005b12    00000002     rom_sysbios.aem3 : rom_sysbios.obj (.text:ti_sysbios_knl_Clock_triggerFunc__I)
                  00005b14    00000074     icall_cc2650.obj (.text:ICallPlatform_pwrUpdActivityCounter)
                  00005b88    00000074     icall.obj (.text:ICall_primSend$22)
                  00005bfc    00000074     drivers_cc13xxware.aem3 : PowerCC26XX_calibrateRCOSC.oem3 (.text:PowerCC26XX_auxISR)
                  00005c70    00000074     peripheral.obj (.text:gapRole_startConnUpdate$30)
                  00005ce4    00000074     main.obj (.text:main)
                  00005d58    00000074     adxl343.obj (.text:sensorTaskFxn$0)
                  00005dcc    00000070     driverlib.lib : chipinfo.obj (.text:NOROM_ChipInfo_GetHwRevision)
                  00005e3c    00000070                   : setup.obj (.text:NOROM_SetupSetVddrLevel)
                  00005eac    0000006d     rom_sysbios.aem3 : rom_sysbios.obj (.text:xdc_runtime_System_formatNum__I)
                  00005f19    00000001     --HOLE-- [fill = 0]
                  00005f1a    00000002     app_ble_pem3.oem3 (.text:ti_sysbios_rom_cortexm_cc13xx_CC13xx_badRomRevision__E)
                  00005f1c    0000006c     adxl343.obj (.text:ADXL_processCharChangeEvt)
                  00005f88    0000006c     bme688.obj (.text:BME_processCharChangeEvt)
                  00005ff4    0000006c     icall.obj (.text:ICall_heapInit)
                  00006060    0000006c     driverlib.lib : setup.obj (.text:NOROM_SetupGetTrimForAmpcompCtrl)
                  000060cc    0000006c     drivers_cc13xxware.aem3 : PowerCC26XX.oem3 (.text:PowerCC26XX_calibrate)
                  00006138    0000006c     RFCC26XX_singleMode.obj (.text:fsmPowerDownState$14)
                  000061a4    0000006a     rtsv7M3_T_le_eabi.lib : copy_decompress_rle.obj (.text)
                  0000620e    00000002     rom_sysbios.aem3 : rom_sysbios.obj (.text:xdc_runtime_SysCallback_defaultAbort)
                  00006210    00000068     driverlib.lib : setup.obj (.text:NOROM_SetupGetTrimForAnabypassValue1)
                  00006278    00000068                   : sys_ctrl.obj (.text:NOROM_SysCtrl_DCDC_VoltageConditionalControl)
                  000062e0    00000068     sensortag_conn_ctrl.obj (.text:SensorTagConnectionControl_update)
                  00006348    00000068     gattservapp_util.obj (.text:gattServApp_SendNotiInd$29)
                  000063b0    00000064     drivers_cc13xxware.aem3 : I2CCC26XX.oem3 (.text:I2CCC26XX_close)
                  00006414    00000064                             : I2CCC26XX.oem3 (.text:I2CCC26XX_initIO)
                  00006478    00000064     driverlib.lib : osc.obj (.text:NOROM_OSCHF_AttemptToSwitchToXosc)
                  000064dc    00000064     BME688_api.obj (.text:bme68x_get_data)
                  00006540    00000064     BME688_api.obj (.text:bme68x_get_meas_dur)
                  000065a4    00000064     rom_sysbios.aem3 : rom_sysbios.obj (.text:ti_sysbios_family_arm_cc26xx_Timer_start__E)
                  00006608    00000060     icall.obj (.text:ICall_primEnroll$22)
                  00006668    00000060     driverlib.lib : osc.obj (.text:NOROM_OSCClockSourceSet)
                  000066c8    00000060     drivers_cc13xxware.aem3 : PowerCC26XX_calibrateRCOSC.oem3 (.text:PowerCC26XX_RCOSC_clockFunc)
                  00006728    00000060     RFCC26XX_singleMode.obj (.text:RF_getCurrentTime)
                  00006788    00000060     BME688_api.obj (.text:set_mem_page$5)
                  000067e8    00000060     drivers_cc13xxware.aem3 : PowerCC26XX_calibrateRCOSC.oem3 (.text:updateSubSecInc)
                  00006848    0000005e     adxl_service.obj (.text:sensor_ReadAttrCB$1)
                  000068a6    0000005e     bme688service.obj (.text:sensor_ReadAttrCB$6)
                  00006904    0000005c     icall.obj (.text:ICall_primThreadServes$22)
                  00006960    0000005c     driverlib.lib : sys_ctrl.obj (.text:NOROM_SysCtrlAdjustRechargeAfterPowerDown)
                  000069bc    0000005c     RFCC26XX_singleMode.obj (.text:applyRfCorePatch$14)
                  00006a18    0000005c     BME688_api.obj (.text:calc_temperature$5)
                  00006a74    0000005c     RFCC26XX_singleMode.obj (.text:decActiveClientCnt$14)
                  00006ad0    0000005c     app_ble_pem3.oem3 (.text:xdc_runtime_Startup_getState__I)
                  00006b2c    0000005b     rom_sysbios.aem3 : rom_sysbios.obj (.text:xdc_runtime_Text_putLab__E)
                  00006b87    00000001     --HOLE-- [fill = 0]
                  00006b88    00000058     drivers_cc13xxware.aem3 : I2CCC26XX.oem3 (.text:I2CCC26XX_swiFxn)
                  00006be0    00000058     PINCC26XX.obj (.text:PIN_remove)
                  00006c38    00000058     drivers_cc13xxware.aem3 : PowerCC26XX_calibrateRCOSC.oem3 (.text:PowerCC26XX_initiateCalibration)
                  00006c90    00000054     adxl_service.obj (.text:ADXL_setParameter)
                  00006ce4    00000054     BME688_api.obj (.text:bme68x_soft_reset)
                  00006d38    00000054     drivers_cc13xxware.aem3 : PowerCC26XX.oem3 (.text:configureXOSCHF)
                  00006d8c    00000054     RFCC26XX_singleMode.obj (.text:fsmXOSCState$14)
                  00006de0    00000054     RFCC26XX_singleMode.obj (.text:hwiFxnHw$14)
                  00006e34    00000054     RFCC26XX_singleMode.obj (.text:ratChanFree$14)
                  00006e88    00000052     icall.obj (.text:ICall_primWait$22)
                  00006eda    00000002     rom_sysbios.aem3 : rom_sysbios.obj (.text:xdc_runtime_SysCallback_defaultExit)
                  00006edc    00000050     bme688service.obj (.text:BME_setParameter)
                  00006f2c    00000050     icall_api.obj (.text:GAP_DeviceInit)
                  00006f7c    00000050     icall_api.obj (.text:GAP_UpdateAdvertisingData)
                  00006fcc    00000050     icall.obj (.text:ICall_primRegisterApp$22)
                  0000701c    00000050     driverlib.lib : setup.obj (.text:NOROM_SetupSetCacheModeAccordingToCcfgSetting)
                  0000706c    00000050     RFCC26XX_singleMode.obj (.text:RF_getInfo)
                  000070bc    00000050     RFCC26XX_singleMode.obj (.text:syncCb$14)
                  0000710c    0000004e     BME688_api.obj (.text:bme68x_get_regs)
                  0000715a    0000004e     ccservice.obj (.text:ccService_ReadAttrCB$36)
                  000071a8    0000004c     icall_cc2650.obj (.text:ICallPlatform_pwrRegisterNotify)
                  000071f4    0000004c     icall.obj (.text:ICall_newTask$22)
                  00007240    0000004c     icall.obj (.text:ICall_primGetEntityId$22)
                  0000728c    0000004c     ysu_sensortag.obj (.text:SensorTag_setDeviceInfo$38)
                  000072d8    0000004c     RFCC26XX_singleMode.obj (.text:dispatchOpWhen$14)
                  00007324    0000004c     peripheral.obj (.text:gapRole_processStackMsg$30)
                  00007370    0000004c     rtsv7M3_T_le_eabi.lib : cpy_tbl.obj (.text)
                  000073bc    0000004a     gattservapp_util.obj (.text:GATTServApp_ProcessCCCWriteReq)
                  00007406    00000002     rom_sysbios.aem3 : rom_sysbios.obj (.text:xdc_runtime_SysCallback_defaultFlush)
                  00007408    00000048     drivers_cc13xxware.aem3 : I2CCC26XX.oem3 (.text:I2CCC26XX_initHw)
                  00007450    00000048     driverlib.lib : chipinfo.obj (.text:NOROM_ChipInfo_GetChipFamily)
                  00007498    00000048     util.obj (.text:Util_constructClock)
                  000074e0    00000048     icall_api.obj (.text:gattIndNoti$25)
                  00007528    00000048     drivers_cc13xxware.aem3 : PowerCC26XX.oem3 (.text:notify)
                  00007570    00000044     main.obj (.text:AssertHandler)
                  000075b4    00000044     icall_api.obj (.text:GAP_TerminateLinkReq)
                  000075f8    00000044     PINCC26XX.obj (.text:PIN_swi$13)
                  0000763c    00000044     boot.aem3 : boot.oem3 (.text)
                  00007680    00000044     icall_api.obj (.text:gapSendParamAndPtrCmd$25)
                  000076c4    00000044     rtsv7M3_T_le_eabi.lib : exit.obj (.text)
                  00007708    00000044     rom_sysbios.aem3 : rom_sysbios.obj (.text:xdc_runtime_Text_xprintf__I)
                  0000774c    00000042     icall.obj (.text:ICall_primCreateTask$22)
                  0000778e    00000002     rom_sysbios.aem3 : rom_sysbios.obj (.text:xdc_runtime_SysCallback_defaultPutch)
                  00007790    00000040     peripheral.obj (.text:GAPRole_createTask)
                  000077d0    00000040     drivers_cc13xxware.aem3 : PowerCC26XX.oem3 (.text:PowerCC26XX_isStableXOSC_HF)
                  00007810    00000040     RFCC26XX_singleMode.obj (.text:RF_getRssi)
                  00007850    00000040     rtsv7M3_T_le_eabi.lib : u_divt2.obj (.text)
                  00007890    0000003c     adxl343.obj (.text:ADXL_createTask)
                  000078cc    0000003c     bme688.obj (.text:BME_createTask)
                  00007908    0000003c     icall_api.obj (.text:GAP_GetParamValue)
                  00007944    0000003c     icall_api.obj (.text:GATTServApp_RegisterService)
                  00007980    0000003c     icall_cc2650.obj (.text:ICallPlatform_pwrConfigACAction)
                  000079bc    0000003c     driverlib.lib : osc.obj (.text:NOROM_OSC_HPOSCRelativeFrequencyOffsetGet)
                  000079f8    0000003c                   : rfc.obj (.text:NOROM_RFCSynthPowerDown)
                  00007a34    0000003c     RFCC26XX_singleMode.obj (.text:RF_runCmd)
                  00007a70    0000003c     ysu_sensortag.obj (.text:SensorTag_createTask)
                  00007aac    0000003c     RFCC26XX_singleMode.obj (.text:postDirImmCmd$14)
                  00007ae8    0000003c     icall_api.obj (.text:sendWaitMatchCS$25)
                  00007b24    0000003c     icall_api.obj (.text:sendWaitMatchValueCS$25)
                  00007b60    00000038     icall_api.obj (.text:GAPBondMgr_LinkEst)
                  00007b98    00000038     peripheral.obj (.text:GAPRole_SendUpdateParam)
                  00007bd0    00000038     drivers_cc13xxware.aem3 : I2C.oem3 (.text:I2C_init)
                  00007c08    00000038     icall.obj (.text:ICall_primGetMaxMSecs$22)
                  00007c40    00000038     util.obj (.text:Util_restartClock)
                  00007c78    00000038     peripheral.obj (.text:gapRole_HandleParamUpdateNoSuccess$30)
                  00007cb0    00000038     icall_api.obj (.text:linkDB_NumConns)
                  00007ce8    00000038     rom_sysbios.aem3 : rom_sysbios.obj (.text:ti_sysbios_family_arm_cc26xx_Timer_getCurrentTick__E)
                  00007d20    00000036     icall_api.obj (.text:profileSetParameter$25)
                  00007d56    00000036     RFCC26XX_singleMode.obj (.text:updateImplicitState$14)
                  00007d8c    00000034     icall_api.obj (.text:GAPBondMgr_SetParameter)
                  00007dc0    00000034     icall_api.obj (.text:GAP_SetParamValue)
                  00007df4    00000034     icall.obj (.text:ICall_primEntityId2ServiceId$22)
                  00007e28    00000034     icall.obj (.text:ICall_primFetchMsg$22)
                  00007e5c    00000034     icall.obj (.text:ICall_primRegisterISR$22)
                  00007e90    00000034     icall.obj (.text:ICall_primRegisterISR_Ext$22)
                  00007ec4    00000034     icall.obj (.text:ICall_searchServiceEntity)
                  00007ef8    00000034     driverlib.lib : osc.obj (.text:NOROM_OSCHF_SwitchToRcOscTurnOffXosc)
                  00007f2c    00000034                   : trng.obj (.text:NOROM_TRNGConfigure)
                  00007f60    00000034     PINCC26XX.obj (.text:PIN_setOutputValue)
                  00007f94    00000034     RFCC26XX_singleMode.obj (.text:Q_push$14)
                  00007fc8    00000034     bme688_driver.obj (.text:bme68x_delay_us)
                  00007ffc    00000034     BME688_api.obj (.text:bme68x_init)
                  00008030    00000034     icall_api.obj (.text:osal_snv_read)
                  00008064    00000034     icall_api.obj (.text:osal_snv_write)
                  00008098    00000034     icall_api.obj (.text:profileAddService$25)
                  000080cc    00000032     icall_api.obj (.text:gapSendParamsCmd$25)
                  000080fe    00000032     icall_api.obj (.text:gapSendPtrParamsCmd$25)
                  00008130    00000032     BME688_api.obj (.text:get_mem_page$5)
                  00008162    00000032     icall_api.obj (.text:matchGapSetGetParamCS$25)
                  00008194    00000032     icall_api.obj (.text:matchGattCmdStatus$25)
                  000081c6    00000032     icall_api.obj (.text:matchUtilNvCS$25)
                  000081f8    00000032     rom_sysbios.aem3 : rom_sysbios.obj (.text:ti_sysbios_family_arm_cc26xx_Timer_setNextTick__E)
                  0000822a    00000002     --HOLE-- [fill = 0]
                  0000822c    00000030     drivers_cc13xxware.aem3 : I2C.oem3 (.text:I2C_open)
                  0000825c    00000030     icall_cc2650.obj (.text:ICallPlatform_pwrNotify$23)
                  0000828c    00000030     icall.obj (.text:ICall_msecs2Ticks$22)
                  000082bc    00000030     icall.obj (.text:ICall_searchTask$22)
                  000082ec    00000030     driverlib.lib : setup.obj (.text:NOROM_SetupSetAonRtcSubSecInc)
                  0000831c    00000030     drivers_cc13xxware.aem3 : PowerCC26XX.oem3 (.text:Power_releaseConstraint)
                  0000834c    00000030                             : PowerCC26XX.oem3 (.text:Power_setConstraint)
                  0000837c    00000030     bme688_driver.obj (.text:bme68x_interface_init)
                  000083ac    00000030     app_ble_pem3.oem3 (.text:ti_sysbios_BIOS_atExitFunc__I)
                  000083dc    00000030     app_ble_pem3.oem3 (.text:ti_sysbios_BIOS_startFunc__I)
                  0000840c    00000030     rom_sysbios.aem3 : rom_sysbios.obj (.text:ti_sysbios_family_arm_cc26xx_Timer_initDevice__I)
                  0000843c    00000030                      : rom_sysbios.obj (.text:ti_sysbios_family_arm_cc26xx_Timer_setThreshold__I)
                  0000846c    0000002f                      : rom_sysbios.obj (.text:xdc_runtime_Text_printVisFxn__I)
                  0000849b    00000001     --HOLE-- [fill = 0]
                  0000849c    0000002e     icall_cc2650.obj (.text:ICallPlatform_pwrDispenseImpl$23)
                  000084ca    0000002e     icall_cc2650.obj (.text:ICallPlatform_pwrRequireImpl$23)
                  000084f8    0000002e     peripheral.obj (.text:ICall_fetchServiceMsg$30)
                  00008526    0000002e     ysu_sensortag.obj (.text:ICall_fetchServiceMsg$38)
                  00008554    0000002e     icall.obj (.text:ICall_msgDequeue$22)
                  00008582    0000002e     icall_api.obj (.text:matchProfileAddServiceCS$25)
                  000085b0    0000002c     adxl343.obj (.text:ADXL_init)
                  000085dc    0000002c     bme688.obj (.text:BME_init)
                  00008608    0000002c     icall.obj (.text:ICall_heapFree)
                  00008634    0000002c     adxl_service.obj (.text:ICall_malloc$1)
                  00008660    0000002c     bme688service.obj (.text:ICall_malloc$6)
                  0000868c    0000002c     icall.obj (.text:ICall_msgEnqueue$22)
                  000086b8    0000002c     icall.obj (.text:ICall_primAllocMsg$22)
                  000086e4    0000002c     icall.obj (.text:ICall_primFetchServiceMsg$22)
                  00008710    0000002c     icall_api.obj (.text:ICall_sendServiceMsg$25)
                  0000873c    0000002c     driverlib.lib : ddi.obj (.text:NOROM_DDI32RegWrite)
                  00008768    0000002c                   : osc.obj (.text:NOROM_OSCClockSourceGet)
                  00008794    0000002c                   : setup.obj (.text:NOROM_SetupGetTrimForRadcExtCfg)
                  000087c0    0000002c     PINCC26XX.obj (.text:PINCC26XX_setMux)
                  000087ec    0000002c     PINCC26XX.obj (.text:PIN_setConfig)
                  00008818    0000002c     BME688_api.obj (.text:boundary_check$5)
                  00008844    0000002c     bme688_driver.obj (.text:config_bme)
                  00008870    0000002c     RFCC26XX_singleMode.obj (.text:getCmd$14)
                  0000889c    0000002c     rom_sysbios.aem3 : rom_sysbios.obj (.text:ti_sysbios_knl_Clock_getTicksUntilInterrupt__E)
                  000088c8    0000002c     st_util.obj (.text:utilExtractUuid16)
                  000088f4    0000002a     icall_api.obj (.text:ICall_waitMatch$25)
                  0000891e    0000002a     TRNGCC26XX.obj (.text:TRNGCC26XX_isParamValid)
                  00008948    0000002a     util.obj (.text:Util_enqueueMsg)
                  00008972    0000002a     icall_api.obj (.text:matchProfileCS$25)
                  0000899c    0000002a     rom_sysbios.aem3 : rom_sysbios.obj (.text:xdc_runtime_System_putchar__I)
                  000089c6    00000002     --HOLE-- [fill = 0]
                  000089c8    00000028     adxl_service.obj (.text:ADXL_addService)
                  000089f0    00000028     bme688service.obj (.text:BME_addService)
                  00008a18    00000028     bme688service.obj (.text:BME_getParameter)
                  00008a40    00000028     ccservice.obj (.text:CcService_setParameter)
                  00008a68    00000028     gattservapp_util.obj (.text:GATTServApp_WriteCharCfg)
                  00008a90    00000028     icall.obj (.text:ICall_init)
                  00008ab8    00000028     icall.obj (.text:ICall_msgPrepend$22)
                  00008ae0    00000028     adxl343.obj (.text:ICall_registerApp$0)
                  00008b08    00000028     peripheral.obj (.text:ICall_registerApp$30)
                  00008b30    00000028     ysu_sensortag.obj (.text:ICall_registerApp$38)
                  00008b58    00000028     bme688.obj (.text:ICall_registerApp$7)
                  00008b80    00000028     driverlib.lib : aon_batmon.obj (.text:NOROM_AONBatMonTemperatureGetDegC)
                  00008ba8    00000028     drivers_cc13xxware.aem3 : PowerCC26XX.oem3 (.text:PowerCC26XX_switchXOSC_HF)
                  00008bd0    00000028                             : PowerCC26XX.oem3 (.text:Power_registerNotify)
                  00008bf8    00000028     driverlib.lib : adi.obj (.text:SafeHapiVoid)
                  00008c20    00000028     ysu_sensortag.obj (.text:SensorTag_enqueueMsg$38)
                  00008c48    00000028     TRNGCC26XX.obj (.text:TRNGCC26XX_init)
                  00008c70    00000028     RFCC26XX_singleMode.obj (.text:clkPowerUpFxn$14)
                  00008c98    00000028     gattservapp_util.obj (.text:gattServApp_FindCharCfgItem$29)
                  00008cc0    00000028     rom_sysbios.aem3 : rom_sysbios.obj (.text:ti_sysbios_family_arm_cc26xx_Timer_getMaxTicks__E)
                  00008ce8    00000026     drivers_cc13xxware.aem3 : List.oem3 (.text:List_put)
                  00008d0e    00000002     --HOLE-- [fill = 0]
                  00008d10    00000024     adxl_service.obj (.text:ADXL_getParameter)
                  00008d34    00000024     adxl343.obj (.text:ADXL_reset)
                  00008d58    00000024     bme688.obj (.text:BME_reset)
                  00008d7c    00000024     icall_api.obj (.text:GAPBondMgr_LinkTerm)
                  00008da0    00000024     icall_api.obj (.text:GAPBondMgr_Register)
                  00008dc4    00000024     icall_api.obj (.text:ICall_getLocalMsgEntityId$25)
                  00008de8    00000024     icall_api.obj (.text:ICall_threadServes$25)
                  00008e0c    00000024     PINCC26XX.obj (.text:PINCC26XX_getPinCount)
                  00008e30    00000024     simple_peripheral.obj (.text:SimpleBLEPeripheral_enqueueMsg$3)
                  00008e54    00000024     BME688_api.obj (.text:bme68x_get_op_mode)
                  00008e78    00000024     BME688_api.obj (.text:calc_gas_wait$5)
                  00008e9c    00000024     drivers_cc13xxware.aem3 : PowerCC26XX_calibrateRCOSC.oem3 (.text:getTdcSemaphore)
                  00008ec0    00000024     RFCC26XX_singleMode.obj (.text:hwiFxnCpe0PowerFsm$14)
                  00008ee4    00000024     main.obj (.text:rFSwitchNotifyCb$34)
                  00008f08    00000024     app_ble_pem3.oem3 (.text:ti_sysbios_BIOS_registerRTSLock__I)
                  00008f2c    00000024     app_ble_pem3.oem3 (.text:ti_sysbios_BIOS_removeRTSLock__I)
                  00008f50    00000024     rom_sysbios.aem3 : rom_sysbios.obj (.text:xdc_runtime_System_vprintf__E)
                  00008f74    00000022     icall.obj (.text:ICall_dispatch$22)
                  00008f96    00000022     ysu_sensortag.obj (.text:ICall_malloc$38)
                  00008fb8    00000022     util.obj (.text:ICall_malloc$4)
                  00008fda    00000022     bme688_driver.obj (.text:config_heatr)
                  00008ffc    00000020     gattservapp_util.obj (.text:GATTServApp_InitCharCfg)
                  0000901c    00000020     icall_api.obj (.text:GATT_bm_alloc)
                  0000903c    00000020     icall_api.obj (.text:ICall_allocMsg$25)
                  0000905c    00000020     icall_api.obj (.text:ICall_getEntityId$25)
                  0000907c    00000020     devinfoservice.obj (.text:ICall_malloc$27)
                  0000909c    00000020     simple_peripheral.obj (.text:ICall_malloc$3)
                  000090bc    00000020     icall.obj (.text:ICall_primService$22)
                  000090dc    00000020     icall.obj (.text:ICall_searchService$22)
                  000090fc    00000020     driverlib.lib : rfc.obj (.text:NOROM_RFCAdi3VcoLdoVoltageMode)
                  0000911c    00000020                   : rfc.obj (.text:NOROM_RFCDoorbellSendTo)
                  0000913c    00000020                   : setup.obj (.text:NOROM_SetupGetTrimForXoscHfCtl)
                  0000915c    00000020     drivers_cc13xxware.aem3 : PowerCC26XX.oem3 (.text:Power_unregisterNotify)
                  0000917c    00000020     RFCC26XX_singleMode.obj (.text:allocCmd$14)
                  0000919c    00000020     BME688_api.obj (.text:calc_gas_resistance_high$5)
                  000091bc    00000020     BME688_api.obj (.text:read_variant_id$5)
                  000091dc    00000020     app_ble_pem3.oem3 (.text:ti_sysbios_BIOS_rtsLock__I)
                  000091fc    00000020     rom_sysbios.aem3 : rom_sysbios.obj (.text:ti_sysbios_knl_Clock_stop__E)
                  0000921c    00000020                      : rom_sysbios.obj (.text:xdc_runtime_Registry_findById__E)
                  0000923c    0000001e     icall.obj (.text:ICall_primSendServiceMsg$22)
                  0000925a    0000001e     PINCC26XX.obj (.text:PIN_close)
                  00009278    0000001e     drivers_cc13xxware.aem3 : PowerCC26XX.oem3 (.text:Power_getTransitionLatency)
                  00009296    0000001e     bme688.obj (.text:initCharacteristicValue$7)
                  000092b4    0000001e     icall_api.obj (.text:waitMatchCS$25)
                  000092d2    00000002     --HOLE-- [fill = 0]
                  000092d4    0000001c     icall_api.obj (.text:GATT_bm_free)
                  000092f0    0000001c     icall.obj (.text:ICall_initPrim$22)
                  0000930c    0000001c     peripheral.obj (.text:ICall_wait$30)
                  00009328    0000001c     ysu_sensortag.obj (.text:ICall_wait$38)
                  00009344    0000001c     driverlib.lib : setup.obj (.text:NOROM_SetupGetTrimForAmpcompTh2)
                  00009360    0000001c                   : setup.obj (.text:NOROM_SetupGetTrimForRcOscLfRtuneCtuneTrim)
                  0000937c    0000001c     PINCC26XX.obj (.text:PINCC26XX_setIoCfgMux$13)
                  00009398    0000001c     PINCC26XX.obj (.text:PIN_hwi$13)
                  000093b4    0000001c     RFCC26XX_singleMode.obj (.text:RF_runDirectCmd)
                  000093d0    0000001c     RFCC26XX_singleMode.obj (.text:RF_runImmediateCmd)
                  000093ec    0000001c     ysu_sensortag.obj (.text:SensorTag_processAppMsg$38)
                  00009408    0000001c     TRNGCC26XX.obj (.text:TRNGCC26XX_open)
                  00009424    0000001c     icall_api.obj (.text:getStatusValueFromErrNo$25)
                  00009440    0000001c     TRNGCC26XX.obj (.text:openTRNG)
                  0000945c    0000001c     rom_sysbios.aem3 : rom_sysbios.obj (.text:ti_sysbios_family_arm_cc26xx_Timer_dynamicStub__E)
                  00009478    0000001a     icall.obj (.text:ICall_enterCSImpl)
                  00009492    0000001a     icall.obj (.text:ICall_primSetTimerMSecs$22)
                  000094ac    0000001a     drivers_cc13xxware.aem3 : List.oem3 (.text:List_remove)
                  000094c6    0000001a     util.obj (.text:Util_dequeueMsg)
                  000094e0    0000001a     icall_api.obj (.text:matchGattIndNotiCS$25)
                  000094fa    0000001a     BME688_api.obj (.text:null_ptr_check$5)
                  00009514    0000001a     rom_sysbios.aem3 : rom_sysbios_config.obj (.text:xdc_runtime_System_printf__E)
                  0000952e    00000002     --HOLE-- [fill = 0]
                  00009530    00000018     adxl_service.obj (.text:ADXL_registerAppCBs)
                  00009548    00000018     bme688service.obj (.text:BME_registerAppCBs)
                  00009560    00000018     peripheral.obj (.text:GAPRole_TerminateConnection)
                  00009578    00000018     icall_api.obj (.text:GATT_Notification)
                  00009590    00000018     icall_cc2650.obj (.text:ICallPlatform_pwrDispense)
                  000095a8    00000018     icall_cc2650.obj (.text:ICallPlatform_pwrRequire)
                  000095c0    00000018     devinfoservice.obj (.text:ICall_free$27)
                  000095d8    00000018     ysu_sensortag.obj (.text:ICall_free$38)
                  000095f0    00000018     util.obj (.text:ICall_free$4)
                  00009608    00000018     icall.obj (.text:ICall_freeMsg$22)
                  00009620    00000018     icall_api.obj (.text:ICall_freeMsg$25)
                  00009638    00000018     peripheral.obj (.text:ICall_freeMsg$30)
                  00009650    00000018     ysu_sensortag.obj (.text:ICall_freeMsg$38)
                  00009668    00000018     icall.obj (.text:ICall_primMalloc$22)
                  00009680    00000018     driverlib.lib : aon_rtc.obj (.text:NOROM_AONRTCCurrentCompareValueGet)
                  00009698    00000018                   : chipinfo.obj (.text:NOROM_ChipInfo_GetPackageType)
                  000096b0    00000018                   : osc.obj (.text:NOROM_OSCHF_TurnOnXosc)
                  000096c8    00000018                   : rfc.obj (.text:NOROM_RFCCpeIntGetAndClear)
                  000096e0    00000018                   : setup.obj (.text:NOROM_SetupGetTrimForAdcShModeEn)
                  000096f8    00000018                   : setup.obj (.text:NOROM_SetupGetTrimForAdcShVbufEn)
                  00009710    00000018                   : setup.obj (.text:NOROM_SetupGetTrimForAmpcompTh1)
                  00009728    00000018                   : setup.obj (.text:NOROM_SetupGetTrimForDblrLoopFilterResetVoltage)
                  00009740    00000018                   : setup.obj (.text:NOROM_SetupGetTrimForRcOscLfIBiasTrim)
                  00009758    00000018                   : setup.obj (.text:NOROM_SetupGetTrimForXoscLfRegulatorAndCmirrwrRatio)
                  00009770    00000018     drivers_cc13xxware.aem3 : PowerCC26XX.oem3 (.text:Power_idleFunc)
                  00009788    00000018     RFCC26XX_singleMode.obj (.text:Q_pop$14)
                  000097a0    00000018     ysu_sensortag.obj (.text:SensorTag_processCharValueChangeEvt$38)
                  000097b8    00000018     ysu_sensortag.obj (.text:SensorTag_updateAdvertisingData)
                  000097d0    00000018     drivers_cc13xxware.aem3 : PowerCC26XX.oem3 (.text:configureRFCoreClocks)
                  000097e8    00000018     peripheral.obj (.text:gapRole_setEvent$30)
                  00009800    00000018     adxl343.obj (.text:initCharacteristicValue$0)
                  00009818    00000018     rtsv7M3_T_le_eabi.lib : args_main.obj (.text)
                  00009830    00000018                           : ll_mul_t2.obj (.text)
                  00009848    00000018     RFCC26XX_singleMode.obj (.text:swiFxnFsm$14)
                  00009860    00000018     app_ble_pem3.oem3 (.text:ti_sysbios_BIOS_rtsUnlock__I)
                  00009878    00000018     rom_sysbios.aem3 : rom_sysbios.obj (.text:ti_sysbios_knl_Swi_or__E)
                  00009890    00000018     app_ble_pem3.oem3 (.text:ti_sysbios_rom_cortexm_cc13xx_CC13xx_checkRevision__E)
                  000098a8    00000016     icall.obj (.text:ICall_abort$22)
                  000098be    00000016     icall.obj (.text:ICall_leaveCSImpl)
                  000098d4    00000016     icall.obj (.text:ICall_primStopTimer$22)
                  000098ea    00000016     driverlib.lib : chipinfo.obj (.text:NOROM_ThisCodeIsBuiltForCC13xxHwRev20AndLater_HaltIfViolated)
                  00009900    00000016     ble_user_config.obj (.text:driverTable_fnSpinlock)
                  00009916    00000016     app_ble_pem3.oem3 (.text:ti_sysbios_BIOS_exitFunc__I)
                  0000992c    00000014     devinfoservice.obj (.text:DevInfo_AddService)
                  00009940    00000014     peripheral.obj (.text:GAPRole_StartDevice)
                  00009954    00000014     driverlib.lib : aon_rtc.obj (.text:NOROM_AONRTCCurrent64BitValueGet)
                  00009968    00000014     RFCC26XX_singleMode.obj (.text:RF_Params_init)
                  0000997c    00000014     ysu_sensortag.obj (.text:SensorTag_clockHandler$38)
                  00009990    00000014     rtsv7M3_T_le_eabi.lib : _lock.obj (.text)
[...]
1001c2d5  ti_sysbios_knl_Queue_next__E                                              
1001c2d9  ti_sysbios_knl_Semaphore_delete                                           
1001c2dd  ti_sysbios_knl_Semaphore_destruct                                         
1001c2e1  ti_sysbios_knl_Swi_delete                                                 
1001c2e5  ti_sysbios_knl_Swi_destruct                                               
1001c2e9  ti_sysbios_knl_Swi_postInit__I                                            
1001c2ed  ti_sysbios_knl_Task_SupportProxy_Module__startupDone__S                   
1001c2f1  ti_sysbios_knl_Task_SupportProxy_getStackAlignment__E                     
1001c2f5  ti_sysbios_knl_Task_SupportProxy_start__E                                 
1001c2f9  ti_sysbios_knl_Task_SupportProxy_swap__E                                  
1001c2fd  ti_sysbios_knl_Task_delete                                                
1001c301  ti_sysbios_knl_Task_destruct                                              
1001c305  ti_sysbios_knl_Task_startup__E                                            
1001c309  xdc_runtime_Startup_startMods__I                                          
1001c401  xdc_runtime_Core_createObject__I                                          
1001c483  xdc_runtime_Error_policySpin__E                                           
1001c485  xdc_runtime_Memory_alloc__E                                               
1001c4f5  xdc_runtime_Core_deleteObject__I                                          
1001c555  xdc_runtime_Startup_exec__E                                               
1001c5a5  xdc_runtime_Assert_raise__I                                               
1001c5ed  xdc_runtime_Core_assignParams__I                                          
1001c635  xdc_runtime_Core_constructObject__I                                       
1001c67d  xdc_runtime_System_atexit__E                                              
1001c6b5  xdc_runtime_System_processAtExit__E                                       
1001c6e9  xdc_runtime_Core_assignLabel__I                                           
1001c719  xdc_runtime_Text_cordText__E                                              
1001c745  xdc_runtime_System_abort__E                                               
1001c765  xdc_runtime_Error_raiseX__E                                               
1001c781  xdc_runtime_Memory_valloc__E                                              
1001c79d  xdc_runtime_Core_destructObject__I                                        
1001c7b5  xdc_runtime_Error_check__E                                                
1001c7cd  xdc_runtime_System_exit__E                                                
1001c7e5  xdc_runtime_Text_ropeText__E                                              
1001c7fd  xdc_runtime_Memory_free__E                                                
1001c80d  xdc_runtime_SysCallback_abort__E                                          
1001c81d  xdc_runtime_SysCallback_exit__E                                           
1001c82d  xdc_runtime_Timestamp_SupportProxy_get32__E                               
1001c82d  xdc_runtime_Timestamp_get32__E                                            
1001c83d  xdc_runtime_Error_init__E                                                 
1001c849  xdc_runtime_Memory_calloc__E                                              
1001c855  xdc_runtime_Memory_getMaxDefaultTypeAlign__E                              
1001c875  xdc_runtime_Gate_leaveSystem__E                                           
1001c87b  xdc_runtime_System_Module_startup__E                                      
1001c881  xdc_runtime_Gate_enterSystem__E                                           
1001c885  xdc_runtime_Memory_HeapProxy_alloc__E                                     
1001c889  xdc_runtime_Memory_HeapProxy_free__E                                      
1001c88d  xdc_runtime_System_Module_GateProxy_enter__E                              
1001c891  xdc_runtime_System_Module_GateProxy_leave__E                              
1001c895  xdc_runtime_System_abortSpin__E                                           
1001c897  xdc_runtime_System_exitSpin__E                                            
1001c899  ti_sysbios_family_arm_m3_Hwi_dispatch__I                                  
1001c969  ti_sysbios_family_arm_m3_TaskSupport_buildTaskStack                       
1001c9b5  ti_sysbios_family_arm_m3_Hwi_initStacks__E                                
1001c9fd  ti_sysbios_family_arm_m3_Hwi_excHandlerAsm__I                             
1001ca1d  ti_sysbios_family_xxx_Hwi_switchAndRunFunc                                
1001ca3b  ti_sysbios_family_arm_m3_Hwi_pendSV__I                                    
1001ca53  ti_sysbios_family_arm_m3_Hwi_return                                       
1001ca55  ti_sysbios_family_arm_m3_TaskSupport_glue                                 
1001ca65  ti_sysbios_family_arm_m3_TaskSupport_swap__E                              
1001ca6d  ti_sysbios_knl_Task_swapReturn                                            
1001ca97  ti_sysbios_rom_cortexm_cc13xx_CC13xx_getRevision__E                       
20000000  ti_sysbios_family_arm_m3_Hwi_ramVectors                                   
20000100  ti_sysbios_knl_Task_Module__state__V                                      
20000144  ti_sysbios_family_arm_m3_Hwi_Module__state__V                             
20000178  ti_sysbios_knl_Clock_Module__state__V                                     
200001a4  ti_sysbios_BIOS_Module__state__V                                          
200001c8  ti_sysbios_knl_Swi_Module__state__V                                       
200001e4  ti_sysbios_family_arm_cc26xx_Timer_Module__state__V                       
200001ec  ti_sysbios_family_arm_cc26xx_TimestampProvider_Module__state__V           
200001f0  xdc_runtime_Startup_Module__state__V                                      
200001f8  xdc_runtime_System_Module__state__V                                       
20000200  xdc_runtime_Memory_Module__state__V                                       
20000208  gapProfileState                                                           
20000209  selfEntityMain                                                            
2000020c  sem                                                                       
200006d6  bmeRegistered                                                             
20000b38  dispHandle                                                                
20000bc4  sbpTask                                                                   
20000c14  sbpTaskStack                                                              
20000e98  linkDBNumConns                                                            
20000fac  gapRoleTask                                                               
20000ffc  gapRoleTaskStack                                                          
200011b6  adxlRegistered                                                            
2000146c  appAssertCback                                                            
20001880  PowerCC26XX_module                                                        
20001990  ICall_dispatcher                                                          
20001998  ICall_enterCriticalSection                                                
2000199c  ICall_leaveCriticalSection                                                
200019b4  HEAPMGR_SIZE                                                              
20001d74  ti_sysbios_family_arm_cc26xx_Timer_Module__root__V                        
20001d7c  ti_sysbios_family_arm_m3_Hwi_Module__root__V                              
20001d84  ti_sysbios_family_arm_m3_Hwi_Object__table__V                             
20001d9c  ti_sysbios_family_arm_m3_Hwi_Module_State_0_excActive__A                  
20001da0  ti_sysbios_family_arm_m3_Hwi_Module_State_0_excContext__A                 
20001da4  ti_sysbios_family_arm_m3_Hwi_Module_State_0_excStack__A                   
20001da8  ti_sysbios_gates_GateHwi_Module__root__V                                  
20001db0  ti_sysbios_gates_GateHwi_Object__table__V                                 
20001db4  ti_sysbios_gates_GateMutex_Module__root__V                                
20001dbc  ti_sysbios_hal_Hwi_Module__root__V                                        
20001dc4  ti_sysbios_heaps_HeapMem_Module__root__V                                  
20001dcc  ti_sysbios_heaps_HeapMem_Object__table__V                                 
20001de4  ti_sysbios_knl_Clock_Module__root__V                                      
20001dec  ti_sysbios_knl_Clock_Object__table__V                                     
20001e0c  ti_sysbios_knl_Event_Module__root__V                                      
20001e14  ti_sysbios_knl_Mailbox_Module__root__V                                    
20001e1c  ti_sysbios_knl_Queue_Module__root__V                                      
20001e24  ti_sysbios_knl_Semaphore_Module__root__V                                  
20001e2c  ti_sysbios_knl_Swi_Module__root__V                                        
20001e34  ti_sysbios_knl_Task_Module__root__V                                       
20001e3c  ti_sysbios_knl_Task_Module_State_0_idleTask__A                            
20001e40  __xdc__init__addr                                                         
20001e44  rfRegTbl                                                                  
20001e98  ti_sysbios_knl_Task_Object__table__V                                      
20001ee8  ti_sysbios_family_arm_cc26xx_Timer_Object__table__V                       
20001f30  ti_sysbios_gates_GateMutex_Object__table__V                               
20001f68  radCtrlHandle                                                             
20001f6c  radCtrlState                                                              
20001f78  radCtrlCfg                                                                
20001f84  rFSwitchPowerNotifyObj                                                    
20001f98  ti_sysbios_knl_Swi_Module_State_0_readyQ__A                               
20001fc8  ti_sysbios_knl_Swi_Object__table__V                                       
20001ff8  ti_sysbios_knl_Task_Module_State_0_readyQ__A                              
20002028  user0Cfg                                                                  
20002058  lastAppOpcodeSent                                                         
2000205c  pfnBMAlloc                                                                
20002060  pfnBMFree                                                                 
2000206c  _lock                                                                     
20002070  _unlock                                                                   
20002074  __TI_cleanup_ptr                                                          
20002078  __TI_dtors_ptr                                                            
2000207c  xdc_runtime_Registry_Module__state__V                                     
20002084  main_func_sp                                                              
20002090  ti_sysbios_heaps_HeapMem_Instance_State_0_buf__A                          
20002710  ti_sysbios_knl_Task_Instance_State_0_stack__A                             
20002910  i2cCC26xxObjects                                                          
20002ad0  PIN_NumPins                                                               
20002b64  PIN_HandleTable                                                           
20002be0  ti_sysbios_family_arm_m3_Hwi_dispatchTable                                
20002cc8  gBME                                                                      
20002ccc  i2c_devices                                                               
20002cd0  trngCC26XXObjects                                                         
20002cd5  driverlib_release_0_46593                                                 
20002cd6  heapStart                                                                 
20003f48  __stack                                                                   
20003f48  heapEnd                                                                   
20004348  __STACK_END                                                               
20004348  __STACK_TOP                                                               
20004f2c  A4_rw                                                                     
20004f2c  COMMON_RAM_BASE_ADDR                                                      
20004f40  P2_rw                                                                     
20004f40  P2_s0                                                                     
20004f40  eccRom_windowSize                                                         
20004f44  eccRom_workzone                                                           
20004f48  eccRom_param_p                                                            
20004f4c  eccRom_param_r                                                            
20004f50  eccRom_param_a                                                            
20004f54  inScalar                                                                  
20004f58  inPointX                                                                  
20004f5c  inPointY                                                                  
20004f60  outPointX                                                                 
20004f64  outPointY                                                                 
20004f68  SCAL                                                                      
20004f6c  EXPX                                                                      
20004f70  EXPY                                                                      
20004f74  EXPZ                                                                      
20004f78  EXPW                                                                      
20004f7c  ACCX                                                                      
20004f80  ACCY                                                                      
20004f84  ACCZ                                                                      
20004f88  TMP1                                                                      
20004f8c  TMP2                                                                      
20004f90  TMP3                                                                      
20004f94  TMP4                                                                      
20004f98  TMP5                                                                      
20004f9c  TMP6                                                                      
20004fa0  eccRom_param_Gx                                                           
20004fa4  eccRom_param_Gy                                                           
20004fa8  eccRom_param_b                                                            
20004fac  P2_zi                                                                     
20004fac  ratChanInfo                                                               
20004fcc  fwInfoCmd                                                                 
20004fd8  MSBMOD                                                                    
20004fdc  aux64                                                                     
20004fe4  MOD                                                                       
20004fe8  LEN                                                                       
20004ffc  pSspAesEncrypt_Sw                                                         
e000e000  ti_sysbios_family_arm_m3_Hwi_nvic                                         
ffffffff  __binit__                                                                 
ffffffff  __c_args__                                                                
ffffffff  binit                                                                     
UNDEFED   HwiP_restore                                                              
UNDEFED   SHT$$INIT_ARRAY$$Base                                                     
UNDEFED   SHT$$INIT_ARRAY$$Limit                                                    
UNDEFED   ti_sysbios_BIOS_RtsGateProxy_Handle__label__S__mangled__                  
UNDEFED   ti_sysbios_BIOS_RtsGateProxy_Object__delete__S__mangled__                 
UNDEFED   ti_sysbios_BIOS_RtsGateProxy_Params__init__S__mangled__                   
UNDEFED   ti_sysbios_BIOS_RtsGateProxy_query__E__mangled__                          
UNDEFED   ti_sysbios_hal_Hwi_HwiProxy_Module__startupDone__S__mangled__             
UNDEFED   ti_sysbios_hal_Hwi_HwiProxy_Object__delete__S__mangled__                  
UNDEFED   ti_sysbios_hal_Hwi_HwiProxy_Params__init__S__mangled__                    
UNDEFED   ti_sysbios_hal_Hwi_HwiProxy_disableInterrupt__E__mangled__                
UNDEFED   ti_sysbios_hal_Hwi_HwiProxy_enableInterrupt__E__mangled__                 
UNDEFED   ti_sysbios_hal_Hwi_HwiProxy_getStackInfo__E__mangled__                    
UNDEFED   ti_sysbios_hal_Hwi_HwiProxy_startup__E__mangled__                         
UNDEFED   ti_sysbios_hal_Hwi_HwiProxy_switchFromBootStack__E__mangled__             
UNDEFED   ti_sysbios_hal_Hwi_disableInterrupt__E                                    
UNDEFED   ti_sysbios_hal_Hwi_enableInterrupt__E                                     
UNDEFED   ti_sysbios_hal_Hwi_getStackInfo__E                                        
UNDEFED   ti_sysbios_hal_Hwi_startup__E                                             
UNDEFED   ti_sysbios_hal_Hwi_switchFromBootStack__E                                 
UNDEFED   ti_sysbios_heaps_HeapMem_Module_GateProxy_Handle__label__S__mangled__     
UNDEFED   ti_sysbios_heaps_HeapMem_Module_GateProxy_Object__delete__S__mangled__    
UNDEFED   ti_sysbios_heaps_HeapMem_Module_GateProxy_Params__init__S__mangled__      
UNDEFED   ti_sysbios_heaps_HeapMem_Module_GateProxy_query__E__mangled__             
UNDEFED   ti_sysbios_knl_Clock_TimerProxy_Module__startupDone__S__mangled__         
UNDEFED   ti_sysbios_knl_Clock_TimerProxy_startup__E__mangled__                     
UNDEFED   ti_sysbios_knl_Task_SupportProxy_Module__startupDone__S__mangled__        
UNDEFED   ti_sysbios_knl_Task_SupportProxy_getStackAlignment__E__mangled__          
UNDEFED   ti_sysbios_knl_Task_SupportProxy_start__E__mangled__                      
UNDEFED   ti_sysbios_knl_Task_SupportProxy_swap__E__mangled__                       
UNDEFED   xdc_runtime_Main_Module_GateProxy_Handle__label__S                        
UNDEFED   xdc_runtime_Main_Module_GateProxy_Object__delete__S                       
UNDEFED   xdc_runtime_Main_Module_GateProxy_query__E                                
UNDEFED   xdc_runtime_Memory_HeapProxy_Handle__label__S__mangled__                  
UNDEFED   xdc_runtime_Memory_HeapProxy_Object__delete__S__mangled__                 
UNDEFED   xdc_runtime_System_Module_GateProxy_Handle__label__S__mangled__           
UNDEFED   xdc_runtime_System_Module_GateProxy_Object__delete__S__mangled__          
UNDEFED   xdc_runtime_System_Module_GateProxy_query__E__mangled__                   
UNDEFED   xdc_runtime_System_SupportProxy_abort__E                                  
UNDEFED   xdc_runtime_System_SupportProxy_exit__E                                   
UNDEFED   xdc_runtime_Timestamp_SupportProxy_get64__E__mangled__                    
UNDEFED   xdc_runtime_Timestamp_SupportProxy_getFreq__E__mangled__                  
UNDEFED   xdc_runtime_Timestamp_get32__E                                            
UNDEFED   xdc_runtime_Timestamp_get64__E                                            
UNDEFED   xdc_runtime_Timestamp_getFreq__E                                          

[1151 symbols]
