******************************************************************************
                  TI ARM Linker PC v5.2.6                      
******************************************************************************
>> Linked Fri Mar 18 20:42:05 2022

OUTPUT FILE NAME:   <simple_peripheral_cc1350lp_app.out>
ENTRY POINT SYMBOL: "ResetISR"  address: 00006265


MEMORY CONFIGURATION

         name            origin    length      used     unused   attr    fill
----------------------  --------  ---------  --------  --------  ----  --------
  FLASH                 00000000   0000e000  00009648  000049b8  R  X
  FLASH_LAST_PAGE       0001f000   00001000  00000058  00000fa8  R  X
  SRAM                  20000000   00004348  0000324e  000010fa  RW X


SEGMENT ALLOCATION MAP

run origin  load origin   length   init length attrs members
----------  ----------- ---------- ----------- ----- -------
00000000    00000000    00009650   00009650    r-x
  00000000    00000000    0000003c   0000003c    r-- .resetVecs
  0000003c    0000003c    00000fc4   00000fc4    r-x .text.1
  00001000    00001000    0000003c   0000003c    r-- .const:ti_sysbios_knl_Task_Object__PARAMS__C
  0000103c    0000103c    00000034   00000034    r-- .const:ti_sysbios_knl_Mailbox_Object__PARAMS__C
  00001070    00001070    00000030   00000030    r-- .const:ti_sysbios_family_arm_m3_Hwi_Object__PARAMS__C
  000010a0    000010a0    0000002c   0000002c    r-- .const:ti_sysbios_hal_Hwi_Object__PARAMS__C
  000010cc    000010cc    00000028   00000028    r-- .const:ti_sysbios_heaps_HeapMem_Module__FXNS__C
  000010f4    000010f4    00000028   00000028    r-- .const:ti_sysbios_knl_Swi_Object__PARAMS__C
  0000111c    0000111c    00000024   00000024    r-- .const:ti_sysbios_gates_GateHwi_Module__FXNS__C
  00001140    00001140    00000024   00000024    r-- .const:ti_sysbios_gates_GateMutex_Module__FXNS__C
  00001164    00001164    00000024   00000024    r-- .const:ti_sysbios_heaps_HeapMem_Object__PARAMS__C
  00001188    00001188    00000024   00000024    r-- .const:ti_sysbios_knl_Clock_Object__PARAMS__C
  000011ac    000011ac    00000024   00000024    r-- .const:ti_sysbios_knl_Semaphore_Object__PARAMS__C
  000011d0    000011d0    00000020   00000020    r-- .const:ti_sysbios_family_arm_m3_Hwi_Object__DESC__C
  000011f0    000011f0    00000020   00000020    r-- .const:ti_sysbios_gates_GateHwi_Object__DESC__C
  00001210    00001210    00000020   00000020    r-- .const:ti_sysbios_gates_GateMutex_Object__DESC__C
  00001230    00001230    00000020   00000020    r-- .const:ti_sysbios_hal_Hwi_Object__DESC__C
  00001250    00001250    00000020   00000020    r-- .const:ti_sysbios_heaps_HeapMem_Object__DESC__C
  00001270    00001270    00000020   00000020    r-- .const:ti_sysbios_knl_Clock_Object__DESC__C
  00001290    00001290    00000020   00000020    r-- .const:ti_sysbios_knl_Mailbox_Object__DESC__C
  000012b0    000012b0    00000020   00000020    r-- .const:ti_sysbios_knl_Queue_Object__DESC__C
  000012d0    000012d0    00000020   00000020    r-- .const:ti_sysbios_knl_Semaphore_Object__DESC__C
  000012f0    000012f0    00000020   00000020    r-- .const:ti_sysbios_knl_Swi_Object__DESC__C
  00001310    00001310    00000020   00000020    r-- .const:ti_sysbios_knl_Task_Object__DESC__C
  00001330    00001330    00000018   00000018    r-- .const:ti_sysbios_gates_GateHwi_Object__PARAMS__C
  00001348    00001348    00000018   00000018    r-- .const:ti_sysbios_gates_GateMutex_Object__PARAMS__C
  00001360    00001360    00000018   00000018    r-- .const:ti_sysbios_knl_Queue_Object__PARAMS__C
  00001378    00001378    00000008   00000008    r-- .const:ti_sysbios_knl_Idle_funcList__C
  00001380    00001380    00000004   00000004    r-x .text.2
  00001384    00001384    00000004   00000004    r-- .const:ti_sysbios_family_arm_cc26xx_Timer_startupNeeded__C
  00001388    00001388    00000004   00000004    r-- .const:ti_sysbios_family_arm_m3_Hwi_E_alreadyDefined__C
  0000138c    0000138c    00000004   00000004    r-- .const:ti_sysbios_family_arm_m3_Hwi_E_hwiLimitExceeded__C
  00001390    00001390    00000004   00000004    r-- .const:ti_sysbios_family_arm_m3_Hwi_NUM_INTERRUPTS__C
  00001394    00001394    00000004   00000004    r-- .const:ti_sysbios_family_arm_m3_Hwi_Object__count__C
  00001398    00001398    00000004   00000004    r-- .const:ti_sysbios_family_arm_m3_Hwi_Object__table__C
  0000139c    0000139c    00000004   00000004    r-- .const:ti_sysbios_family_arm_m3_Hwi_ccr__C
  000013a0    000013a0    00000004   00000004    r-- .const:ti_sysbios_family_arm_m3_Hwi_excHandlerFunc__C
  000013a4    000013a4    00000004   00000004    r-- .const:ti_sysbios_family_arm_m3_Hwi_nullIsrFunc__C
  000013a8    000013a8    00000004   00000004    r-- .const:ti_sysbios_family_arm_m3_Hwi_numSparseInterrupts__C
  000013ac    000013ac    00000004   00000004    r-- .const:ti_sysbios_family_arm_m3_Hwi_priGroup__C
  000013b0    000013b0    00000004   00000004    r-- .const:ti_sysbios_family_arm_m3_TaskSupport_stackAlignment__C
  000013b4    000013b4    00000004   00000004    r-- .const:ti_sysbios_heaps_HeapMem_E_memory__C
  000013b8    000013b8    00000004   00000004    r-- .const:ti_sysbios_heaps_HeapMem_Module__gateObj__C
  000013bc    000013bc    00000004   00000004    r-- .const:ti_sysbios_heaps_HeapMem_Object__count__C
  000013c0    000013c0    00000004   00000004    r-- .const:ti_sysbios_heaps_HeapMem_Object__table__C
  000013c4    000013c4    00000004   00000004    r-- .const:ti_sysbios_heaps_HeapMem_reqAlign__C
  000013c8    000013c8    00000004   00000004    r-- .const:ti_sysbios_knl_Clock_serviceMargin__C
  000013cc    000013cc    00000004   00000004    r-- .const:ti_sysbios_knl_Mailbox_Object__count__C
  000013d0    000013d0    00000004   00000004    r-- .const:ti_sysbios_knl_Mailbox_Object__table__C
  000013d4    000013d4    00000004   00000004    r-- .const:ti_sysbios_knl_Mailbox_maxTypeAlign__C
  000013d8    000013d8    00000004   00000004    r-- .const:ti_sysbios_knl_Queue_Object__count__C
  000013dc    000013dc    00000004   00000004    r-- .const:ti_sysbios_knl_Queue_Object__table__C
  000013e0    000013e0    00000004   00000004    r-- .const:ti_sysbios_knl_Swi_Object__count__C
  000013e4    000013e4    00000004   00000004    r-- .const:ti_sysbios_knl_Swi_Object__table__C
  000013e8    000013e8    00000004   00000004    r-- .const:ti_sysbios_knl_Swi_numPriorities__C
  000013ec    000013ec    00000004   00000004    r-- .const:ti_sysbios_knl_Task_Object__count__C
  000013f0    000013f0    00000004   00000004    r-- .const:ti_sysbios_knl_Task_Object__table__C
  000013f4    000013f4    00000004   00000004    r-- .const:ti_sysbios_knl_Task_allBlockedFunc__C
  000013f8    000013f8    00000004   00000004    r-- .const:ti_sysbios_knl_Task_defaultStackHeap__C
  000013fc    000013fc    00000004   00000004    r-- .const:ti_sysbios_knl_Task_defaultStackSize__C
  00001400    00001400    00000004   00000004    r-- .const:ti_sysbios_knl_Task_numConstructedTasks__C
  00001404    00001404    00000002   00000002    r-x .text.3
  00001406    00001406    00000002   00000002    r-- .const:ti_sysbios_family_arm_cc26xx_Timer_Module__id__C
  00001408    00001408    00000002   00000002    r-- .const:ti_sysbios_family_arm_cc26xx_TimestampProvider_useClockTimer__C
  0000140a    0000140a    00000002   00000002    r-- .const:ti_sysbios_family_arm_m3_Hwi_Module__id__C
  0000140c    0000140c    00000002   00000002    r-- .const:ti_sysbios_gates_GateHwi_Module__id__C
  0000140e    0000140e    00000002   00000002    r-- .const:ti_sysbios_gates_GateMutex_Module__id__C
  00001410    00001410    00000002   00000002    r-- .const:ti_sysbios_heaps_HeapMem_Module__id__C
  00001412    00001412    00000002   00000002    r-- .const:ti_sysbios_knl_Task_initStackFlag__C
  00001414    00001414    00000001   00000001    r-- .const:ti_sysbios_knl_Clock_tickMode__C
  00001418    00001418    00000008   00000008    r-- .const:xdc_runtime_Startup_firstFxns__C
  00001420    00001420    00000008   00000008    r-- .const:xdc_runtime_Startup_lastFxns__C
  00001428    00001428    00000004   00000004    r-- .const:xdc_runtime_Assert_E_assertFailed__C
  0000142c    0000142c    00000004   00000004    r-- .const:xdc_runtime_Error_E_memory__C
  00001430    00001430    00000004   00000004    r-- .const:xdc_runtime_Error_policyFxn__C
  00001434    00001434    00000004   00000004    r-- .const:xdc_runtime_IGateProvider_Interface__BASE__C
  00001438    00001438    00000004   00000004    r-- .const:xdc_runtime_IHeap_Interface__BASE__C
  0000143c    0000143c    00000004   00000004    r-- .const:xdc_runtime_IModule_Interface__BASE__C
  00001440    00001440    00000004   00000004    r-- .const:xdc_runtime_Main_Module__diagsEnabled__C
  00001444    00001444    00000004   00000004    r-- .const:xdc_runtime_Main_Module__diagsIncluded__C
  00001448    00001448    00000004   00000004    r-- .const:xdc_runtime_Main_Module__diagsMask__C
  0000144c    0000144c    00000004   00000004    r-- .const:xdc_runtime_Memory_defaultHeapInstance__C
  00001450    00001450    00000004   00000004    r-- .const:xdc_runtime_Startup_execImpl__C
  00001454    00001454    00000004   00000004    r-- .const:xdc_runtime_Startup_maxPasses__C
  00001458    00001458    00000004   00000004    r-- .const:xdc_runtime_Startup_sfxnRts__C
  0000145c    0000145c    00000004   00000004    r-- .const:xdc_runtime_Startup_sfxnTab__C
  00001460    00001460    00000004   00000004    r-- .const:xdc_runtime_Startup_startModsFxn__C
  00001464    00001464    00000004   00000004    r-- .const:xdc_runtime_SysCallback_abortFxn__C
  00001468    00001468    00000004   00000004    r-- .const:xdc_runtime_SysCallback_exitFxn__C
  0000146c    0000146c    00000004   00000004    r-- .const:xdc_runtime_System_abortFxn__C
  00001470    00001470    00000004   00000004    r-- .const:xdc_runtime_System_exitFxn__C
  00001474    00001474    00000004   00000004    r-- .const:xdc_runtime_System_maxAtexitHandlers__C
  00001478    00001478    00000004   00000004    r-- .const:xdc_runtime_Text_charTab__C
  0000147c    0000147c    00000004   00000004    r-- .const:xdc_runtime_Text_nameEmpty__C
  00001480    00001480    00000004   00000004    r-- .const:xdc_runtime_Text_nameStatic__C
  00001484    00001484    00000004   00000004    r-- .const:xdc_runtime_Text_nameUnknown__C
  00001488    00001488    00000002   00000002    r-- .const:xdc_runtime_Main_Module__id__C
  0000148a    0000148a    00000002   00000002    r-- .const:xdc_runtime_Memory_Module__id__C
  0000148c    0000148c    00000002   00000002    r-- .const:xdc_runtime_Text_charCnt__C
  0000148e    0000148e    00000002   00000002    r-- .const:xdc_runtime_Text_isLoaded__C
  00001490    00001490    00000001   00000001    r-- .const:xdc_runtime_Error_policy__C
  00001494    00001494    00000004   00000004    r-- .const:ti_sysbios_rom_ROM_AONRTCChannelEnable
  00001498    00001498    00000004   00000004    r-- .const:ti_sysbios_rom_ROM_AONRTCCompareValueSet
  0000149c    0000149c    00000004   00000004    r-- .const:ti_sysbios_rom_ROM_AONRTCCurrentCompareValueGet
  000014a0    000014a0    00000004   00000004    r-- .const:ti_sysbios_rom_ROM_AONRTCEventClear
  000014a4    000014a4    00000004   00000004    r-- .const:ti_sysbios_rom_ROM_ti_sysbios_family_arm_cc26xx_Timer_getCount64__E
  000014a8    000014a8    00000004   00000004    r-- .const:ti_sysbios_rom_ROM_ti_sysbios_family_arm_cc26xx_Timer_getCurrentTick__E
  000014ac    000014ac    00000004   00000004    r-- .const:ti_sysbios_rom_ROM_ti_sysbios_family_arm_cc26xx_Timer_getMaxTicks__E
  000014b0    000014b0    00000004   00000004    r-- .const:ti_sysbios_rom_ROM_ti_sysbios_family_arm_cc26xx_Timer_initDevice__I
  000014b4    000014b4    00000004   00000004    r-- .const:ti_sysbios_rom_ROM_ti_sysbios_family_arm_cc26xx_Timer_setNextTick__E
  000014b8    000014b8    00000004   00000004    r-- .const:ti_sysbios_rom_ROM_ti_sysbios_family_arm_cc26xx_Timer_setThreshold__I
  000014bc    000014bc    00000004   00000004    r-- .const:ti_sysbios_rom_ROM_ti_sysbios_family_arm_cc26xx_Timer_start__E
  000014c0    000014c0    00000004   00000004    r-- .const:ti_sysbios_rom_ROM_ti_sysbios_family_arm_cc26xx_TimestampProvider_get32__E
  000014c4    000014c4    00000004   00000004    r-- .const:ti_sysbios_rom_ROM_xdc_runtime_Startup_getState__I
  000014c8    000014c8    00000004   00000004    r-- .const:ti_sysbios_rom_ROM_xdc_runtime_System_SupportProxy_abort__E
  000014cc    000014cc    00000004   00000004    r-- .const:ti_sysbios_rom_ROM_xdc_runtime_System_SupportProxy_exit__E
  000014d0    000014d0    00000004   00000004    r-- .const:ti_sysbios_gates_GateMutex_Instance_State_sem__O
  000014d4    000014d4    00000004   00000004    r-- .const:ti_sysbios_knl_Clock_Module_State_clockQ__O
  000014d8    000014d8    00000004   00000004    r-- .const:ti_sysbios_knl_Mailbox_Instance_State_dataQue__O
  000014dc    000014dc    00000004   00000004    r-- .const:ti_sysbios_knl_Mailbox_Instance_State_dataSem__O
  000014e0    000014e0    00000004   00000004    r-- .const:ti_sysbios_knl_Mailbox_Instance_State_freeQue__O
  000014e4    000014e4    00000004   00000004    r-- .const:ti_sysbios_knl_Mailbox_Instance_State_freeSem__O
  000014e8    000014e8    00000004   00000004    r-- .const:ti_sysbios_knl_Semaphore_Instance_State_pendQ__O
  000014ec    000014ec    00000004   00000004    r-- .const:ti_sysbios_knl_Task_Module_State_inactiveQ__O
  000014f0    000014f0    00007464   00007464    r-x .text.4
  00008954    00008954    000003e2   000003e2    r-- .const
  00008d38    00008d38    00000918   00000918    r-- .cinit
0001ffa8    0001ffa8    00000058   00000058    r--
  0001ffa8    0001ffa8    00000058   00000058    r-- .ccfg
20000100    20000100    00002d8a   00000000    rw-
  20000100    20000100    00000044   00000000    rw- .data:ti_sysbios_knl_Task_Module__state__V
  20000144    20000144    00000034   00000000    rw- .data:ti_sysbios_family_arm_m3_Hwi_Module__state__V
  20000178    20000178    0000002c   00000000    rw- .data:ti_sysbios_knl_Clock_Module__state__V
  200001a4    200001a4    00000024   00000000    rw- .data:ti_sysbios_BIOS_Module__state__V
  200001c8    200001c8    0000001c   00000000    rw- .data:ti_sysbios_knl_Swi_Module__state__V
  200001e4    200001e4    00000008   00000000    rw- .data:ti_sysbios_family_arm_cc26xx_Timer_Module__state__V
  200001ec    200001ec    00000004   00000000    rw- .data:ti_sysbios_family_arm_cc26xx_TimestampProvider_Module__state__V
  200001f0    200001f0    00000008   00000000    rw- .data:xdc_runtime_Startup_Module__state__V
  200001f8    200001f8    00000008   00000000    rw- .data:xdc_runtime_System_Module__state__V
  20000200    20000200    00000004   00000000    rw- .data:xdc_runtime_Memory_Module__state__V
  20000208    20000208    0000203d   00000000    rw- .data
  20002248    20002248    00000c42   00000000    rw- .bss
20003f48    20003f48    00000400   00000000    rw-
  20003f48    20003f48    00000400   00000000    rw- .stack


SECTION ALLOCATION MAP

 output                                  attributes/
section   page    origin      length       input sections
--------  ----  ----------  ----------   ----------------
.resetVecs 
*          0    00000000    0000003c     
                  00000000    0000003c     app_ble_pem3.oem3 (.resetVecs)

.text.1    0    0000003c    00000fc4     
                  0000003c    00000338     rom_sysbios.aem3 : rom_sysbios.obj (.text:xdc_runtime_System_doPrint__I)
                  00000374    00000310     RFCC26XX_singleMode.obj (.text:fsmActiveState$13)
                  00000684    00000008     (.tramp.ti_sysbios_family_arm_m3_Hwi_disableFxn__E.1)
                  0000068c    00000008     (.tramp.ti_sysbios_family_arm_m3_Hwi_restoreFxn__E.1)
                  00000694    00000008     (.tramp.ti_sysbios_knl_Clock_setTimeout__E.1)
                  0000069c    00000008     (.tramp.ti_sysbios_knl_Clock_start__E.1)
                  000006a4    000002ec     peripheral.obj (.text:gapRole_processGAPMsg$29)
                  00000990    0000023c     peripheral.obj (.text:GAPRole_SetParameter)
                  00000bcc    00000230     driverlib.lib : sys_ctrl.obj (.text:NOROM_SysCtrlSetRechargeBeforePowerDown)
                  00000dfc    000001f4     rtsv7M3_T_le_eabi.lib : ull_div_t2.obj (.text)
                  00000ff0    00000010     RFCC26XX_singleMode.obj (.text:FsmDispatch$13)

.const:ti_sysbios_knl_Task_Object__PARAMS__C 
*          0    00001000    0000003c     
                  00001000    0000003c     app_ble_pem3.oem3 (.const:ti_sysbios_knl_Task_Object__PARAMS__C)

.const:ti_sysbios_knl_Mailbox_Object__PARAMS__C 
*          0    0000103c    00000034     
                  0000103c    00000034     app_ble_pem3.oem3 (.const:ti_sysbios_knl_Mailbox_Object__PARAMS__C)

.const:ti_sysbios_family_arm_m3_Hwi_Object__PARAMS__C 
*          0    00001070    00000030     
                  00001070    00000030     app_ble_pem3.oem3 (.const:ti_sysbios_family_arm_m3_Hwi_Object__PARAMS__C)

.const:ti_sysbios_hal_Hwi_Object__PARAMS__C 
*          0    000010a0    0000002c     
                  000010a0    0000002c     app_ble_pem3.oem3 (.const:ti_sysbios_hal_Hwi_Object__PARAMS__C)

.const:ti_sysbios_heaps_HeapMem_Module__FXNS__C 
*          0    000010cc    00000028     
                  000010cc    00000028     app_ble_pem3.oem3 (.const:ti_sysbios_heaps_HeapMem_Module__FXNS__C)

.const:ti_sysbios_knl_Swi_Object__PARAMS__C 
*          0    000010f4    00000028     
                  000010f4    00000028     app_ble_pem3.oem3 (.const:ti_sysbios_knl_Swi_Object__PARAMS__C)

.const:ti_sysbios_gates_GateHwi_Module__FXNS__C 
*          0    0000111c    00000024     
                  0000111c    00000024     app_ble_pem3.oem3 (.const:ti_sysbios_gates_GateHwi_Module__FXNS__C)

.const:ti_sysbios_gates_GateMutex_Module__FXNS__C 
*          0    00001140    00000024     
                  00001140    00000024     app_ble_pem3.oem3 (.const:ti_sysbios_gates_GateMutex_Module__FXNS__C)

.const:ti_sysbios_heaps_HeapMem_Object__PARAMS__C 
*          0    00001164    00000024     
                  00001164    00000024     app_ble_pem3.oem3 (.const:ti_sysbios_heaps_HeapMem_Object__PARAMS__C)

.const:ti_sysbios_knl_Clock_Object__PARAMS__C 
*          0    00001188    00000024     
                  00001188    00000024     app_ble_pem3.oem3 (.const:ti_sysbios_knl_Clock_Object__PARAMS__C)

.const:ti_sysbios_knl_Semaphore_Object__PARAMS__C 
*          0    000011ac    00000024     
                  000011ac    00000024     app_ble_pem3.oem3 (.const:ti_sysbios_knl_Semaphore_Object__PARAMS__C)

.const:ti_sysbios_family_arm_m3_Hwi_Object__DESC__C 
*          0    000011d0    00000020     
                  000011d0    00000020     app_ble_pem3.oem3 (.const:ti_sysbios_family_arm_m3_Hwi_Object__DESC__C)

.const:ti_sysbios_gates_GateHwi_Object__DESC__C 
*          0    000011f0    00000020     
                  000011f0    00000020     app_ble_pem3.oem3 (.const:ti_sysbios_gates_GateHwi_Object__DESC__C)

.const:ti_sysbios_gates_GateMutex_Object__DESC__C 
*          0    00001210    00000020     
                  00001210    00000020     app_ble_pem3.oem3 (.const:ti_sysbios_gates_GateMutex_Object__DESC__C)

.const:ti_sysbios_hal_Hwi_Object__DESC__C 
*          0    00001230    00000020     
                  00001230    00000020     app_ble_pem3.oem3 (.const:ti_sysbios_hal_Hwi_Object__DESC__C)

.const:ti_sysbios_heaps_HeapMem_Object__DESC__C 
*          0    00001250    00000020     
                  00001250    00000020     app_ble_pem3.oem3 (.const:ti_sysbios_heaps_HeapMem_Object__DESC__C)

.const:ti_sysbios_knl_Clock_Object__DESC__C 
*          0    00001270    00000020     
                  00001270    00000020     app_ble_pem3.oem3 (.const:ti_sysbios_knl_Clock_Object__DESC__C)

.const:ti_sysbios_knl_Mailbox_Object__DESC__C 
*          0    00001290    00000020     
                  00001290    00000020     app_ble_pem3.oem3 (.const:ti_sysbios_knl_Mailbox_Object__DESC__C)

.const:ti_sysbios_knl_Queue_Object__DESC__C 
*          0    000012b0    00000020     
                  000012b0    00000020     app_ble_pem3.oem3 (.const:ti_sysbios_knl_Queue_Object__DESC__C)

.const:ti_sysbios_knl_Semaphore_Object__DESC__C 
*          0    000012d0    00000020     
                  000012d0    00000020     app_ble_pem3.oem3 (.const:ti_sysbios_knl_Semaphore_Object__DESC__C)

.const:ti_sysbios_knl_Swi_Object__DESC__C 
*          0    000012f0    00000020     
                  000012f0    00000020     app_ble_pem3.oem3 (.const:ti_sysbios_knl_Swi_Object__DESC__C)

.const:ti_sysbios_knl_Task_Object__DESC__C 
*          0    00001310    00000020     
                  00001310    00000020     app_ble_pem3.oem3 (.const:ti_sysbios_knl_Task_Object__DESC__C)

.const:ti_sysbios_gates_GateHwi_Object__PARAMS__C 
*          0    00001330    00000018     
                  00001330    00000018     app_ble_pem3.oem3 (.const:ti_sysbios_gates_GateHwi_Object__PARAMS__C)

.const:ti_sysbios_gates_GateMutex_Object__PARAMS__C 
*          0    00001348    00000018     
                  00001348    00000018     app_ble_pem3.oem3 (.const:ti_sysbios_gates_GateMutex_Object__PARAMS__C)

.const:ti_sysbios_knl_Queue_Object__PARAMS__C 
*          0    00001360    00000018     
                  00001360    00000018     app_ble_pem3.oem3 (.const:ti_sysbios_knl_Queue_Object__PARAMS__C)

.const:ti_sysbios_knl_Idle_funcList__C 
*          0    00001378    00000008     
                  00001378    00000008     app_ble_pem3.oem3 (.const:ti_sysbios_knl_Idle_funcList__C)

.text.2    0    00001380    00000004     
                  00001380    00000004     icall_api.obj (.text:GATTServApp_AddService)

.const:ti_sysbios_family_arm_cc26xx_Timer_startupNeeded__C 
*          0    00001384    00000004     
                  00001384    00000004     app_ble_pem3.oem3 (.const:ti_sysbios_family_arm_cc26xx_Timer_startupNeeded__C)

.const:ti_sysbios_family_arm_m3_Hwi_E_alreadyDefined__C 
*          0    00001388    00000004     
                  00001388    00000004     app_ble_pem3.oem3 (.const:ti_sysbios_family_arm_m3_Hwi_E_alreadyDefined__C)

.const:ti_sysbios_family_arm_m3_Hwi_E_hwiLimitExceeded__C 
*          0    0000138c    00000004     
                  0000138c    00000004     app_ble_pem3.oem3 (.const:ti_sysbios_family_arm_m3_Hwi_E_hwiLimitExceeded__C)

.const:ti_sysbios_family_arm_m3_Hwi_NUM_INTERRUPTS__C 
*          0    00001390    00000004     
                  00001390    00000004     app_ble_pem3.oem3 (.const:ti_sysbios_family_arm_m3_Hwi_NUM_INTERRUPTS__C)

.const:ti_sysbios_family_arm_m3_Hwi_Object__count__C 
*          0    00001394    00000004     
                  00001394    00000004     app_ble_pem3.oem3 (.const:ti_sysbios_family_arm_m3_Hwi_Object__count__C)

.const:ti_sysbios_family_arm_m3_Hwi_Object__table__C 
*          0    00001398    00000004     
                  00001398    00000004     app_ble_pem3.oem3 (.const:ti_sysbios_family_arm_m3_Hwi_Object__table__C)

.const:ti_sysbios_family_arm_m3_Hwi_ccr__C 
*          0    0000139c    00000004     
                  0000139c    00000004     app_ble_pem3.oem3 (.const:ti_sysbios_family_arm_m3_Hwi_ccr__C)

.const:ti_sysbios_family_arm_m3_Hwi_excHandlerFunc__C 
*          0    000013a0    00000004     
                  000013a0    00000004     app_ble_pem3.oem3 (.const:ti_sysbios_family_arm_m3_Hwi_excHandlerFunc__C)

.const:ti_sysbios_family_arm_m3_Hwi_nullIsrFunc__C 
*          0    000013a4    00000004     
                  000013a4    00000004     app_ble_pem3.oem3 (.const:ti_sysbios_family_arm_m3_Hwi_nullIsrFunc__C)

.const:ti_sysbios_family_arm_m3_Hwi_numSparseInterrupts__C 
*          0    000013a8    00000004     
                  000013a8    00000004     app_ble_pem3.oem3 (.const:ti_sysbios_family_arm_m3_Hwi_numSparseInterrupts__C)

.const:ti_sysbios_family_arm_m3_Hwi_priGroup__C 
*          0    000013ac    00000004     
                  000013ac    00000004     app_ble_pem3.oem3 (.const:ti_sysbios_family_arm_m3_Hwi_priGroup__C)

.const:ti_sysbios_family_arm_m3_TaskSupport_stackAlignment__C 
*          0    000013b0    00000004     
                  000013b0    00000004     app_ble_pem3.oem3 (.const:ti_sysbios_family_arm_m3_TaskSupport_stackAlignment__C)

.const:ti_sysbios_heaps_HeapMem_E_memory__C 
*          0    000013b4    00000004     
                  000013b4    00000004     app_ble_pem3.oem3 (.const:ti_sysbios_heaps_HeapMem_E_memory__C)

.const:ti_sysbios_heaps_HeapMem_Module__gateObj__C 
*          0    000013b8    00000004     
                  000013b8    00000004     app_ble_pem3.oem3 (.const:ti_sysbios_heaps_HeapMem_Module__gateObj__C)

.const:ti_sysbios_heaps_HeapMem_Object__count__C 
*          0    000013bc    00000004     
                  000013bc    00000004     app_ble_pem3.oem3 (.const:ti_sysbios_heaps_HeapMem_Object__count__C)

.const:ti_sysbios_heaps_HeapMem_Object__table__C 
*          0    000013c0    00000004     
                  000013c0    00000004     app_ble_pem3.oem3 (.const:ti_sysbios_heaps_HeapMem_Object__table__C)

.const:ti_sysbios_heaps_HeapMem_reqAlign__C 
*          0    000013c4    00000004     
                  000013c4    00000004     app_ble_pem3.oem3 (.const:ti_sysbios_heaps_HeapMem_reqAlign__C)

.const:ti_sysbios_knl_Clock_serviceMargin__C 
*          0    000013c8    00000004     
                  000013c8    00000004     app_ble_pem3.oem3 (.const:ti_sysbios_knl_Clock_serviceMargin__C)

.const:ti_sysbios_knl_Mailbox_Object__count__C 
*          0    000013cc    00000004     
                  000013cc    00000004     app_ble_pem3.oem3 (.const:ti_sysbios_knl_Mailbox_Object__count__C)

.const:ti_sysbios_knl_Mailbox_Object__table__C 
*          0    000013d0    00000004     
                  000013d0    00000004     app_ble_pem3.oem3 (.const:ti_sysbios_knl_Mailbox_Object__table__C)

.const:ti_sysbios_knl_Mailbox_maxTypeAlign__C 
*          0    000013d4    00000004     
                  000013d4    00000004     app_ble_pem3.oem3 (.const:ti_sysbios_knl_Mailbox_maxTypeAlign__C)

.const:ti_sysbios_knl_Queue_Object__count__C 
*          0    000013d8    00000004     
                  000013d8    00000004     app_ble_pem3.oem3 (.const:ti_sysbios_knl_Queue_Object__count__C)

.const:ti_sysbios_knl_Queue_Object__table__C 
*          0    000013dc    00000004     
                  000013dc    00000004     app_ble_pem3.oem3 (.const:ti_sysbios_knl_Queue_Object__table__C)

.const:ti_sysbios_knl_Swi_Object__count__C 
*          0    000013e0    00000004     
                  000013e0    00000004     app_ble_pem3.oem3 (.const:ti_sysbios_knl_Swi_Object__count__C)

.const:ti_sysbios_knl_Swi_Object__table__C 
*          0    000013e4    00000004     
                  000013e4    00000004     app_ble_pem3.oem3 (.const:ti_sysbios_knl_Swi_Object__table__C)

.const:ti_sysbios_knl_Swi_numPriorities__C 
*          0    000013e8    00000004     
                  000013e8    00000004     app_ble_pem3.oem3 (.const:ti_sysbios_knl_Swi_numPriorities__C)

.const:ti_sysbios_knl_Task_Object__count__C 
*          0    000013ec    00000004     
                  000013ec    00000004     app_ble_pem3.oem3 (.const:ti_sysbios_knl_Task_Object__count__C)

.const:ti_sysbios_knl_Task_Object__table__C 
*          0    000013f0    00000004     
                  000013f0    00000004     app_ble_pem3.oem3 (.const:ti_sysbios_knl_Task_Object__table__C)

.const:ti_sysbios_knl_Task_allBlockedFunc__C 
*          0    000013f4    00000004     
                  000013f4    00000004     app_ble_pem3.oem3 (.const:ti_sysbios_knl_Task_allBlockedFunc__C)

.const:ti_sysbios_knl_Task_defaultStackHeap__C 
*          0    000013f8    00000004     
                  000013f8    00000004     app_ble_pem3.oem3 (.const:ti_sysbios_knl_Task_defaultStackHeap__C)

.const:ti_sysbios_knl_Task_defaultStackSize__C 
*          0    000013fc    00000004     
                  000013fc    00000004     app_ble_pem3.oem3 (.const:ti_sysbios_knl_Task_defaultStackSize__C)

.const:ti_sysbios_knl_Task_numConstructedTasks__C 
*          0    00001400    00000004     
                  00001400    00000004     app_ble_pem3.oem3 (.const:ti_sysbios_knl_Task_numConstructedTasks__C)

.text.3    0    00001404    00000002     
                  00001404    00000002     ble_user_config.obj (.text:DefaultAssertCback)

.const:ti_sysbios_family_arm_cc26xx_Timer_Module__id__C 
*          0    00001406    00000002     
                  00001406    00000002     app_ble_pem3.oem3 (.const:ti_sysbios_family_arm_cc26xx_Timer_Module__id__C)

.const:ti_sysbios_family_arm_cc26xx_TimestampProvider_useClockTimer__C 
*          0    00001408    00000002     
                  00001408    00000002     app_ble_pem3.oem3 (.const:ti_sysbios_family_arm_cc26xx_TimestampProvider_useClockTimer__C)

.const:ti_sysbios_family_arm_m3_Hwi_Module__id__C 
*          0    0000140a    00000002     
                  0000140a    00000002     app_ble_pem3.oem3 (.const:ti_sysbios_family_arm_m3_Hwi_Module__id__C)

.const:ti_sysbios_gates_GateHwi_Module__id__C 
*          0    0000140c    00000002     
                  0000140c    00000002     app_ble_pem3.oem3 (.const:ti_sysbios_gates_GateHwi_Module__id__C)

.const:ti_sysbios_gates_GateMutex_Module__id__C 
*          0    0000140e    00000002     
                  0000140e    00000002     app_ble_pem3.oem3 (.const:ti_sysbios_gates_GateMutex_Module__id__C)

.const:ti_sysbios_heaps_HeapMem_Module__id__C 
*          0    00001410    00000002     
                  00001410    00000002     app_ble_pem3.oem3 (.const:ti_sysbios_heaps_HeapMem_Module__id__C)

.const:ti_sysbios_knl_Task_initStackFlag__C 
*          0    00001412    00000002     
                  00001412    00000002     app_ble_pem3.oem3 (.const:ti_sysbios_knl_Task_initStackFlag__C)

.const:ti_sysbios_knl_Clock_tickMode__C 
*          0    00001414    00000001     
                  00001414    00000001     app_ble_pem3.oem3 (.const:ti_sysbios_knl_Clock_tickMode__C)

.const:xdc_runtime_Startup_firstFxns__C 
*          0    00001418    00000008     
                  00001418    00000008     app_ble_pem3.oem3 (.const:xdc_runtime_Startup_firstFxns__C)

.const:xdc_runtime_Startup_lastFxns__C 
*          0    00001420    00000008     
                  00001420    00000008     app_ble_pem3.oem3 (.const:xdc_runtime_Startup_lastFxns__C)

.const:xdc_runtime_Assert_E_assertFailed__C 
*          0    00001428    00000004     
                  00001428    00000004     app_ble_pem3.oem3 (.const:xdc_runtime_Assert_E_assertFailed__C)

.const:xdc_runtime_Error_E_memory__C 
*          0    0000142c    00000004     
                  0000142c    00000004     app_ble_pem3.oem3 (.const:xdc_runtime_Error_E_memory__C)

.const:xdc_runtime_Error_policyFxn__C 
*          0    00001430    00000004     
                  00001430    00000004     app_ble_pem3.oem3 (.const:xdc_runtime_Error_policyFxn__C)

.const:xdc_runtime_IGateProvider_Interface__BASE__C 
*          0    00001434    00000004     
                  00001434    00000004     app_ble_pem3.oem3 (.const:xdc_runtime_IGateProvider_Interface__BASE__C)

.const:xdc_runtime_IHeap_Interface__BASE__C 
*          0    00001438    00000004     
                  00001438    00000004     app_ble_pem3.oem3 (.const:xdc_runtime_IHeap_Interface__BASE__C)

.const:xdc_runtime_IModule_Interface__BASE__C 
*          0    0000143c    00000004     
                  0000143c    00000004     app_ble_pem3.oem3 (.const:xdc_runtime_IModule_Interface__BASE__C)

.const:xdc_runtime_Main_Module__diagsEnabled__C 
*          0    00001440    00000004     
                  00001440    00000004     app_ble_pem3.oem3 (.const:xdc_runtime_Main_Module__diagsEnabled__C)

.const:xdc_runtime_Main_Module__diagsIncluded__C 
*          0    00001444    00000004     
                  00001444    00000004     app_ble_pem3.oem3 (.const:xdc_runtime_Main_Module__diagsIncluded__C)

.const:xdc_runtime_Main_Module__diagsMask__C 
*          0    00001448    00000004     
                  00001448    00000004     app_ble_pem3.oem3 (.const:xdc_runtime_Main_Module__diagsMask__C)

.const:xdc_runtime_Memory_defaultHeapInstance__C 
*          0    0000144c    00000004     
                  0000144c    00000004     app_ble_pem3.oem3 (.const:xdc_runtime_Memory_defaultHeapInstance__C)

.const:xdc_runtime_Startup_execImpl__C 
*          0    00001450    00000004     
                  00001450    00000004     app_ble_pem3.oem3 (.const:xdc_runtime_Startup_execImpl__C)

.const:xdc_runtime_Startup_maxPasses__C 
*          0    00001454    00000004     
                  00001454    00000004     app_ble_pem3.oem3 (.const:xdc_runtime_Startup_maxPasses__C)

.const:xdc_runtime_Startup_sfxnRts__C 
*          0    00001458    00000004     
                  00001458    00000004     app_ble_pem3.oem3 (.const:xdc_runtime_Startup_sfxnRts__C)

.const:xdc_runtime_Startup_sfxnTab__C 
*          0    0000145c    00000004     
                  0000145c    00000004     app_ble_pem3.oem3 (.const:xdc_runtime_Startup_sfxnTab__C)

.const:xdc_runtime_Startup_startModsFxn__C 
*          0    00001460    00000004     
                  00001460    00000004     app_ble_pem3.oem3 (.const:xdc_runtime_Startup_startModsFxn__C)

.const:xdc_runtime_SysCallback_abortFxn__C 
*          0    00001464    00000004     
                  00001464    00000004     app_ble_pem3.oem3 (.const:xdc_runtime_SysCallback_abortFxn__C)

.const:xdc_runtime_SysCallback_exitFxn__C 
*          0    00001468    00000004     
                  00001468    00000004     app_ble_pem3.oem3 (.const:xdc_runtime_SysCallback_exitFxn__C)

.const:xdc_runtime_System_abortFxn__C 
*          0    0000146c    00000004     
                  0000146c    00000004     app_ble_pem3.oem3 (.const:xdc_runtime_System_abortFxn__C)

.const:xdc_runtime_System_exitFxn__C 
*          0    00001470    00000004     
                  00001470    00000004     app_ble_pem3.oem3 (.const:xdc_runtime_System_exitFxn__C)

.const:xdc_runtime_System_maxAtexitHandlers__C 
*          0    00001474    00000004     
                  00001474    00000004     app_ble_pem3.oem3 (.const:xdc_runtime_System_maxAtexitHandlers__C)

.const:xdc_runtime_Text_charTab__C 
*          0    00001478    00000004     
                  00001478    00000004     app_ble_pem3.oem3 (.const:xdc_runtime_Text_charTab__C)

.const:xdc_runtime_Text_nameEmpty__C 
*          0    0000147c    00000004     
                  0000147c    00000004     app_ble_pem3.oem3 (.const:xdc_runtime_Text_nameEmpty__C)

.const:xdc_runtime_Text_nameStatic__C 
*          0    00001480    00000004     
                  00001480    00000004     app_ble_pem3.oem3 (.const:xdc_runtime_Text_nameStatic__C)

.const:xdc_runtime_Text_nameUnknown__C 
*          0    00001484    00000004     
                  00001484    00000004     app_ble_pem3.oem3 (.const:xdc_runtime_Text_nameUnknown__C)

.const:xdc_runtime_Main_Module__id__C 
*          0    00001488    00000002     
                  00001488    00000002     app_ble_pem3.oem3 (.const:xdc_runtime_Main_Module__id__C)

.const:xdc_runtime_Memory_Module__id__C 
*          0    0000148a    00000002     
                  0000148a    00000002     app_ble_pem3.oem3 (.const:xdc_runtime_Memory_Module__id__C)

.const:xdc_runtime_Text_charCnt__C 
*          0    0000148c    00000002     
                  0000148c    00000002     app_ble_pem3.oem3 (.const:xdc_runtime_Text_charCnt__C)

.const:xdc_runtime_Text_isLoaded__C 
*          0    0000148e    00000002     
                  0000148e    00000002     app_ble_pem3.oem3 (.const:xdc_runtime_Text_isLoaded__C)

.const:xdc_runtime_Error_policy__C 
*          0    00001490    00000001     
                  00001490    00000001     app_ble_pem3.oem3 (.const:xdc_runtime_Error_policy__C)

.const:ti_sysbios_rom_ROM_AONRTCChannelEnable 
*          0    00001494    00000004     
                  00001494    00000004     app_ble_pem3.oem3 (.const:ti_sysbios_rom_ROM_AONRTCChannelEnable)

.const:ti_sysbios_rom_ROM_AONRTCCompareValueSet 
*          0    00001498    00000004     
                  00001498    00000004     app_ble_pem3.oem3 (.const:ti_sysbios_rom_ROM_AONRTCCompareValueSet)

.const:ti_sysbios_rom_ROM_AONRTCCurrentCompareValueGet 
*          0    0000149c    00000004     
                  0000149c    00000004     app_ble_pem3.oem3 (.const:ti_sysbios_rom_ROM_AONRTCCurrentCompareValueGet)

.const:ti_sysbios_rom_ROM_AONRTCEventClear 
*          0    000014a0    00000004     
                  000014a0    00000004     app_ble_pem3.oem3 (.const:ti_sysbios_rom_ROM_AONRTCEventClear)

.const:ti_sysbios_rom_ROM_ti_sysbios_family_arm_cc26xx_Timer_getCount64__E 
*          0    000014a4    00000004     
                  000014a4    00000004     app_ble_pem3.oem3 (.const:ti_sysbios_rom_ROM_ti_sysbios_family_arm_cc26xx_Timer_getCount64__E)

.const:ti_sysbios_rom_ROM_ti_sysbios_family_arm_cc26xx_Timer_getCurrentTick__E 
*          0    000014a8    00000004     
                  000014a8    00000004     app_ble_pem3.oem3 (.const:ti_sysbios_rom_ROM_ti_sysbios_family_arm_cc26xx_Timer_getCurrentTick__E)

.const:ti_sysbios_rom_ROM_ti_sysbios_family_arm_cc26xx_Timer_getMaxTicks__E 
*          0    000014ac    00000004     
                  000014ac    00000004     app_ble_pem3.oem3 (.const:ti_sysbios_rom_ROM_ti_sysbios_family_arm_cc26xx_Timer_getMaxTicks__E)

.const:ti_sysbios_rom_ROM_ti_sysbios_family_arm_cc26xx_Timer_initDevice__I 
*          0    000014b0    00000004     
                  000014b0    00000004     app_ble_pem3.oem3 (.const:ti_sysbios_rom_ROM_ti_sysbios_family_arm_cc26xx_Timer_initDevice__I)

.const:ti_sysbios_rom_ROM_ti_sysbios_family_arm_cc26xx_Timer_setNextTick__E 
*          0    000014b4    00000004     
                  000014b4    00000004     app_ble_pem3.oem3 (.const:ti_sysbios_rom_ROM_ti_sysbios_family_arm_cc26xx_Timer_setNextTick__E)

.const:ti_sysbios_rom_ROM_ti_sysbios_family_arm_cc26xx_Timer_setThreshold__I 
*          0    000014b8    00000004     
                  000014b8    00000004     app_ble_pem3.oem3 (.const:ti_sysbios_rom_ROM_ti_sysbios_family_arm_cc26xx_Timer_setThreshold__I)

.const:ti_sysbios_rom_ROM_ti_sysbios_family_arm_cc26xx_Timer_start__E 
*          0    000014bc    00000004     
                  000014bc    00000004     app_ble_pem3.oem3 (.const:ti_sysbios_rom_ROM_ti_sysbios_family_arm_cc26xx_Timer_start__E)

.const:ti_sysbios_rom_ROM_ti_sysbios_family_arm_cc26xx_TimestampProvider_get32__E 
*          0    000014c0    00000004     
                  000014c0    00000004     app_ble_pem3.oem3 (.const:ti_sysbios_rom_ROM_ti_sysbios_family_arm_cc26xx_TimestampProvider_get32__E)

.const:ti_sysbios_rom_ROM_xdc_runtime_Startup_getState__I 
*          0    000014c4    00000004     
                  000014c4    00000004     app_ble_pem3.oem3 (.const:ti_sysbios_rom_ROM_xdc_runtime_Startup_getState__I)

.const:ti_sysbios_rom_ROM_xdc_runtime_System_SupportProxy_abort__E 
*          0    000014c8    00000004     
                  000014c8    00000004     app_ble_pem3.oem3 (.const:ti_sysbios_rom_ROM_xdc_runtime_System_SupportProxy_abort__E)

.const:ti_sysbios_rom_ROM_xdc_runtime_System_SupportProxy_exit__E 
*          0    000014cc    00000004     
                  000014cc    00000004     app_ble_pem3.oem3 (.const:ti_sysbios_rom_ROM_xdc_runtime_System_SupportProxy_exit__E)

.const:ti_sysbios_gates_GateMutex_Instance_State_sem__O 
*          0    000014d0    00000004     
                  000014d0    00000004     app_ble_pem3.oem3 (.const:ti_sysbios_gates_GateMutex_Instance_State_sem__O)

.const:ti_sysbios_knl_Clock_Module_State_clockQ__O 
*          0    000014d4    00000004     
                  000014d4    00000004     app_ble_pem3.oem3 (.const:ti_sysbios_knl_Clock_Module_State_clockQ__O)

.const:ti_sysbios_knl_Mailbox_Instance_State_dataQue__O 
*          0    000014d8    00000004     
                  000014d8    00000004     app_ble_pem3.oem3 (.const:ti_sysbios_knl_Mailbox_Instance_State_dataQue__O)

.const:ti_sysbios_knl_Mailbox_Instance_State_dataSem__O 
*          0    000014dc    00000004     
                  000014dc    00000004     app_ble_pem3.oem3 (.const:ti_sysbios_knl_Mailbox_Instance_State_dataSem__O)

.const:ti_sysbios_knl_Mailbox_Instance_State_freeQue__O 
*          0    000014e0    00000004     
                  000014e0    00000004     app_ble_pem3.oem3 (.const:ti_sysbios_knl_Mailbox_Instance_State_freeQue__O)

.const:ti_sysbios_knl_Mailbox_Instance_State_freeSem__O 
*          0    000014e4    00000004     
                  000014e4    00000004     app_ble_pem3.oem3 (.const:ti_sysbios_knl_Mailbox_Instance_State_freeSem__O)

.const:ti_sysbios_knl_Semaphore_Instance_State_pendQ__O 
*          0    000014e8    00000004     
                  000014e8    00000004     app_ble_pem3.oem3 (.const:ti_sysbios_knl_Semaphore_Instance_State_pendQ__O)

.const:ti_sysbios_knl_Task_Module_State_inactiveQ__O 
*          0    000014ec    00000004     
                  000014ec    00000004     app_ble_pem3.oem3 (.const:ti_sysbios_knl_Task_Module_State_inactiveQ__O)

.text.4    0    000014f0    00007464     
                  000014f0    00000228     drivers_cc13xxware.aem3 : PowerCC26XX.oem3 (.text:Power_sleep)
                  00001718    000001ec                             : PowerCC26XX_calibrateRCOSC.oem3 (.text:calibrateRcoscHf1)
                  00001904    000001b5     adxl_sensor.obj (.text:ADXL_read)
                  00001ab9    00000001     --HOLE-- [fill = 0]
                  00001aba    00000002     RFCC26XX_singleMode.obj (.text:defaultErrCb$13)
                  00001abc    000001a8     PINCC26XX.obj (.text:PIN_init)
                  00001c64    000001a8     RFCC26XX_singleMode.obj (.text:abortCmd$13)
                  00001e0c    000001a0     drivers_cc13xxware.aem3 : PowerCC26XX_calibrateRCOSC.oem3 (.text:PowerCC26XX_doCalibrate)
                  00001fac    000001a0     ysu_sensortag.obj (.text:SensorTag_init$37)
                  0000214c    00000170     RFCC26XX_singleMode.obj (.text:RF_postCmd)
                  000022bc    00000130     driverlib.lib : setup.obj (.text:NOROM_SetupAfterColdResetWakeupFromShutDownCfg3)
                  000023ec    0000012c     drivers_cc13xxware.aem3 : PowerCC26XX.oem3 (.text:Power_init)
                  00002518    00000128     RFCC26XX_singleMode.obj (.text:fsmSetupState$13)
                  00002640    00000120     peripheral.obj (.text:GAPRole_GetParameter)
                  00002760    00000110     RFCC26XX_singleMode.obj (.text:hwiFxnCpe0Active$13)
                  00002870    000000fc     peripheral.obj (.text:gapRole_taskFxn$29)
                  0000296c    000000f8     drivers_cc13xxware.aem3 : I2CCC26XX.oem3 (.text:I2CCC26XX_open)
                  00002a64    000000f8     app_ble_pem3.oem3 (.text:xdc_runtime_System_printfExtend__I)
                  00002b5c    000000ec     icall.obj (.text:ICall_primWaitMatch$21)
                  00002c48    000000ec     driverlib.lib : setup.obj (.text:NOROM_SetupAfterColdResetWakeupFromShutDownCfg2)
                  00002d34    000000ec     RFCC26XX_singleMode.obj (.text:rf_init$13)
                  00002e20    000000e8     drivers_cc13xxware.aem3 : I2CCC26XX.oem3 (.text:I2CCC26XX_hwiFxn)
                  00002f08    000000d8     driverlib.lib : rfc.obj (.text:NOROM_RFCRTrim)
                  00002fe0    000000d4                   : rfc.obj (.text:NOROM_RFCRfTrimRead)
                  000030b4    000000d4     drivers_cc13xxware.aem3 : PowerCC26XX.oem3 (.text:Power_releaseDependency)
                  00003188    000000d0                             : PowerCC26XX.oem3 (.text:Power_setDependency)
                  00003258    000000cc     driverlib.lib : setup.obj (.text:TrimAfterColdResetWakeupFromShutDown)
                  00003324    000000c8     RFCC26XX_singleMode.obj (.text:fsmPowerUpState$13)
                  000033ec    000000c4     RFCC26XX_singleMode.obj (.text:swiFxnHw$13)
                  000034b0    000000c2     drivers_cc13xxware.aem3 : I2CCC26XX.oem3 (.text:I2CCC26XX_transfer)
                  00003572    00000002                             : PowerCC26XX.oem3 (.text:emptyClockFunc)
                  00003574    000000c0     RFCC26XX_singleMode.obj (.text:RF_open)
                  00003634    000000bc     power_cc13xx_tirtos.aem3 : PowerCC26XX_tirtos.oem3 (.text:PowerCC26XX_standbyPolicy)
                  000036f0    000000bc     adxl_service.obj (.text:adxl_WriteAttrCB$1)
                  000037ac    000000bc     bme688service.obj (.text:sensor_WriteAttrCB$5)
                  00003868    000000b4     PINCC26XX.obj (.text:PINCC26XX_setIoCfg$12)
                  0000391c    000000b0     devinfoservice.obj (.text:devInfo_ReadAttrCB$26)
                  000039cc    000000a4     devinfoservice.obj (.text:DevInfo_SetParameter)
                  00003a70    000000a4     driverlib.lib : setup.obj (.text:NOROM_SetupTrimDevice)
                  00003b14    000000a0                   : setup.obj (.text:NOROM_SetupAfterColdResetWakeupFromShutDownCfg1)
                  00003bb4    000000a0     auto_init.aem3 : auto_init.oem3 (.text)
                  00003c54    000000a0     ccservice.obj (.text:ccService_WriteAttrCB$35)
                  00003cf4    000000a0     peripheral.obj (.text:gapRole_init$29)
                  00003d94    000000a0     rom_sysbios.aem3 : rom_sysbios.obj (.text:ti_sysbios_knl_Task_setPri__E)
                  00003e34    0000009c     ysu_sensortag.obj (.text:SensorTag_processStateChangeEvt$37)
                  00003ed0    0000009c     rtsv7M3_T_le_eabi.lib : memcpy_t2.obj (.text)
                  00003f6c    0000009a     rom_sysbios.aem3 : rom_sysbios.obj (.text:xdc_runtime_Text_putSite__E)
                  00004006    00000002     rtsv7M3_T_le_eabi.lib : i_div0.obj (.text)
                  00004008    00000098     PINCC26XX.obj (.text:PIN_open)
                  000040a0    00000098     rom_sysbios.aem3 : rom_sysbios.obj (.text:ti_sysbios_knl_Clock_workFuncDynamic__E)
                  00004138    00000094     gattservapp_util.obj (.text:GATTServApp_ProcessCharCfg)
                  000041cc    00000094     rom_sysbios.aem3 : rom_sysbios.obj (.text:xdc_runtime_Text_putMod__E)
                  00004260    00000090     drivers_cc13xxware.aem3 : I2CCC26XX.oem3 (.text:I2CCC26XX_cancel)
                  000042f0    00000090                             : PowerCC26XX.oem3 (.text:switchXOSCHFclockFunc)
                  00004380    0000008c                             : I2CCC26XX.oem3 (.text:I2CCC26XX_primeTransfer)
                  0000440c    0000008c     driverlib.lib : osc.obj (.text:NOROM_OSCHF_GetStartupTime)
                  00004498    0000008c     drivers_cc13xxware.aem3 : PowerCC26XX.oem3 (.text:disableLFClockQualifiers)
                  00004524    00000088                             : PowerCC26XX_calibrateRCOSC.oem3 (.text:calibrateRcoscHf2)
                  000045ac    00000084     icall.obj (.text:ICall_heapMalloc)
                  00004630    00000084     icall.obj (.text:ICall_primSetTimer$21)
                  000046b4    00000084     ysu_sensortag.obj (.text:SensorTag_taskFxn$37)
                  00004738    00000084     TRNGCC26XX.obj (.text:TRNGCC26XX_getNumber)
                  000047bc    00000084     main.obj (.text:main)
                  00004840    00000080     RFCC26XX_singleMode.obj (.text:RF_pendCmd)
                  000048c0    00000080     adxl343.obj (.text:adxlTaskFxn$0)
                  00004940    0000007c     icall.obj (.text:ICall_createRemoteTasks)
                  000049bc    0000007a     rtsv7M3_T_le_eabi.lib : memset_t2.obj (.text)
                  00004a36    00000002     rom_sysbios.aem3 : rom_sysbios.obj (.text:ti_sysbios_BIOS_linkedWithIncorrectBootLibrary__E)
                  00004a38    00000074     adxl343.obj (.text:ADXL_processCharChangeEvt)
                  00004aac    00000074     icall_cc2650.obj (.text:ICallPlatform_pwrUpdActivityCounter)
                  00004b20    00000074     icall.obj (.text:ICall_primSend$21)
                  00004b94    00000074     drivers_cc13xxware.aem3 : PowerCC26XX_calibrateRCOSC.oem3 (.text:PowerCC26XX_auxISR)
                  00004c08    00000074     peripheral.obj (.text:gapRole_startConnUpdate$29)
                  00004c7c    00000070     driverlib.lib : chipinfo.obj (.text:NOROM_ChipInfo_GetHwRevision)
                  00004cec    00000070                   : setup.obj (.text:NOROM_SetupSetVddrLevel)
                  00004d5c    0000006d     rom_sysbios.aem3 : rom_sysbios.obj (.text:xdc_runtime_System_formatNum__I)
                  00004dc9    00000001     --HOLE-- [fill = 0]
                  00004dca    00000002     app_ble_pem3.oem3 (.text:ti_sysbios_BIOS_nullFunc__I)
                  00004dcc    0000006c     bme688.obj (.text:BME_processCharChangeEvt)
                  00004e38    0000006c     icall.obj (.text:ICall_heapInit)
                  00004ea4    0000006c     driverlib.lib : setup.obj (.text:NOROM_SetupGetTrimForAmpcompCtrl)
                  00004f10    0000006c     drivers_cc13xxware.aem3 : PowerCC26XX.oem3 (.text:PowerCC26XX_calibrate)
                  00004f7c    0000006c     RFCC26XX_singleMode.obj (.text:fsmPowerDownState$13)
                  00004fe8    0000006a     rtsv7M3_T_le_eabi.lib : copy_decompress_rle.obj (.text)
                  00005052    00000002     rom_sysbios.aem3 : rom_sysbios.obj (.text:ti_sysbios_knl_Clock_triggerFunc__I)
                  00005054    00000068     adxl_service.obj (.text:ADXL_setParameter)
                  000050bc    00000068     driverlib.lib : setup.obj (.text:NOROM_SetupGetTrimForAnabypassValue1)
                  00005124    00000068                   : sys_ctrl.obj (.text:NOROM_SysCtrl_DCDC_VoltageConditionalControl)
                  0000518c    00000068     sensortag_conn_ctrl.obj (.text:SensorTagConnectionControl_update)
                  000051f4    00000068     gattservapp_util.obj (.text:gattServApp_SendNotiInd$28)
                  0000525c    00000064     drivers_cc13xxware.aem3 : I2CCC26XX.oem3 (.text:I2CCC26XX_close)
                  000052c0    00000064                             : I2CCC26XX.oem3 (.text:I2CCC26XX_initIO)
                  00005324    00000064     driverlib.lib : osc.obj (.text:NOROM_OSCHF_AttemptToSwitchToXosc)
                  00005388    00000064     rom_sysbios.aem3 : rom_sysbios.obj (.text:ti_sysbios_family_arm_cc26xx_Timer_start__E)
                  000053ec    00000060     icall.obj (.text:ICall_primEnroll$21)
                  0000544c    00000060     driverlib.lib : osc.obj (.text:NOROM_OSCClockSourceSet)
                  000054ac    00000060     drivers_cc13xxware.aem3 : PowerCC26XX_calibrateRCOSC.oem3 (.text:PowerCC26XX_RCOSC_clockFunc)
                  0000550c    00000060     RFCC26XX_singleMode.obj (.text:RF_getCurrentTime)
                  0000556c    00000060     drivers_cc13xxware.aem3 : PowerCC26XX_calibrateRCOSC.oem3 (.text:updateSubSecInc)
                  000055cc    0000005c     icall.obj (.text:ICall_primThreadServes$21)
                  00005628    0000005c     driverlib.lib : sys_ctrl.obj (.text:NOROM_SysCtrlAdjustRechargeAfterPowerDown)
                  00005684    0000005c     adxl_service.obj (.text:adxl_ReadAttrCB$1)
                  000056e0    0000005c     RFCC26XX_singleMode.obj (.text:applyRfCorePatch$13)
                  0000573c    0000005c     RFCC26XX_singleMode.obj (.text:decActiveClientCnt$13)
                  00005798    0000005c     app_ble_pem3.oem3 (.text:xdc_runtime_Startup_getState__I)
                  000057f4    0000005b     rom_sysbios.aem3 : rom_sysbios.obj (.text:xdc_runtime_Text_putLab__E)
                  0000584f    00000001     --HOLE-- [fill = 0]
                  00005850    00000058     drivers_cc13xxware.aem3 : I2CCC26XX.oem3 (.text:I2CCC26XX_swiFxn)
                  000058a8    00000058     PINCC26XX.obj (.text:PIN_remove)
                  00005900    00000058     drivers_cc13xxware.aem3 : PowerCC26XX_calibrateRCOSC.oem3 (.text:PowerCC26XX_initiateCalibration)
                  00005958    00000058     bme688service.obj (.text:sensor_ReadAttrCB$5)
                  000059b0    00000054     drivers_cc13xxware.aem3 : PowerCC26XX.oem3 (.text:configureXOSCHF)
                  00005a04    00000054     RFCC26XX_singleMode.obj (.text:fsmXOSCState$13)
                  00005a58    00000054     RFCC26XX_singleMode.obj (.text:hwiFxnHw$13)
                  00005aac    00000054     RFCC26XX_singleMode.obj (.text:ratChanFree$13)
                  00005b00    00000052     icall.obj (.text:ICall_primWait$21)
                  00005b52    00000002     app_ble_pem3.oem3 (.text:ti_sysbios_rom_cortexm_cc13xx_CC13xx_badRomRevision__E)
                  00005b54    00000050     bme688service.obj (.text:BME_setParameter)
                  00005ba4    00000050     icall_api.obj (.text:GAP_DeviceInit)
                  00005bf4    00000050     icall_api.obj (.text:GAP_UpdateAdvertisingData)
                  00005c44    00000050     icall.obj (.text:ICall_primRegisterApp$21)
                  00005c94    00000050     driverlib.lib : setup.obj (.text:NOROM_SetupSetCacheModeAccordingToCcfgSetting)
                  00005ce4    00000050     RFCC26XX_singleMode.obj (.text:RF_getInfo)
                  00005d34    00000050     RFCC26XX_singleMode.obj (.text:syncCb$13)
                  00005d84    0000004c     icall_cc2650.obj (.text:ICallPlatform_pwrRegisterNotify)
                  00005dd0    0000004c     icall.obj (.text:ICall_newTask$21)
                  00005e1c    0000004c     icall.obj (.text:ICall_primGetEntityId$21)
                  00005e68    0000004c     ysu_sensortag.obj (.text:SensorTag_setDeviceInfo$37)
                  00005eb4    0000004c     ccservice.obj (.text:ccService_ReadAttrCB$35)
                  00005f00    0000004c     RFCC26XX_singleMode.obj (.text:dispatchOpWhen$13)
                  00005f4c    0000004c     peripheral.obj (.text:gapRole_processStackMsg$29)
                  00005f98    0000004c     rtsv7M3_T_le_eabi.lib : cpy_tbl.obj (.text)
                  00005fe4    0000004a     gattservapp_util.obj (.text:GATTServApp_ProcessCCCWriteReq)
                  0000602e    00000002     rom_sysbios.aem3 : rom_sysbios.obj (.text:xdc_runtime_SysCallback_defaultAbort)
                  00006030    00000048     drivers_cc13xxware.aem3 : I2CCC26XX.oem3 (.text:I2CCC26XX_initHw)
                  00006078    00000048     driverlib.lib : chipinfo.obj (.text:NOROM_ChipInfo_GetChipFamily)
                  000060c0    00000048     util.obj (.text:Util_constructClock)
                  00006108    00000048     icall_api.obj (.text:gattIndNoti$24)
                  00006150    00000048     drivers_cc13xxware.aem3 : PowerCC26XX.oem3 (.text:notify)
                  00006198    00000044     main.obj (.text:AssertHandler)
                  000061dc    00000044     icall_api.obj (.text:GAP_TerminateLinkReq)
                  00006220    00000044     PINCC26XX.obj (.text:PIN_swi$12)
                  00006264    00000044     boot.aem3 : boot.oem3 (.text)
                  000062a8    00000044     icall_api.obj (.text:gapSendParamAndPtrCmd$24)
                  000062ec    00000044     rtsv7M3_T_le_eabi.lib : exit.obj (.text)
                  00006330    00000044     rom_sysbios.aem3 : rom_sysbios.obj (.text:xdc_runtime_Text_xprintf__I)
                  00006374    00000042     icall.obj (.text:ICall_primCreateTask$21)
                  000063b6    00000002     rom_sysbios.aem3 : rom_sysbios.obj (.text:xdc_runtime_SysCallback_defaultExit)
                  000063b8    00000040     peripheral.obj (.text:GAPRole_createTask)
                  000063f8    00000040     drivers_cc13xxware.aem3 : PowerCC26XX.oem3 (.text:PowerCC26XX_isStableXOSC_HF)
                  00006438    00000040     RFCC26XX_singleMode.obj (.text:RF_getRssi)
                  00006478    00000040     rtsv7M3_T_le_eabi.lib : u_divt2.obj (.text)
                  000064b8    0000003c     adxl343.obj (.text:ADXL_createTask)
                  000064f4    0000003c     icall_api.obj (.text:GAP_GetParamValue)
                  00006530    0000003c     icall_api.obj (.text:GATTServApp_RegisterService)
                  0000656c    0000003c     icall_cc2650.obj (.text:ICallPlatform_pwrConfigACAction)
                  000065a8    0000003c     driverlib.lib : osc.obj (.text:NOROM_OSC_HPOSCRelativeFrequencyOffsetGet)
                  000065e4    0000003c                   : rfc.obj (.text:NOROM_RFCSynthPowerDown)
                  00006620    0000003c     RFCC26XX_singleMode.obj (.text:RF_runCmd)
                  0000665c    0000003c     ysu_sensortag.obj (.text:SensorTag_createTask)
                  00006698    0000003c     RFCC26XX_singleMode.obj (.text:postDirImmCmd$13)
                  000066d4    0000003c     icall_api.obj (.text:sendWaitMatchCS$24)
                  00006710    0000003c     icall_api.obj (.text:sendWaitMatchValueCS$24)
                  0000674c    00000038     icall_api.obj (.text:GAPBondMgr_LinkEst)
                  00006784    00000038     peripheral.obj (.text:GAPRole_SendUpdateParam)
                  000067bc    00000038     drivers_cc13xxware.aem3 : I2C.oem3 (.text:I2C_init)
                  000067f4    00000038     icall.obj (.text:ICall_primGetMaxMSecs$21)
                  0000682c    00000038     util.obj (.text:Util_restartClock)
                  00006864    00000038     peripheral.obj (.text:gapRole_HandleParamUpdateNoSuccess$29)
                  0000689c    00000038     icall_api.obj (.text:linkDB_NumConns)
                  000068d4    00000038     rom_sysbios.aem3 : rom_sysbios.obj (.text:ti_sysbios_family_arm_cc26xx_Timer_getCurrentTick__E)
                  0000690c    00000036     icall_api.obj (.text:profileSetParameter$24)
                  00006942    00000036     RFCC26XX_singleMode.obj (.text:updateImplicitState$13)
                  00006978    00000034     icall_api.obj (.text:GAPBondMgr_SetParameter)
                  000069ac    00000034     icall_api.obj (.text:GAP_SetParamValue)
                  000069e0    00000034     icall.obj (.text:ICall_primEntityId2ServiceId$21)
                  00006a14    00000034     icall.obj (.text:ICall_primFetchMsg$21)
                  00006a48    00000034     icall.obj (.text:ICall_primRegisterISR$21)
                  00006a7c    00000034     icall.obj (.text:ICall_primRegisterISR_Ext$21)
                  00006ab0    00000034     icall.obj (.text:ICall_searchServiceEntity)
                  00006ae4    00000034     driverlib.lib : osc.obj (.text:NOROM_OSCHF_SwitchToRcOscTurnOffXosc)
                  00006b18    00000034                   : trng.obj (.text:NOROM_TRNGConfigure)
                  00006b4c    00000034     PINCC26XX.obj (.text:PIN_setOutputValue)
                  00006b80    00000034     RFCC26XX_singleMode.obj (.text:Q_push$13)
                  00006bb4    00000034     icall_api.obj (.text:osal_snv_read)
                  00006be8    00000034     icall_api.obj (.text:osal_snv_write)
                  00006c1c    00000034     icall_api.obj (.text:profileAddService$24)
                  00006c50    00000032     icall_api.obj (.text:gapSendParamsCmd$24)
                  00006c82    00000032     icall_api.obj (.text:gapSendPtrParamsCmd$24)
                  00006cb4    00000032     icall_api.obj (.text:matchGapSetGetParamCS$24)
                  00006ce6    00000032     icall_api.obj (.text:matchGattCmdStatus$24)
                  00006d18    00000032     icall_api.obj (.text:matchUtilNvCS$24)
                  00006d4a    00000032     rom_sysbios.aem3 : rom_sysbios.obj (.text:ti_sysbios_family_arm_cc26xx_Timer_setNextTick__E)
                  00006d7c    00000030     drivers_cc13xxware.aem3 : I2C.oem3 (.text:I2C_open)
                  00006dac    00000030     icall_cc2650.obj (.text:ICallPlatform_pwrNotify$22)
                  00006ddc    00000030     icall.obj (.text:ICall_msecs2Ticks$21)
                  00006e0c    00000030     icall.obj (.text:ICall_searchTask$21)
                  00006e3c    00000030     driverlib.lib : setup.obj (.text:NOROM_SetupSetAonRtcSubSecInc)
                  00006e6c    00000030     drivers_cc13xxware.aem3 : PowerCC26XX.oem3 (.text:Power_releaseConstraint)
                  00006e9c    00000030                             : PowerCC26XX.oem3 (.text:Power_setConstraint)
                  00006ecc    00000030     app_ble_pem3.oem3 (.text:ti_sysbios_BIOS_atExitFunc__I)
                  00006efc    00000030     app_ble_pem3.oem3 (.text:ti_sysbios_BIOS_startFunc__I)
                  00006f2c    00000030     rom_sysbios.aem3 : rom_sysbios.obj (.text:ti_sysbios_family_arm_cc26xx_Timer_initDevice__I)
                  00006f5c    00000030                      : rom_sysbios.obj (.text:ti_sysbios_family_arm_cc26xx_Timer_setThreshold__I)
                  00006f8c    0000002f                      : rom_sysbios.obj (.text:xdc_runtime_Text_printVisFxn__I)
                  00006fbb    00000001     --HOLE-- [fill = 0]
                  00006fbc    0000002e     icall_cc2650.obj (.text:ICallPlatform_pwrDispenseImpl$22)
                  00006fea    0000002e     icall_cc2650.obj (.text:ICallPlatform_pwrRequireImpl$22)
                  00007018    0000002e     peripheral.obj (.text:ICall_fetchServiceMsg$29)
                  00007046    0000002e     ysu_sensortag.obj (.text:ICall_fetchServiceMsg$37)
                  00007074    0000002e     icall.obj (.text:ICall_msgDequeue$21)
                  000070a2    0000002e     icall_api.obj (.text:matchProfileAddServiceCS$24)
                  000070d0    0000002c     adxl343.obj (.text:ADXL_init)
                  000070fc    0000002c     icall.obj (.text:ICall_heapFree)
                  00007128    0000002c     adxl_service.obj (.text:ICall_malloc$1)
                  00007154    0000002c     icall.obj (.text:ICall_msgEnqueue$21)
                  00007180    0000002c     icall.obj (.text:ICall_primAllocMsg$21)
                  000071ac    0000002c     icall.obj (.text:ICall_primFetchServiceMsg$21)
                  000071d8    0000002c     icall_api.obj (.text:ICall_sendServiceMsg$24)
                  00007204    0000002c     driverlib.lib : ddi.obj (.text:NOROM_DDI32RegWrite)
                  00007230    0000002c                   : osc.obj (.text:NOROM_OSCClockSourceGet)
                  0000725c    0000002c                   : setup.obj (.text:NOROM_SetupGetTrimForRadcExtCfg)
                  00007288    0000002c     PINCC26XX.obj (.text:PINCC26XX_setMux)
                  000072b4    0000002c     PINCC26XX.obj (.text:PIN_setConfig)
                  000072e0    0000002c     RFCC26XX_singleMode.obj (.text:getCmd$13)
                  0000730c    0000002c     rom_sysbios.aem3 : rom_sysbios.obj (.text:ti_sysbios_knl_Clock_getTicksUntilInterrupt__E)
                  00007338    0000002a     icall_api.obj (.text:ICall_waitMatch$24)
                  00007362    0000002a     TRNGCC26XX.obj (.text:TRNGCC26XX_isParamValid)
                  0000738c    0000002a     util.obj (.text:Util_enqueueMsg)
                  000073b6    0000002a     icall_api.obj (.text:matchProfileCS$24)
                  000073e0    0000002a     rom_sysbios.aem3 : rom_sysbios.obj (.text:xdc_runtime_System_putchar__I)
                  0000740a    00000002                      : rom_sysbios.obj (.text:xdc_runtime_SysCallback_defaultFlush)
                  0000740c    00000028     adxl_service.obj (.text:ADXL_addService)
                  00007434    00000028     ccservice.obj (.text:CcService_setParameter)
                  0000745c    00000028     gattservapp_util.obj (.text:GATTServApp_WriteCharCfg)
                  00007484    00000028     icall.obj (.text:ICall_init)
                  000074ac    00000028     icall.obj (.text:ICall_msgPrepend$21)
                  000074d4    00000028     adxl343.obj (.text:ICall_registerApp$0)
                  000074fc    00000028     peripheral.obj (.text:ICall_registerApp$29)
                  00007524    00000028     ysu_sensortag.obj (.text:ICall_registerApp$37)
                  0000754c    00000028     driverlib.lib : aon_batmon.obj (.text:NOROM_AONBatMonTemperatureGetDegC)
                  00007574    00000028     drivers_cc13xxware.aem3 : PowerCC26XX.oem3 (.text:PowerCC26XX_switchXOSC_HF)
                  0000759c    00000028                             : PowerCC26XX.oem3 (.text:Power_registerNotify)
                  000075c4    00000028     driverlib.lib : adi.obj (.text:SafeHapiVoid)
                  000075ec    00000028     ysu_sensortag.obj (.text:SensorTag_enqueueMsg$37)
                  00007614    00000028     TRNGCC26XX.obj (.text:TRNGCC26XX_init)
                  0000763c    00000028     RFCC26XX_singleMode.obj (.text:clkPowerUpFxn$13)
                  00007664    00000028     gattservapp_util.obj (.text:gattServApp_FindCharCfgItem$28)
                  0000768c    00000028     rom_sysbios.aem3 : rom_sysbios.obj (.text:ti_sysbios_family_arm_cc26xx_Timer_getMaxTicks__E)
                  000076b4    00000026     drivers_cc13xxware.aem3 : List.oem3 (.text:List_put)
                  000076da    00000002     rom_sysbios.aem3 : rom_sysbios.obj (.text:xdc_runtime_SysCallback_defaultPutch)
                  000076dc    00000024     adxl_service.obj (.text:ADXL_getParameter)
                  00007700    00000024     adxl343.obj (.text:ADXL_reset)
                  00007724    00000024     icall_api.obj (.text:GAPBondMgr_LinkTerm)
                  00007748    00000024     icall_api.obj (.text:GAPBondMgr_Register)
                  0000776c    00000024     icall_api.obj (.text:ICall_getLocalMsgEntityId$24)
                  00007790    00000024     icall_api.obj (.text:ICall_threadServes$24)
                  000077b4    00000024     PINCC26XX.obj (.text:PINCC26XX_getPinCount)
                  000077d8    00000024     simple_peripheral.obj (.text:SimpleBLEPeripheral_enqueueMsg$3)
                  000077fc    00000024     drivers_cc13xxware.aem3 : PowerCC26XX_calibrateRCOSC.oem3 (.text:getTdcSemaphore)
                  00007820    00000024     RFCC26XX_singleMode.obj (.text:hwiFxnCpe0PowerFsm$13)
                  00007844    00000024     main.obj (.text:rFSwitchNotifyCb$33)
                  00007868    00000024     app_ble_pem3.oem3 (.text:ti_sysbios_BIOS_registerRTSLock__I)
                  0000788c    00000024     app_ble_pem3.oem3 (.text:ti_sysbios_BIOS_removeRTSLock__I)
                  000078b0    00000024     rom_sysbios.aem3 : rom_sysbios.obj (.text:xdc_runtime_System_vprintf__E)
                  000078d4    00000022     icall.obj (.text:ICall_dispatch$21)
                  000078f6    00000022     ysu_sensortag.obj (.text:ICall_malloc$37)
                  00007918    00000022     util.obj (.text:ICall_malloc$4)
                  0000793a    00000002     --HOLE-- [fill = 0]
                  0000793c    00000020     bme688service.obj (.text:BME_getParameter)
                  0000795c    00000020     gattservapp_util.obj (.text:GATTServApp_InitCharCfg)
                  0000797c    00000020     icall_api.obj (.text:GATT_bm_alloc)
                  0000799c    00000020     icall_api.obj (.text:ICall_allocMsg$24)
                  000079bc    00000020     icall_api.obj (.text:ICall_getEntityId$24)
                  000079dc    00000020     devinfoservice.obj (.text:ICall_malloc$26)
                  000079fc    00000020     simple_peripheral.obj (.text:ICall_malloc$3)
                  00007a1c    00000020     icall.obj (.text:ICall_primService$21)
                  00007a3c    00000020     icall.obj (.text:ICall_searchService$21)
                  00007a5c    00000020     driverlib.lib : rfc.obj (.text:NOROM_RFCAdi3VcoLdoVoltageMode)
                  00007a7c    00000020                   : rfc.obj (.text:NOROM_RFCDoorbellSendTo)
                  00007a9c    00000020                   : setup.obj (.text:NOROM_SetupGetTrimForXoscHfCtl)
                  00007abc    00000020     drivers_cc13xxware.aem3 : PowerCC26XX.oem3 (.text:Power_unregisterNotify)
                  00007adc    00000020     RFCC26XX_singleMode.obj (.text:allocCmd$13)
                  00007afc    00000020     app_ble_pem3.oem3 (.text:ti_sysbios_BIOS_rtsLock__I)
                  00007b1c    00000020     rom_sysbios.aem3 : rom_sysbios.obj (.text:ti_sysbios_knl_Clock_stop__E)
                  00007b3c    00000020                      : rom_sysbios.obj (.text:xdc_runtime_Registry_findById__E)
                  00007b5c    0000001e     icall.obj (.text:ICall_primSendServiceMsg$21)
                  00007b7a    0000001e     PINCC26XX.obj (.text:PIN_close)
                  00007b98    0000001e     drivers_cc13xxware.aem3 : PowerCC26XX.oem3 (.text:Power_getTransitionLatency)
                  00007bb6    0000001e     st_util.obj (.text:utilExtractUuid16)
                  00007bd4    0000001e     icall_api.obj (.text:waitMatchCS$24)
                  00007bf2    00000002     --HOLE-- [fill = 0]
                  00007bf4    0000001c     icall_api.obj (.text:GATT_bm_free)
                  00007c10    0000001c     icall.obj (.text:ICall_initPrim$21)
                  00007c2c    0000001c     peripheral.obj (.text:ICall_wait$29)
                  00007c48    0000001c     ysu_sensortag.obj (.text:ICall_wait$37)
                  00007c64    0000001c     driverlib.lib : setup.obj (.text:NOROM_SetupGetTrimForAmpcompTh2)
                  00007c80    0000001c                   : setup.obj (.text:NOROM_SetupGetTrimForRcOscLfRtuneCtuneTrim)
                  00007c9c    0000001c     PINCC26XX.obj (.text:PINCC26XX_setIoCfgMux$12)
                  00007cb8    0000001c     PINCC26XX.obj (.text:PIN_hwi$12)
                  00007cd4    0000001c     RFCC26XX_singleMode.obj (.text:RF_runDirectCmd)
                  00007cf0    0000001c     RFCC26XX_singleMode.obj (.text:RF_runImmediateCmd)
                  00007d0c    0000001c     ysu_sensortag.obj (.text:SensorTag_processAppMsg$37)
                  00007d28    0000001c     TRNGCC26XX.obj (.text:TRNGCC26XX_open)
                  00007d44    0000001c     icall_api.obj (.text:getStatusValueFromErrNo$24)
                  00007d60    0000001c     TRNGCC26XX.obj (.text:openTRNG)
                  00007d7c    0000001c     rom_sysbios.aem3 : rom_sysbios.obj (.text:ti_sysbios_family_arm_cc26xx_Timer_dynamicStub__E)
                  00007d98    0000001a     icall.obj (.text:ICall_enterCSImpl)
                  00007db2    0000001a     icall.obj (.text:ICall_primSetTimerMSecs$21)
                  00007dcc    0000001a     drivers_cc13xxware.aem3 : List.oem3 (.text:List_remove)
                  00007de6    0000001a     util.obj (.text:Util_dequeueMsg)
                  00007e00    0000001a     icall_api.obj (.text:matchGattIndNotiCS$24)
                  00007e1a    0000001a     rom_sysbios.aem3 : rom_sysbios_config.obj (.text:xdc_runtime_System_printf__E)
                  00007e34    00000018     adxl_service.obj (.text:ADXL_registerAppCBs)
                  00007e4c    00000018     peripheral.obj (.text:GAPRole_TerminateConnection)
                  00007e64    00000018     icall_api.obj (.text:GATT_Notification)
                  00007e7c    00000018     icall_cc2650.obj (.text:ICallPlatform_pwrDispense)
                  00007e94    00000018     icall_cc2650.obj (.text:ICallPlatform_pwrRequire)
                  00007eac    00000018     devinfoservice.obj (.text:ICall_free$26)
                  00007ec4    00000018     ysu_sensortag.obj (.text:ICall_free$37)
                  00007edc    00000018     util.obj (.text:ICall_free$4)
                  00007ef4    00000018     icall.obj (.text:ICall_freeMsg$21)
                  00007f0c    00000018     icall_api.obj (.text:ICall_freeMsg$24)
                  00007f24    00000018     peripheral.obj (.text:ICall_freeMsg$29)
                  00007f3c    00000018     ysu_sensortag.obj (.text:ICall_freeMsg$37)
                  00007f54    00000018     icall.obj (.text:ICall_primMalloc$21)
                  00007f6c    00000018     driverlib.lib : aon_rtc.obj (.text:NOROM_AONRTCCurrentCompareValueGet)
                  00007f84    00000018                   : chipinfo.obj (.text:NOROM_ChipInfo_GetPackageType)
                  00007f9c    00000018                   : osc.obj (.text:NOROM_OSCHF_TurnOnXosc)
                  00007fb4    00000018                   : rfc.obj (.text:NOROM_RFCCpeIntGetAndClear)
                  00007fcc    00000018                   : setup.obj (.text:NOROM_SetupGetTrimForAdcShModeEn)
                  00007fe4    00000018                   : setup.obj (.text:NOROM_SetupGetTrimForAdcShVbufEn)
                  00007ffc    00000018                   : setup.obj (.text:NOROM_SetupGetTrimForAmpcompTh1)
                  00008014    00000018                   : setup.obj (.text:NOROM_SetupGetTrimForDblrLoopFilterResetVoltage)
                  0000802c    00000018                   : setup.obj (.text:NOROM_SetupGetTrimForRcOscLfIBiasTrim)
                  00008044    00000018                   : setup.obj (.text:NOROM_SetupGetTrimForXoscLfRegulatorAndCmirrwrRatio)
                  0000805c    00000018     drivers_cc13xxware.aem3 : PowerCC26XX.oem3 (.text:Power_idleFunc)
                  00008074    00000018     RFCC26XX_singleMode.obj (.text:Q_pop$13)
                  0000808c    00000018     ysu_sensortag.obj (.text:SensorTag_processCharValueChangeEvt$37)
                  000080a4    00000018     ysu_sensortag.obj (.text:SensorTag_updateAdvertisingData)
                  000080bc    00000018     drivers_cc13xxware.aem3 : PowerCC26XX.oem3 (.text:configureRFCoreClocks)
                  000080d4    00000018     peripheral.obj (.text:gapRole_setEvent$29)
                  000080ec    00000018     adxl343.obj (.text:initCharacteristicValue$0)
                  00008104    00000018     bme688.obj (.text:initCharacteristicValue$6)
                  0000811c    00000018     rtsv7M3_T_le_eabi.lib : args_main.obj (.text)
                  00008134    00000018                           : ll_mul_t2.obj (.text)
                  0000814c    00000018     RFCC26XX_singleMode.obj (.text:swiFxnFsm$13)
                  00008164    00000018     app_ble_pem3.oem3 (.text:ti_sysbios_BIOS_rtsUnlock__I)
                  0000817c    00000018     rom_sysbios.aem3 : rom_sysbios.obj (.text:ti_sysbios_knl_Swi_or__E)
                  00008194    00000018     app_ble_pem3.oem3 (.text:ti_sysbios_rom_cortexm_cc13xx_CC13xx_checkRevision__E)
                  000081ac    00000016     icall.obj (.text:ICall_abort$21)
                  000081c2    00000016     icall.obj (.text:ICall_leaveCSImpl)
                  000081d8    00000016     icall.obj (.text:ICall_primStopTimer$21)
                  000081ee    00000016     driverlib.lib : chipinfo.obj (.text:NOROM_ThisCodeIsBuiltForCC13xxHwRev20AndLater_HaltIfViolated)
                  00008204    00000016     ble_user_config.obj (.text:driverTable_fnSpinlock)
                  0000821a    00000016     app_ble_pem3.oem3 (.text:ti_sysbios_BIOS_exitFunc__I)
                  00008230    00000014     devinfoservice.obj (.text:DevInfo_AddService)
                  00008244    00000014     peripheral.obj (.text:GAPRole_StartDevice)
                  00008258    00000014     driverlib.lib : aon_rtc.obj (.text:NOROM_AONRTCCurrent64BitValueGet)
                  0000826c    00000014     RFCC26XX_singleMode.obj (.text:RF_Params_init)
                  00008280    00000014     ysu_sensortag.obj (.text:SensorTag_clockHandler$37)
                  00008294    00000014     rtsv7M3_T_le_eabi.lib : _lock.obj (.text)
                  000082a8    00000014                           : strlen.obj (.text)
                  000082bc    00000014     icall_api.obj (.text:setICallCmdEvtHdr$24)
                  000082d0    00000014     app_ble_pem3.oem3 (.text:ti_sysbios_knl_Clock_doTick__I)
                  000082e4    00000012     gattservapp_util.obj (.text:GATTServApp_FindAttr)
                  000082f6    00000012     RFCC26XX_singleMode.obj (.text:RF_getCmdOp)
                  00008308    00000012     app_ble_pem3.oem3 (.text:xdc_runtime_Startup_exec__I)
                  0000831a    00000002     --HOLE-- [fill = 0]
                  0000831c    00000010     icall_api.obj (.text:GAP_EndDiscoverable)
                  0000832c    00000010     gattservapp_util.obj (.text:GATTServApp_ReadCharCfg)
                  0000833c    00000010     drivers_cc13xxware.aem3 : I2C.oem3 (.text:I2C_Params_init)
                  0000834c    00000010     icall_cc2650.obj (.text:ICallPlatform_pwrGetXOSCStartupTime)
                  0000835c    00000010     icall.obj (.text:ICall_primGetTickPeriod$21)
                  0000836c    00000010     icall.obj (.text:ICall_taskEntry$21)
                  0000837c    00000010     driverlib.lib : rfc.obj (.text:NOROM_RFCRfTrimSet)
                  0000838c    00000010                   : setup.obj (.text:NOROM_SetupGetTrimForXoscHfFastStart)
                  0000839c    00000010                   : setup.obj (.text:NOROM_SetupGetTrimForXoscHfIbiastherm)
                  000083ac    00000010     ble_user_config.obj (.text:RegisterAssertCback)
                  000083bc    00000010     util.obj (.text:Util_isActive)
                  000083cc    00000010     drivers_cc13xxware.aem3 : I2CCC26XX.oem3 (.text:i2cPostNotify)
                  000083dc    00000010     rom_sysbios.aem3 : rom_sysbios.obj (.text:ti_sysbios_family_arm_m3_Hwi_post__E)
                  000083ec    00000010                      : rom_sysbios.obj (.text:xdc_runtime_SysCallback_flush__E)
                  000083fc    00000010                      : rom_sysbios.obj (.text:xdc_runtime_SysCallback_putch__E)
                  0000840c    00000010                      : rom_sysbios.obj (.text:xdc_runtime_SysCallback_ready__E)
                  0000841c    00000010                      : rom_sysbios.obj (.text:xdc_runtime_System_vsnprintf__E)
                  0000842c    0000000e     icall_cc2650.obj (.text:ICallPlatform_pwrGetTransitionState)
                  0000843a    0000000e     icall_cc2650.obj (.text:ICallPlatform_pwrIsStableXOSCHF)
                  00008448    0000000e     icall.obj (.text:ICall_primDisableMInt$21)
                  00008456    0000000e     icall.obj (.text:ICall_primEnableMInt$21)
                  00008464    0000000e     icall.obj (.text:ICall_primFreeMsg$21)
                  00008472    0000000e     icall.obj (.text:ICall_primGetTicks$21)
                  00008480    0000000e     driverlib.lib : setup.obj (.text:NOROM_SetupSignExtendVddrTrimValue)
                  0000848e    0000000e                   : vims.obj (.text:NOROM_VIMSModeGet)
                  0000849c    0000000e     util.obj (.text:Util_constructQueue)
                  000084aa    0000000e     rtsv7M3_T_le_eabi.lib : copy_decompress_none.obj (.text:decompress:none)
                  000084b8    0000000e     icall_api.obj (.text:matchGSARegisterServiceCS$24)
                  000084c6    0000000e     icall_api.obj (.text:matchGapLinkEstCS$24)
                  000084d4    0000000e     icall_api.obj (.text:matchLinkDBNumConnsCS$24)
                  000084e2    0000000e     icall_api.obj (.text:setDispatchCmdEvtHdr$24)
                  000084f0    0000000e     rom_sysbios.aem3 : rom_sysbios.obj (.text:ti_sysbios_family_arm_cc26xx_TimestampProvider_get32__E)
                  000084fe    00000002     --HOLE-- [fill = 0]
                  00008500    0000000c     RFCC26XX_singleMode.obj (.text:FsmNextState$13)
[...]
1001c2d1  ti_sysbios_knl_Queue_head__E                                              
1001c2d5  ti_sysbios_knl_Queue_next__E                                              
1001c2d9  ti_sysbios_knl_Semaphore_delete                                           
1001c2dd  ti_sysbios_knl_Semaphore_destruct                                         
1001c2e1  ti_sysbios_knl_Swi_delete                                                 
1001c2e5  ti_sysbios_knl_Swi_destruct                                               
1001c2e9  ti_sysbios_knl_Swi_postInit__I                                            
1001c2ed  ti_sysbios_knl_Task_SupportProxy_Module__startupDone__S                   
1001c2f1  ti_sysbios_knl_Task_SupportProxy_getStackAlignment__E                     
1001c2f5  ti_sysbios_knl_Task_SupportProxy_start__E                                 
1001c2f9  ti_sysbios_knl_Task_SupportProxy_swap__E                                  
1001c2fd  ti_sysbios_knl_Task_delete                                                
1001c301  ti_sysbios_knl_Task_destruct                                              
1001c305  ti_sysbios_knl_Task_startup__E                                            
1001c309  xdc_runtime_Startup_startMods__I                                          
1001c401  xdc_runtime_Core_createObject__I                                          
1001c483  xdc_runtime_Error_policySpin__E                                           
1001c485  xdc_runtime_Memory_alloc__E                                               
1001c4f5  xdc_runtime_Core_deleteObject__I                                          
1001c555  xdc_runtime_Startup_exec__E                                               
1001c5a5  xdc_runtime_Assert_raise__I                                               
1001c5ed  xdc_runtime_Core_assignParams__I                                          
1001c635  xdc_runtime_Core_constructObject__I                                       
1001c67d  xdc_runtime_System_atexit__E                                              
1001c6b5  xdc_runtime_System_processAtExit__E                                       
1001c6e9  xdc_runtime_Core_assignLabel__I                                           
1001c719  xdc_runtime_Text_cordText__E                                              
1001c745  xdc_runtime_System_abort__E                                               
1001c765  xdc_runtime_Error_raiseX__E                                               
1001c781  xdc_runtime_Memory_valloc__E                                              
1001c79d  xdc_runtime_Core_destructObject__I                                        
1001c7b5  xdc_runtime_Error_check__E                                                
1001c7cd  xdc_runtime_System_exit__E                                                
1001c7e5  xdc_runtime_Text_ropeText__E                                              
1001c7fd  xdc_runtime_Memory_free__E                                                
1001c80d  xdc_runtime_SysCallback_abort__E                                          
1001c81d  xdc_runtime_SysCallback_exit__E                                           
1001c82d  xdc_runtime_Timestamp_SupportProxy_get32__E                               
1001c82d  xdc_runtime_Timestamp_get32__E                                            
1001c83d  xdc_runtime_Error_init__E                                                 
1001c849  xdc_runtime_Memory_calloc__E                                              
1001c855  xdc_runtime_Memory_getMaxDefaultTypeAlign__E                              
1001c875  xdc_runtime_Gate_leaveSystem__E                                           
1001c87b  xdc_runtime_System_Module_startup__E                                      
1001c881  xdc_runtime_Gate_enterSystem__E                                           
1001c885  xdc_runtime_Memory_HeapProxy_alloc__E                                     
1001c889  xdc_runtime_Memory_HeapProxy_free__E                                      
1001c88d  xdc_runtime_System_Module_GateProxy_enter__E                              
1001c891  xdc_runtime_System_Module_GateProxy_leave__E                              
1001c895  xdc_runtime_System_abortSpin__E                                           
1001c897  xdc_runtime_System_exitSpin__E                                            
1001c899  ti_sysbios_family_arm_m3_Hwi_dispatch__I                                  
1001c969  ti_sysbios_family_arm_m3_TaskSupport_buildTaskStack                       
1001c9b5  ti_sysbios_family_arm_m3_Hwi_initStacks__E                                
1001c9fd  ti_sysbios_family_arm_m3_Hwi_excHandlerAsm__I                             
1001ca1d  ti_sysbios_family_xxx_Hwi_switchAndRunFunc                                
1001ca3b  ti_sysbios_family_arm_m3_Hwi_pendSV__I                                    
1001ca53  ti_sysbios_family_arm_m3_Hwi_return                                       
1001ca55  ti_sysbios_family_arm_m3_TaskSupport_glue                                 
1001ca65  ti_sysbios_family_arm_m3_TaskSupport_swap__E                              
1001ca6d  ti_sysbios_knl_Task_swapReturn                                            
1001ca97  ti_sysbios_rom_cortexm_cc13xx_CC13xx_getRevision__E                       
20000000  ti_sysbios_family_arm_m3_Hwi_ramVectors                                   
20000100  ti_sysbios_knl_Task_Module__state__V                                      
20000144  ti_sysbios_family_arm_m3_Hwi_Module__state__V                             
20000178  ti_sysbios_knl_Clock_Module__state__V                                     
200001a4  ti_sysbios_BIOS_Module__state__V                                          
200001c8  ti_sysbios_knl_Swi_Module__state__V                                       
200001e4  ti_sysbios_family_arm_cc26xx_Timer_Module__state__V                       
200001ec  ti_sysbios_family_arm_cc26xx_TimestampProvider_Module__state__V           
200001f0  xdc_runtime_Startup_Module__state__V                                      
200001f8  xdc_runtime_System_Module__state__V                                       
20000200  xdc_runtime_Memory_Module__state__V                                       
20000208  gapProfileState                                                           
20000209  selfEntityMain                                                            
2000020c  sem                                                                       
200006d2  adxlRegistered                                                            
20000b32  bmeRegistered                                                             
20000f94  dispHandle                                                                
20001020  sbpTask                                                                   
20001070  sbpTaskStack                                                              
200012f4  linkDBNumConns                                                            
20001408  gapRoleTask                                                               
20001458  gapRoleTaskStack                                                          
20001a20  ICall_dispatcher                                                          
20001a28  ICall_enterCriticalSection                                                
20001a2c  ICall_leaveCriticalSection                                                
20001a44  HEAPMGR_SIZE                                                              
20001b50  PowerCC26XX_module                                                        
20001f2c  ti_sysbios_family_arm_cc26xx_Timer_Module__root__V                        
20001f34  ti_sysbios_family_arm_m3_Hwi_Module__root__V                              
20001f3c  ti_sysbios_family_arm_m3_Hwi_Object__table__V                             
20001f54  ti_sysbios_family_arm_m3_Hwi_Module_State_0_excActive__A                  
20001f58  ti_sysbios_family_arm_m3_Hwi_Module_State_0_excContext__A                 
20001f5c  ti_sysbios_family_arm_m3_Hwi_Module_State_0_excStack__A                   
20001f60  ti_sysbios_gates_GateHwi_Module__root__V                                  
20001f68  ti_sysbios_gates_GateHwi_Object__table__V                                 
20001f6c  ti_sysbios_gates_GateMutex_Module__root__V                                
20001f74  ti_sysbios_hal_Hwi_Module__root__V                                        
20001f7c  ti_sysbios_heaps_HeapMem_Module__root__V                                  
20001f84  ti_sysbios_heaps_HeapMem_Object__table__V                                 
20001f9c  ti_sysbios_knl_Clock_Module__root__V                                      
20001fa4  ti_sysbios_knl_Clock_Object__table__V                                     
20001fc4  ti_sysbios_knl_Event_Module__root__V                                      
20001fcc  ti_sysbios_knl_Mailbox_Module__root__V                                    
20001fd4  ti_sysbios_knl_Queue_Module__root__V                                      
20001fdc  ti_sysbios_knl_Semaphore_Module__root__V                                  
20001fe4  ti_sysbios_knl_Swi_Module__root__V                                        
20001fec  ti_sysbios_knl_Task_Module__root__V                                       
20001ff4  ti_sysbios_knl_Task_Module_State_0_idleTask__A                            
20001ff8  __xdc__init__addr                                                         
20001ffc  rfRegTbl                                                                  
20002050  ti_sysbios_knl_Task_Object__table__V                                      
2000209c  appAssertCback                                                            
200020a0  ti_sysbios_family_arm_cc26xx_Timer_Object__table__V                       
200020e8  ti_sysbios_gates_GateMutex_Object__table__V                               
20002120  radCtrlHandle                                                             
20002124  radCtrlState                                                              
20002130  radCtrlCfg                                                                
2000213c  rFSwitchPowerNotifyObj                                                    
20002150  ti_sysbios_knl_Swi_Module_State_0_readyQ__A                               
20002180  ti_sysbios_knl_Swi_Object__table__V                                       
200021b0  ti_sysbios_knl_Task_Module_State_0_readyQ__A                              
200021e0  user0Cfg                                                                  
20002210  lastAppOpcodeSent                                                         
20002214  pfnBMAlloc                                                                
20002218  pfnBMFree                                                                 
20002224  _lock                                                                     
20002228  _unlock                                                                   
2000222c  __TI_cleanup_ptr                                                          
20002230  __TI_dtors_ptr                                                            
20002234  xdc_runtime_Registry_Module__state__V                                     
20002240  main_func_sp                                                              
20002248  ti_sysbios_heaps_HeapMem_Instance_State_0_buf__A                          
200028c8  ti_sysbios_knl_Task_Instance_State_0_stack__A                             
20002ac8  i2cCC26xxObjects                                                          
20002c88  PIN_NumPins                                                               
20002d1c  PIN_HandleTable                                                           
20002d98  ti_sysbios_family_arm_m3_Hwi_dispatchTable                                
20002e80  i2c_devices                                                               
20002e84  trngCC26XXObjects                                                         
20002e89  driverlib_release_0_46593                                                 
20002e8a  heapStart                                                                 
20003f48  __stack                                                                   
20003f48  heapEnd                                                                   
20004348  __STACK_END                                                               
20004348  __STACK_TOP                                                               
20004f2c  A4_rw                                                                     
20004f2c  COMMON_RAM_BASE_ADDR                                                      
20004f40  P2_rw                                                                     
20004f40  P2_s0                                                                     
20004f40  eccRom_windowSize                                                         
20004f44  eccRom_workzone                                                           
20004f48  eccRom_param_p                                                            
20004f4c  eccRom_param_r                                                            
20004f50  eccRom_param_a                                                            
20004f54  inScalar                                                                  
20004f58  inPointX                                                                  
20004f5c  inPointY                                                                  
20004f60  outPointX                                                                 
20004f64  outPointY                                                                 
20004f68  SCAL                                                                      
20004f6c  EXPX                                                                      
20004f70  EXPY                                                                      
20004f74  EXPZ                                                                      
20004f78  EXPW                                                                      
20004f7c  ACCX                                                                      
20004f80  ACCY                                                                      
20004f84  ACCZ                                                                      
20004f88  TMP1                                                                      
20004f8c  TMP2                                                                      
20004f90  TMP3                                                                      
20004f94  TMP4                                                                      
20004f98  TMP5                                                                      
20004f9c  TMP6                                                                      
20004fa0  eccRom_param_Gx                                                           
20004fa4  eccRom_param_Gy                                                           
20004fa8  eccRom_param_b                                                            
20004fac  P2_zi                                                                     
20004fac  ratChanInfo                                                               
20004fcc  fwInfoCmd                                                                 
20004fd8  MSBMOD                                                                    
20004fdc  aux64                                                                     
20004fe4  MOD                                                                       
20004fe8  LEN                                                                       
20004ffc  pSspAesEncrypt_Sw                                                         
e000e000  ti_sysbios_family_arm_m3_Hwi_nvic                                         
ffffffff  __binit__                                                                 
ffffffff  __c_args__                                                                
ffffffff  binit                                                                     
UNDEFED   HwiP_restore                                                              
UNDEFED   SHT$$INIT_ARRAY$$Base                                                     
UNDEFED   SHT$$INIT_ARRAY$$Limit                                                    
UNDEFED   ti_sysbios_BIOS_RtsGateProxy_Handle__label__S__mangled__                  
UNDEFED   ti_sysbios_BIOS_RtsGateProxy_Object__delete__S__mangled__                 
UNDEFED   ti_sysbios_BIOS_RtsGateProxy_Params__init__S__mangled__                   
UNDEFED   ti_sysbios_BIOS_RtsGateProxy_query__E__mangled__                          
UNDEFED   ti_sysbios_hal_Hwi_HwiProxy_Module__startupDone__S__mangled__             
UNDEFED   ti_sysbios_hal_Hwi_HwiProxy_Object__delete__S__mangled__                  
UNDEFED   ti_sysbios_hal_Hwi_HwiProxy_Params__init__S__mangled__                    
UNDEFED   ti_sysbios_hal_Hwi_HwiProxy_disableInterrupt__E__mangled__                
UNDEFED   ti_sysbios_hal_Hwi_HwiProxy_enableInterrupt__E__mangled__                 
UNDEFED   ti_sysbios_hal_Hwi_HwiProxy_getStackInfo__E__mangled__                    
UNDEFED   ti_sysbios_hal_Hwi_HwiProxy_startup__E__mangled__                         
UNDEFED   ti_sysbios_hal_Hwi_HwiProxy_switchFromBootStack__E__mangled__             
UNDEFED   ti_sysbios_hal_Hwi_disableInterrupt__E                                    
UNDEFED   ti_sysbios_hal_Hwi_enableInterrupt__E                                     
UNDEFED   ti_sysbios_hal_Hwi_getStackInfo__E                                        
UNDEFED   ti_sysbios_hal_Hwi_startup__E                                             
UNDEFED   ti_sysbios_hal_Hwi_switchFromBootStack__E                                 
UNDEFED   ti_sysbios_heaps_HeapMem_Module_GateProxy_Handle__label__S__mangled__     
UNDEFED   ti_sysbios_heaps_HeapMem_Module_GateProxy_Object__delete__S__mangled__    
UNDEFED   ti_sysbios_heaps_HeapMem_Module_GateProxy_Params__init__S__mangled__      
UNDEFED   ti_sysbios_heaps_HeapMem_Module_GateProxy_query__E__mangled__             
UNDEFED   ti_sysbios_knl_Clock_TimerProxy_Module__startupDone__S__mangled__         
UNDEFED   ti_sysbios_knl_Clock_TimerProxy_startup__E__mangled__                     
UNDEFED   ti_sysbios_knl_Task_SupportProxy_Module__startupDone__S__mangled__        
UNDEFED   ti_sysbios_knl_Task_SupportProxy_getStackAlignment__E__mangled__          
UNDEFED   ti_sysbios_knl_Task_SupportProxy_start__E__mangled__                      
UNDEFED   ti_sysbios_knl_Task_SupportProxy_swap__E__mangled__                       
UNDEFED   xdc_runtime_Main_Module_GateProxy_Handle__label__S                        
UNDEFED   xdc_runtime_Main_Module_GateProxy_Object__delete__S                       
UNDEFED   xdc_runtime_Main_Module_GateProxy_query__E                                
UNDEFED   xdc_runtime_Memory_HeapProxy_Handle__label__S__mangled__                  
UNDEFED   xdc_runtime_Memory_HeapProxy_Object__delete__S__mangled__                 
UNDEFED   xdc_runtime_System_Module_GateProxy_Handle__label__S__mangled__           
UNDEFED   xdc_runtime_System_Module_GateProxy_Object__delete__S__mangled__          
UNDEFED   xdc_runtime_System_Module_GateProxy_query__E__mangled__                   
UNDEFED   xdc_runtime_System_SupportProxy_abort__E                                  
UNDEFED   xdc_runtime_System_SupportProxy_exit__E                                   
UNDEFED   xdc_runtime_Timestamp_SupportProxy_get64__E__mangled__                    
UNDEFED   xdc_runtime_Timestamp_SupportProxy_getFreq__E__mangled__                  
UNDEFED   xdc_runtime_Timestamp_get32__E                                            
UNDEFED   xdc_runtime_Timestamp_get64__E                                            
UNDEFED   xdc_runtime_Timestamp_getFreq__E                                          

[1123 symbols]
