******************************************************************************
                  TI ARM Linker PC v5.2.6                      
******************************************************************************
>> Linked Thu Mar 31 19:14:24 2022

OUTPUT FILE NAME:   <sensortag_cc1350lp_stack.out>
ENTRY POINT SYMBOL: "startup_entry"  address: 0000f001


MEMORY CONFIGURATION

         name            origin    length      used     unused   attr    fill
----------------------  --------  ---------  --------  --------  ----  --------
  FLASH                 00000000   0001f000  0000f008  0000fff8  R  X
  SRAM                  20000000   000048e7  000004bc  0000442b  RW X


SEGMENT ALLOCATION MAP

run origin  load origin   length   init length attrs members
----------  ----------- ---------- ----------- ----- -------
0000f000    0000f000    0000e008   0000e008    r-x
  0000f000    0000f000    0000004c   0000004c    r-x EntrySection
  0000f04c    0000f04c    0000d4ac   0000d4ac    r-x .text
  0001c4f8    0001c4f8    000006f8   000006f8    r-- .const
  0001cbf0    0001cbf0    0000006e   0000006e    r-- .rodata
  0001cc60    0001cc60    000003a8   000003a8    r-- .cinit
0001e000    0001e000    00001000   00001000    r--
  0001e000    0001e000    00001000   00001000    r-- .TI.bound:NV_FLASH
20004420    20004420    000004c0   00000000    rw-
  20004420    20004420    00000144   00000000    rw- .bss
  20004568    20004568    00000378   00000000    rw- .data


SECTION ALLOCATION MAP

 output                                  attributes/
section   page    origin      length       input sections
--------  ----  ----------  ----------   ----------------
EntrySection 
*          0    0000f000    0000004c     
                  0000f000    0000002c     icall_startup.obj (EntrySection)
                  0000f02c    00000008     rtsv7M3_T_le_eabi.lib : autoinit.obj (.tramp.__TI_auto_init.1)
                  0000f034    00000008     <whole-program> (.tramp.CommonROM_Init.1)
                  0000f03c    00000008     <whole-program> (.tramp.ROM_Init.1)
                  0000f044    00000008     <whole-program> (.tramp.stack_main.1)

.text      0    0000f04c    0000d4ac     
                  0000f04c    000001ec     host_pxxx.a : att_server.o (.text)
                  0000f238    000005cc                 : att_util.o (.text)
                  0000f804    00000348                 : gap_configmgr.o (.text)
                  0000fb4c    000000b0                 : gap_devmgr.o (.text)
                  0000fbfc    000009b8                 : gap_linkmgr.o (.text)
                  000105b4    00000624                 : gap_peridevmgr.o (.text)
                  00010bd8    00000110                 : gap_perilinkmgr.o (.text)
                  00010ce8    000002ec                 : gap_task.o (.text)
                  00010fd4    0000032c                 : gapgattserver.o (.text)
                  00011300    00000b16                 : gatt_server.o (.text)
                  00011e16    00000002     --HOLE-- [fill = 0]
                  00011e18    000002f6                 : gatt_task.o (.text)
                  0001210e    00000002     --HOLE-- [fill = 0]
                  00012110    0000013e                 : gatt_uuid.o (.text)
                  0001224e    00000002     --HOLE-- [fill = 0]
                  00012250    00000fcc                 : gattservapp.o (.text)
                  0001321c    0000017e                 : l2cap_if.o (.text)
                  0001339a    00000002     --HOLE-- [fill = 0]
                  0001339c    000002b0                 : l2cap_task.o (.text)
                  0001364c    0000068c                 : l2cap_util.o (.text)
                  00013cd8    000002ec                 : linkdb.o (.text)
                  00013fc4    000006a0                 : sm_mgr.o (.text)
                  00014664    000007e4                 : sm_pairing.o (.text)
                  00014e48    00000570                 : sm_rsppairing.o (.text)
                  000153b8    000000e8                 : sm_task.o (.text)
                  000154a0    0000039c                 : smp.o (.text)
                  0001583c    000004f4     cc1350_ctrl_pxxx.a : ble_patch.o (.text)
                  00015d30    000000a8                        : hci_data_patch.o (.text)
                  00015dd8    0000052c                        : hci_event_patch.o (.text)
                  00016304    00000308                        : hci_patch.o (.text)
                  0001660c    00000428                        : ll_adv_end_causes_patch.o (.text)
                  00016a34    00000c08                        : ll_common_patch.o (.text)
                  0001763c    0000014c                        : ll_enc_patch.o (.text)
                  00017788    000016f0                        : ll_patch.o (.text)
                  00018e78    00000010                        : ll_rat_patch.o (.text)
                  00018e88    000001a8                        : ll_scheduler_patch.o (.text)
                  00019030    000006fe                        : ll_slave_end_causes_patch.o (.text)
                  0001972e    00000002     --HOLE-- [fill = 0]
                  00019730    00000046                        : ll_sleep.o (.text)
                  00019776    000000ae                        : ll_wl_patch.o (.text)
                  00019824    000003c8                        : ll_isr.o (.text)
                  00019bec    000000a8     cc26xx_hci_tl_none.a : hci_tl.o (.text)
                  00019c94    0000006c     rtsv7M3_T_le_eabi.lib : autoinit.obj (.text)
                  00019d00    00000018                           : ll_mul_t2.obj (.text)
                  00019d18    0000009c                           : memcpy_t2.obj (.text)
                  00019db4    0000007a                           : memset_t2.obj (.text)
                  00019e2e    000001f4                           : ull_div_t2.obj (.text)
                  0001a022    0000000c     driverlib.lib : cpu.obj (.text:NOROM_CPUcpsie)
                  0001a02e    0000000c                   : cpu.obj (.text:NOROM_CPUcpsid)
                  0001a03a    00000002     --HOLE-- [fill = 0]
                  0001a03c    0000001c                   : flash.obj (.text:NOROM_FlashSectorErase)
                  0001a058    0000001c                   : flash.obj (.text:NOROM_FlashProgram)
                  0001a074    00000070                   : interrupt.obj (.text:NOROM_IntEnable)
                  0001a0e4    0000005c                   : interrupt.obj (.text:NOROM_IntDisable)
                  0001a140    00000034                   : trng.obj (.text:NOROM_TRNGConfigure)
                  0001a174    0000000e                   : vims.obj (.text:NOROM_VIMSModeGet)
                  0001a182    00000002     --HOLE-- [fill = 0]
                  0001a184    000002c8     osal_timers.obj (.text)
                  0001a44c    00000094     rom_jt.obj (.text)
                  0001a4e0    00000068     hal_trng_wrapper.obj (.text)
                  0001a548    00000034     hal_assert.obj (.text)
                  0001a57c    00000014     onboard.obj (.text)
                  0001a590    000000c8     osal_bufmgr.obj (.text)
                  0001a658    00000750     osal.obj (.text)
                  0001ada8    0000019c     osal_cbtimer.obj (.text)
                  0001af44    000008ec     ble_dispatch.obj (.text)
                  0001b830    00000058     hal_flash_wrapper.obj (.text)
                  0001b888    00000478     osal_snv_wrapper.obj (.text)
                  0001bd00    00000022     rtsv7M3_T_le_eabi.lib : memcmp.obj (.text)
                  0001bd22    00000040     gap.obj (.text)
                  0001bd62    00000002     --HOLE-- [fill = 0]
                  0001bd64    000000a0     osal_pwrmgr.obj (.text)
                  0001be04    0000004c     osal_memory_icall.obj (.text)
                  0001be50    00000068     osal_clock.obj (.text)
                  0001beb8    0000003c     ble_user_config.obj (.text)
                  0001bef4    0000011c     osal_icall_ble.obj (.text)
                  0001c010    00000014     rtsv7M3_T_le_eabi.lib : strlen.obj (.text)
                  0001c024    0000004c                           : cpy_tbl.obj (.text)
                  0001c070    0000000c                           : copy_zero_init.obj (.text:decompress:ZI)
                  0001c07c    0000006a                           : copy_decompress_rle.obj (.text)
                  0001c0e6    00000006                           : copy_decompress_rle.obj (.text:decompress:rle24)
                  0001c0ec    0000000e                           : copy_decompress_none.obj (.text:decompress:none)
                  0001c0fa    00000002     --HOLE-- [fill = 0]
                  0001c0fc    00000064     gattservapp_util.obj (.text)
                  0001c160    00000008     ble_rom_patch.symbols (.tramp.HCI_ReadBDADDRCmd.1)
                  0001c168    00000008     ble_rom_patch.symbols (.tramp.HCI_LE_SetRandomAddressCmd.1)
                  0001c170    00000008     ble_rom_patch.symbols (.tramp.LL_ReadBDADDR.1)
                  0001c178    00000008     ble_rom_patch.symbols (.tramp.HCI_DisconnectCmd.1)
                  0001c180    00000008     ble_rom_patch.symbols (.tramp.HCI_LE_SetAdvDataCmd.1)
                  0001c188    00000008     ble_rom_patch.symbols (.tramp.HCI_LE_SetScanRspDataCmd.1)
                  0001c190    00000008     ble_rom_patch.symbols (.tramp.HCI_LE_SetAdvEnableCmd.1)
                  0001c198    00000008     ble_rom_patch.symbols (.tramp.HCI_LE_SetAdvParamCmd.1)
                  0001c1a0    00000008     ble_rom_patch.symbols (.tramp.HCI_SetControllerToHostFlowCtrlCmd.1)
                  0001c1a8    00000008     ble_rom_patch.symbols (.tramp.HCI_HostBufferSizeCmd.1)
                  0001c1b0    00000008     ble_rom_patch.symbols (.tramp.HCI_HostNumCompletedPktCmd.1)
                  0001c1b8    00000008     ble_rom_patch.symbols (.tramp.HCI_SendDataPkt.1)
                  0001c1c0    00000008     ble_rom_patch.symbols (.tramp.HCI_bm_alloc.1)
                  0001c1c8    00000008     ble_rom_patch.symbols (.tramp.LL_Encrypt.1)
                  0001c1d0    00000008     ble_rom_patch.symbols (.tramp.HCI_LE_LtkReqReplyCmd.1)
                  0001c1d8    00000008     ble_rom_patch.symbols (.tramp.HCI_LE_LtkReqNegReplyCmd.1)
                  0001c1e0    00000008     ble_rom_patch.symbols (.tramp.llMemCopySrc.1)
                  0001c1e8    00000008     ble_rom_patch.symbols (.tramp.LL_ENC_ReverseBytes.1)
                  0001c1f0    00000008     ble_rom_patch.symbols (.tramp.LL_ENC_GenDeviceSKD.1)
                  0001c1f8    00000008     ble_rom_patch.symbols (.tramp.LL_ENC_GenDeviceIV.1)
                  0001c200    00000008     ble_rom_patch.symbols (.tramp.llEnqueueCtrlPkt.1)
                  0001c208    00000008     ble_rom_patch.symbols (.tramp.llSetupUnknownRsp.1)
                  0001c210    00000008     ble_rom_patch.symbols (.tramp.LL_RX_bm_alloc.1)
                  0001c218    00000008     ble_rom_patch.symbols (.tramp.llPatchCM0.1)
                  0001c220    00000008     ble_rom_patch.symbols (.tramp.RFHAL_AllocRatChan.1)
                  0001c228    00000008     ble_rom_patch.symbols (.tramp.RFHAL_RegisterRatChanCallback.1)
                  0001c230    00000008     ble_rom_patch.symbols (.tramp.LL_CtrlToHostFlowControl.1)
                  0001c238    00000008     ble_rom_patch.symbols (.tramp.HCI_SendCommandCompleteEvent.1)
                  0001c240    00000008     ble_rom_patch.symbols (.tramp.HCI_CommandCompleteEvent.1)
                  0001c248    00000008     ble_rom_patch.symbols (.tramp.HCI_CommandStatusEvent.1)
                  0001c250    00000008     ble_rom_patch.symbols (.tramp.LL_EXT_ResetSystem.1)
                  0001c258    00000008     ble_rom_patch.symbols (.tramp.LL_ReadLocalVersionInfo.1)
                  0001c260    00000008     ble_rom_patch.symbols (.tramp.llFreeTask.1)
                  0001c268    00000008     ble_rom_patch.symbols (.tramp.LL_ENC_GeneratePseudoRandNum.1)
                  0001c270    00000008     ble_rom_patch.symbols (.tramp.llScheduler.1)
                  0001c278    00000008     ble_rom_patch.symbols (.tramp.llConvertLstoToEvent.1)
                  0001c280    00000008     ble_rom_patch.symbols (.tramp.llConvertCtrlProcTimeoutToEvent.1)
                  0001c288    00000008     ble_rom_patch.symbols (.tramp.llCalcScaFactor.1)
                  0001c290    00000008     ble_rom_patch.symbols (.tramp.llConnTerminate.1)
                  0001c298    00000008     ble_rom_patch.symbols (.tramp.RFHAL_InitDataQueue.1)
                  0001c2a0    00000008     ble_rom_patch.symbols (.tramp.llEventDelta.1)
                  0001c2a8    00000008     ble_rom_patch.symbols (.tramp.LL_TX_bm_alloc.1)
                  0001c2b0    00000008     ble_rom_patch.symbols (.tramp.RFHAL_FreeNextTxDataEntry.1)
                  0001c2b8    00000008     ble_rom_patch.symbols (.tramp.RFHAL_GetNextDataEntry.1)
                  0001c2c0    00000008     ble_rom_patch.symbols (.tramp.RFHAL_GetTempDataEntry.1)
                  0001c2c8    00000008     ble_rom_patch.symbols (.tramp.llReleaseConnId.1)
                  0001c2d0    00000008     ble_rom_patch.symbols (.tramp.llTimeCompare.1)
                  0001c2d8    00000008     ble_rom_patch.symbols (.tramp.HCI_HardwareErrorEvent.1)
                  0001c2e0    00000008     ble_rom_patch.symbols (.tramp.llGetCurrentTask.1)
                  0001c2e8    00000008     ble_rom_patch.symbols (.tramp.llTimeDelta.1)
                  0001c2f0    00000008     ble_rom_patch.symbols (.tramp.llSetupRejectInd.1)
                  0001c2f8    00000008     ble_rom_patch.symbols (.tramp.LL_ENC_Init.1)
                  0001c300    00000008     ble_rom_patch.symbols (.tramp.LL_ENC_LoadKey.1)
                  0001c308    00000008     ble_rom_patch.symbols (.tramp.LL_ENC_GenerateNonce.1)
                  0001c310    00000008     ble_rom_patch.symbols (.tramp.LL_ENC_EncryptMsg.1)
                  0001c318    00000008     ble_rom_patch.symbols (.tramp.LL_ENC_DecryptMsg.1)
                  0001c320    00000008     ble_rom_patch.symbols (.tramp.LL_ENC_GenerateTrueRandNum.1)
                  0001c328    00000008     ble_rom_patch.symbols (.tramp.WL_Init.1)
                  0001c330    00000008     ble_rom_patch.symbols (.tramp.LL_ClearWhiteList.1)
                  0001c338    00000008     ble_rom_patch.symbols (.tramp.llReleaseAllConnId.1)
                  0001c340    00000008     ble_rom_patch.symbols (.tramp.LL_ConnActive.1)
                  0001c348    00000008     ble_rom_patch.symbols (.tramp.HCI_DataBufferOverflowEvent.1)
                  0001c350    00000008     ble_rom_patch.symbols (.tramp.LL_DirectTestEndDoneCback.1)
                  0001c358    00000008     ble_rom_patch.symbols (.tramp.llGetActiveTasks.1)
                  0001c360    00000008     ble_rom_patch.symbols (.tramp.llSetupAdv.1)
                  0001c368    00000008     ble_rom_patch.symbols (.tramp.llGetNumTasks.1)
                  0001c370    00000008     ble_rom_patch.symbols (.tramp.llCheckForLstoDuringSL.1)
                  0001c378    00000008     ble_rom_patch.symbols (.tramp.llEventInRange.1)
                  0001c380    00000008     ble_rom_patch.symbols (.tramp.LL_EncLtkReqCback.1)
                  0001c388    00000008     ble_rom_patch.symbols (.tramp.llSetupEncRsp.1)
                  0001c390    00000008     ble_rom_patch.symbols (.tramp.LL_ENC_AES128_Encrypt.1)
                  0001c398    00000008     ble_rom_patch.symbols (.tramp.LL_EncKeyRefreshCback.1)
                  0001c3a0    00000008     ble_rom_patch.symbols (.tramp.LL_EncChangeCback.1)
                  0001c3a8    00000008     ble_rom_patch.symbols (.tramp.llSetupStartEncRsp.1)
                  0001c3b0    00000008     ble_rom_patch.symbols (.tramp.llSetupPauseEncRsp.1)
                  0001c3b8    00000008     ble_rom_patch.symbols (.tramp.LL_ReadRemoteVersionInfoCback.1)
                  0001c3c0    00000008     ble_rom_patch.symbols (.tramp.llSetupVersionIndReq.1)
                  0001c3c8    00000008     ble_rom_patch.symbols (.tramp.llMoveTempTxDataEntries.1)
                  0001c3d0    00000008     ble_rom_patch.symbols (.tramp.WL_ClearEntry.1)
                  0001c3d8    00000008     ble_rom_patch.symbols (.tramp.RFHAL_NextDataEntryDone.1)
                  0001c3e0    00000008     ble_rom_patch.symbols (.tramp.LL_PseudoRand.1)
                  0001c3e8    00000008     ble_rom_patch.symbols (.tramp.HCI_EXT_NumComplPktsLimitCmd.1)
                  0001c3f0    00000008     ble_rom_patch.symbols (.tramp.HCI_EXT_BuildRevisionCmd.1)
                  0001c3f8    00000008     ble_rom_patch.symbols (.tramp.HCI_EXT_SetSlaveLatencyOverrideCmd.1)
                  0001c400    00000008     ble_rom_patch.symbols (.tramp.HCI_EXT_AdvEventNoticeCmd.1)
                  0001c408    00000008     ble_rom_patch.symbols (.tramp.HCI_EXT_PERbyChanCmd.1)
                  0001c410    00000008     ble_rom_patch.symbols (.tramp.HCI_EXT_PacketErrorRateCmd.1)
                  0001c418    00000008     ble_rom_patch.symbols (.tramp.HCI_EXT_DisconnectImmedCmd.1)
                  0001c420    00000008     ble_rom_patch.symbols (.tramp.HCI_EXT_SetMaxDtmTxPowerCmd.1)
                  0001c428    00000008     ble_rom_patch.symbols (.tramp.HCI_EXT_EnablePTMCmd.1)
                  0001c430    00000008     ble_rom_patch.symbols (.tramp.HCI_EXT_SetSCACmd.1)
                  0001c438    00000008     ble_rom_patch.symbols (.tramp.HCI_EXT_SetBDADDRCmd.1)
                  0001c440    00000008     ble_rom_patch.symbols (.tramp.HCI_EXT_EndModemTestCmd.1)
                  0001c448    00000008     ble_rom_patch.symbols (.tramp.HCI_EXT_ModemTestRxCmd.1)
                  0001c450    00000008     ble_rom_patch.symbols (.tramp.HCI_EXT_ModemHopTestTxCmd.1)
                  0001c458    00000008     ble_rom_patch.symbols (.tramp.HCI_EXT_ModemTestTxCmd.1)
                  0001c460    00000008     ble_rom_patch.symbols (.tramp.HCI_EXT_SetFastTxResponseTimeCmd.1)
                  0001c468    00000008     ble_rom_patch.symbols (.tramp.HCI_EXT_SetLocalSupportedFeaturesCmd.1)
                  0001c470    00000008     ble_rom_patch.symbols (.tramp.HCI_EXT_DecryptCmd.1)
                  0001c478    00000008     ble_rom_patch.symbols (.tramp.HCI_EXT_OnePktPerEvtCmd.1)
                  0001c480    00000008     ble_rom_patch.symbols (.tramp.HCI_EXT_SetTxPowerCmd.1)
                  0001c488    00000008     ble_rom_patch.symbols (.tramp.HCI_LE_TestEndCmd.1)
                  0001c490    00000008     ble_rom_patch.symbols (.tramp.HCI_LE_ReadSupportedStatesCmd.1)
                  0001c498    00000008     ble_rom_patch.symbols (.tramp.HCI_LE_EncryptCmd.1)
                  0001c4a0    00000008     ble_rom_patch.symbols (.tramp.HCI_LE_ReadChannelMapCmd.1)
                  0001c4a8    00000008     ble_rom_patch.symbols (.tramp.HCI_LE_RemoveWhiteListCmd.1)
                  0001c4b0    00000008     ble_rom_patch.symbols (.tramp.HCI_LE_AddWhiteListCmd.1)
                  0001c4b8    00000008     ble_rom_patch.symbols (.tramp.HCI_LE_ClearWhiteListCmd.1)
                  0001c4c0    00000008     ble_rom_patch.symbols (.tramp.HCI_LE_ReadWhiteListSizeCmd.1)
                  0001c4c8    00000008     ble_rom_patch.symbols (.tramp.HCI_LE_ReadAdvChanTxPowerCmd.1)
                  0001c4d0    00000008     ble_rom_patch.symbols (.tramp.HCI_LE_ReadLocalSupportedFeaturesCmd.1)
                  0001c4d8    00000008     ble_rom_patch.symbols (.tramp.HCI_ReadLocalSupportedFeaturesCmd.1)
                  0001c4e0    00000008     ble_rom_patch.symbols (.tramp.HCI_ReadTransmitPowerLevelCmd.1)
                  0001c4e8    00000008     ble_rom_patch.symbols (.tramp.HCI_SetEventMaskCmd.1)
                  0001c4f0    00000008     ble_rom_patch.symbols (.tramp.HCI_ReadRemoteVersionInfoCmd.1)

.const     0    0001c4f8    000006f8     
                  0001c4f8    00000028     osal_icall_ble.obj (.const:tasksArr)
                  0001c520    000006d0     rom_jt.obj (.const)

.constdata 
*          0    0001cbf0    00000000     UNINITIALIZED

.rodata    0    0001cbf0    0000006e     
                  0001cbf0    00000008     host_pxxx.a : gapgattserver.o (.rodata)
                  0001cbf8    00000008                 : gattservapp.o (.rodata)
                  0001cc00    0000005c     cc1350_ctrl_pxxx.a : ll_config.o (.rodata)
                  0001cc5c    00000002                        : ll_patch.o (.rodata)

.cinit     0    0001cc60    000003a8     
                  0001cc60    0000000c     (__TI_handler_table)
                  0001cc6c    00000010     (__TI_cinit_table)
                  0001cc7c    00000004     --HOLE-- [fill = 0]
                  0001cc80    00000380     (.cinit..data.load) [load image]
                  0001d000    00000008     (.cinit..bss.load) [load image, compression = zero_init]

.pinit     0    0001d008    00000000     UNINITIALIZED

.init_array 
*          0    0001d008    00000000     UNINITIALIZED

.emb_text 
*          0    0001d008    00000000     UNINITIALIZED

.TI.bound:NV_FLASH 
*          0    0001e000    00001000     
                  0001e000    00001000     osal_snv_wrapper.obj (.TI.bound:NV_FLASH)

.bss       0    20004420    00000144     UNINITIALIZED
                  20004420    00000004     host_pxxx.a : att_server.o (.bss)
                  20004424    00000004                 : gap_devmgr.o (.bss)
                  20004428    00000004                 : gap_devmgr.o (.bss)
                  2000442c    00000001                 : gap_devmgr.o (.bss)
                  2000442d    00000002                 : gatt_task.o (.bss)
                  2000442f    00000001                 : l2cap_if.o (.bss)
                  20004430    00000004                 : gap_linkmgr.o (.bss)
                  20004434    00000004                 : gap_task.o (.bss)
                  20004438    00000004                 : gapgattserver.o (.bss)
                  2000443c    00000004                 : gatt_server.o (.bss)
                  20004440    00000008                 : gatt_task.o (.bss)
                  20004448    00000024                 : gattservapp.o (.bss)
                  2000446c    00000004                 : gattservapp.o (.bss)
                  20004470    00000030                 : l2cap_task.o (.bss)
                  200044a0    00000001                 : l2cap_util.o (.bss)
                  200044a1    00000001                 : sm_task.o (.bss)
                  200044a2    00000002     cc1350_ctrl_pxxx.a : ll_slave_end_causes_patch.o (.bss)
                  200044a4    00000038     host_pxxx.a : linkdb.o (.bss)
                  200044dc    0000000c                 : sm_pairing.o (.bss)
                  200044e8    00000010     cc1350_ctrl_pxxx.a : hci_event_patch.o (.bss)
                  200044f8    00000008                        : ll_patch.o (.bss)
                  20004500    00000001     cc26xx_hci_tl_none.a : hci_tl.o (.bss)
                  20004501    00000001                          : hci_tl.o (.bss)
                  20004502    00000001                          : hci_tl.o (.bss)
                  20004503    00000001                          : hci_tl.o (.bss)
                  20004504    00000001                          : hci_tl.o (.bss)
                  20004505    00000001                          : hci_tl.o (.bss)
                  20004506    00000002     --HOLE--
                  20004508    0000003c     ble_dispatch.obj (.bss)
                  20004544    0000000c     osal_timers.obj (.bss)
                  20004550    0000000c     icall_startup.obj (.bss)
                  2000455c    00000004     (.common:lastTrngVal$3)
                  20004560    00000004     (.common:tasksEvents)

.TI.noinit 
*          0    20004420    00000000     UNINITIALIZED

.data      0    20004568    00000378     UNINITIALIZED
                  20004568    0000002c     host_pxxx.a : gap_configmgr.o (.data)
                  20004594    00000050                 : gap_configmgr.o (.data)
                  200045e4    0000001c                 : gap_linkmgr.o (.data)
                  20004600    0000001c                 : gap_peridevmgr.o (.data)
                  2000461c    00000004                 : gap_perilinkmgr.o (.data)
                  20004620    0000000c                 : gap_task.o (.data)
                  2000462c    00000001                 : gapgattserver.o (.data)
                  2000462d    00000001                 : gapgattserver.o (.data)
                  2000462e    00000001                 : gapgattserver.o (.data)
                  2000462f    00000001                 : gatt_server.o (.data)
                  20004630    00000024                 : gapgattserver.o (.data)
                  20004654    00000070                 : gapgattserver.o (.data)
                  200046c4    00000008                 : gatt_server.o (.data)
                  200046cc    00000001                 : gatt_task.o (.data)
                  200046cd    00000001                 : gattservapp.o (.data)
                  200046ce    00000002                 : l2cap_task.o (.data)
                  200046d0    00000010                 : gattservapp.o (.data)
                  200046e0    00000008                 : l2cap_task.o (.data)
                  200046e8    00000010                 : sm_rsppairing.o (.data)
                  200046f8    0000000c     cc1350_ctrl_pxxx.a : ll_common_patch.o (.data)
                  20004704    00000020                        : ll_config.o (.data)
                  20004724    00000004     osal_bufmgr.obj (.data)
                  20004728    000000f8     cc1350_ctrl_pxxx.a : ll_patch.o (.data)
                  20004820    00000008     hal_assert.obj (.data)
                  20004828    0000002c     osal.obj (.data)
                  20004854    0000007c     osal_cbtimer.obj (.data)
                  200048d0    00000008     osal_clock.obj (.data)
                  200048d8    00000004     osal_pwrmgr.obj (.data)
                  200048dc    00000004     osal_snv_wrapper.obj (.data)

.TI.persistent 
*          0    20004568    00000000     UNINITIALIZED


LINKER GENERATED COPY TABLES

__TI_cinit_table @ 0001cc6c records: 2, size/record: 8, table size: 16
	.data: load addr=0001cc80, load size=00000380 bytes, run addr=20004568, run size=00000378 bytes, compression=copy
	.bss: load addr=0001d000, load size=00000008 bytes, run addr=20004420, run size=00000144 bytes, compression=zero_init


LINKER GENERATED HANDLER TABLE

__TI_handler_table @ 0001cc60 records: 3, size/record: 4, table size: 12
	index: 0, handler: __TI_decompress_rle24
	index: 1, handler: __TI_decompress_none
	index: 2, handler: __TI_zero_init


FAR CALL TRAMPOLINES

callee name               trampoline name
   callee addr  tramp addr   call addr  call info
--------------  -----------  ---------  ----------------
__TI_auto_init            $Tramp$TT$S$$__TI_auto_init
   00019c95     0000f02c     0000f006   icall_startup.obj (EntrySection)
CommonROM_Init            $Tramp$TT$S$$CommonROM_Init
   0001a483     0000f034     0000f018   icall_startup.obj (EntrySection)
ROM_Init                  $Tramp$TT$S$$ROM_Init
   0001a4a3     0000f03c     0000f01c   icall_startup.obj (EntrySection)
stack_main                $Tramp$TT$S$$stack_main
   0001bfc1     0000f044     0000f022   icall_startup.obj (EntrySection)
HCI_ReadBDADDRCmd         $Tramp$TT$L$PI$$HCI_ReadBDADDRCmd
   10009765     0001c160     0000f846   host_pxxx.a : gap_configmgr.o (.text)
                             0001b72c   ble_dispatch.obj (.text)
HCI_LE_SetRandomAddressCmd  $Tramp$TT$L$PI$$HCI_LE_SetRandomAddressCmd
   10009849     0001c168     0000fa16   host_pxxx.a : gap_configmgr.o (.text)
LL_ReadBDADDR             $Tramp$TT$L$PI$$LL_ReadBDADDR
   100056c9     0001c170     0000fae4   host_pxxx.a : gap_configmgr.o (.text)
HCI_DisconnectCmd         $Tramp$TT$L$PI$$HCI_DisconnectCmd
   10009525     0001c178     0000fc66   host_pxxx.a : gap_linkmgr.o (.text)
                             00010212               : gap_linkmgr.o (.text)
HCI_LE_SetAdvDataCmd      $Tramp$TT$L$PI$$HCI_LE_SetAdvDataCmd
   100098a1     0001c180     0001069c   host_pxxx.a : gap_peridevmgr.o (.text)
                             00010b34               : gap_peridevmgr.o (.text)
HCI_LE_SetScanRspDataCmd  $Tramp$TT$L$PI$$HCI_LE_SetScanRspDataCmd
   100098bd     0001c188     000106a6   host_pxxx.a : gap_peridevmgr.o (.text)
                             00010b3e               : gap_peridevmgr.o (.text)
HCI_LE_SetAdvEnableCmd    $Tramp$TT$L$PI$$HCI_LE_SetAdvEnableCmd
   100098d9     0001c190     000106f6   host_pxxx.a : gap_peridevmgr.o (.text)
                             000108c4               : gap_peridevmgr.o (.text)
HCI_LE_SetAdvParamCmd     $Tramp$TT$L$PI$$HCI_LE_SetAdvParamCmd
   1000986d     0001c198     00010a0c   host_pxxx.a : gap_peridevmgr.o (.text)
HCI_SetControllerToHostFlowCtrlCmd  $Tramp$TT$L$PI$$HCI_SetControllerToHostFlowCtrlCmd
   100095f5     0001c1a0     0001332c   host_pxxx.a : l2cap_if.o (.text)
                             0001334c               : l2cap_if.o (.text)
HCI_HostBufferSizeCmd     $Tramp$TT$L$PI$$HCI_HostBufferSizeCmd
   10009631     0001c1a8     00013342   host_pxxx.a : l2cap_if.o (.text)
HCI_HostNumCompletedPktCmd  $Tramp$TT$L$PI$$HCI_HostNumCompletedPktCmd
   1000965d     0001c1b0     00013360   host_pxxx.a : l2cap_if.o (.text)
HCI_SendDataPkt           $Tramp$TT$L$PI$$HCI_SendDataPkt
   100094e9     0001c1b8     0001383c   host_pxxx.a : l2cap_util.o (.text)
HCI_bm_alloc              $Tramp$TT$L$PI$$HCI_bm_alloc
   100094a1     0001c1c0     00013cbe   host_pxxx.a : l2cap_util.o (.text)
                             00016f4c   cc1350_ctrl_pxxx.a : ll_common_patch.o (.text)
LL_Encrypt                $Tramp$TT$L$PI$$LL_Encrypt
   100057d5     0001c1c8     000142e8   host_pxxx.a : sm_mgr.o (.text)
HCI_LE_LtkReqReplyCmd     $Tramp$TT$L$PI$$HCI_LE_LtkReqReplyCmd
   10009bc5     0001c1d0     00014f00   host_pxxx.a : sm_rsppairing.o (.text)
HCI_LE_LtkReqNegReplyCmd  $Tramp$TT$L$PI$$HCI_LE_LtkReqNegReplyCmd
   10009be1     0001c1d8     00014f1a   host_pxxx.a : sm_rsppairing.o (.text)
llMemCopySrc              $Tramp$TT$L$PI$$llMemCopySrc
   100089d9     0001c1e0     000158a4   cc1350_ctrl_pxxx.a : ble_patch.o (.text)
                             000158b0                      : ble_patch.o (.text)
                             000158bc                      : ble_patch.o (.text)
                             000158c8                      : ble_patch.o (.text)
                             000158ec                      : ble_patch.o (.text)
                             0001592c                      : ble_patch.o (.text)
                             00015938                      : ble_patch.o (.text)
                             0001598c                      : ble_patch.o (.text)
                             00015998                      : ble_patch.o (.text)
                             000159a6                      : ble_patch.o (.text)
                             000159be                      : ble_patch.o (.text)
                             00015a6c                      : ble_patch.o (.text)
                             00015a7a                      : ble_patch.o (.text)
LL_ENC_ReverseBytes       $Tramp$TT$L$PI$$LL_ENC_ReverseBytes
   1000b4ed     0001c1e8     000159b0   cc1350_ctrl_pxxx.a : ble_patch.o (.text)
                             000159c6                      : ble_patch.o (.text)
LL_ENC_GenDeviceSKD       $Tramp$TT$L$PI$$LL_ENC_GenDeviceSKD
   1000b541     0001c1f0     000159ce   cc1350_ctrl_pxxx.a : ble_patch.o (.text)
LL_ENC_GenDeviceIV        $Tramp$TT$L$PI$$LL_ENC_GenDeviceIV
   1000b555     0001c1f8     000159d6   cc1350_ctrl_pxxx.a : ble_patch.o (.text)
llEnqueueCtrlPkt          $Tramp$TT$L$PI$$llEnqueueCtrlPkt
   100080bd     0001c200     00015a0c   cc1350_ctrl_pxxx.a : ble_patch.o (.text)
                             00015a8e                      : ble_patch.o (.text)
                             00018400                      : ll_patch.o (.text)
llSetupUnknownRsp         $Tramp$TT$L$PI$$llSetupUnknownRsp
   10008069     0001c208     00015aa2   cc1350_ctrl_pxxx.a : ble_patch.o (.text)
                             000194cc                      : ll_slave_end_causes_patch.o (.text)
LL_RX_bm_alloc            $Tramp$TT$L$PI$$LL_RX_bm_alloc
   1000556d     0001c210     00015b30   cc1350_ctrl_pxxx.a : ble_patch.o (.text)
                             00015b72                      : ble_patch.o (.text)
                             00017040                      : ll_common_patch.o (.text)
llPatchCM0                $Tramp$TT$L$PI$$llPatchCM0
   1000adb1     0001c218     00015bea   cc1350_ctrl_pxxx.a : ble_patch.o (.text)
RFHAL_AllocRatChan        $Tramp$TT$L$PI$$RFHAL_AllocRatChan
   10018315     0001c220     00015bee   cc1350_ctrl_pxxx.a : ble_patch.o (.text)
RFHAL_RegisterRatChanCallback  $Tramp$TT$L$PI$$RFHAL_RegisterRatChanCallback
   10018391     0001c228     00015bfa   cc1350_ctrl_pxxx.a : ble_patch.o (.text)
LL_CtrlToHostFlowControl  $Tramp$TT$L$PI$$LL_CtrlToHostFlowControl
   100058d5     0001c230     00015d52   cc1350_ctrl_pxxx.a : hci_data_patch.o (.text)
HCI_SendCommandCompleteEvent  $Tramp$TT$L$PI$$HCI_SendCommandCompleteEvent
   10008c81     0001c238     000162d8   cc1350_ctrl_pxxx.a : hci_event_patch.o (.text)
HCI_CommandCompleteEvent  $Tramp$TT$L$PI$$HCI_CommandCompleteEvent
   10008add     0001c240     0001636e   cc1350_ctrl_pxxx.a : hci_patch.o (.text)
                             0001642a                      : hci_patch.o (.text)
                             0001645c                      : hci_patch.o (.text)
                             00016592                      : hci_patch.o (.text)
                             000165c0                      : hci_patch.o (.text)
HCI_CommandStatusEvent    $Tramp$TT$L$PI$$HCI_CommandStatusEvent
   10008ba1     0001c248     00016446   cc1350_ctrl_pxxx.a : hci_patch.o (.text)
                             000164b8                      : hci_patch.o (.text)
LL_EXT_ResetSystem        $Tramp$TT$L$PI$$LL_EXT_ResetSystem
   100070d5     0001c250     000164d0   cc1350_ctrl_pxxx.a : hci_patch.o (.text)
LL_ReadLocalVersionInfo   $Tramp$TT$L$PI$$LL_ReadLocalVersionInfo
   1000589d     0001c258     00016550   cc1350_ctrl_pxxx.a : hci_patch.o (.text)
llFreeTask                $Tramp$TT$L$PI$$llFreeTask
   1000abed     0001c260     0001662c   cc1350_ctrl_pxxx.a : ll_adv_end_causes_patch.o (.text)
                             00016748                      : ll_adv_end_causes_patch.o (.text)
                             00016dca                      : ll_common_patch.o (.text)
                             00018c78                      : ll_patch.o (.text)
LL_ENC_GeneratePseudoRandNum  $Tramp$TT$L$PI$$LL_ENC_GeneratePseudoRandNum
   1000b50d     0001c268     00016640   cc1350_ctrl_pxxx.a : ll_adv_end_causes_patch.o (.text)
                             000166d8                      : ll_adv_end_causes_patch.o (.text)
llScheduler               $Tramp$TT$L$PI$$llScheduler
   1000a335     0001c270     0001666a   cc1350_ctrl_pxxx.a : ll_adv_end_causes_patch.o (.text)
                             00016712                      : ll_adv_end_causes_patch.o (.text)
                             000169ee                      : ll_adv_end_causes_patch.o (.text)
                             00018c40                      : ll_patch.o (.text)
                             00018c84                      : ll_patch.o (.text)
                             000191fa                      : ll_slave_end_causes_patch.o (.text)
llConvertLstoToEvent      $Tramp$TT$L$PI$$llConvertLstoToEvent
   10008721     0001c278     0001685c   cc1350_ctrl_pxxx.a : ll_adv_end_causes_patch.o (.text)
                             000192f0                      : ll_slave_end_causes_patch.o (.text)
llConvertCtrlProcTimeoutToEvent  $Tramp$TT$L$PI$$llConvertCtrlProcTimeoutToEvent
   10008741     0001c280     00016866   cc1350_ctrl_pxxx.a : ll_adv_end_causes_patch.o (.text)
                             0001934a                      : ll_slave_end_causes_patch.o (.text)
llCalcScaFactor           $Tramp$TT$L$PI$$llCalcScaFactor
   1000d94d     0001c288     00016880   cc1350_ctrl_pxxx.a : ll_adv_end_causes_patch.o (.text)
llConnTerminate           $Tramp$TT$L$PI$$llConnTerminate
   10008631     0001c290     0001692e   cc1350_ctrl_pxxx.a : ll_adv_end_causes_patch.o (.text)
                             00018dee                      : ll_patch.o (.text)
                             0001918e                      : ll_slave_end_causes_patch.o (.text)
                             00019474                      : ll_slave_end_causes_patch.o (.text)
                             0001952c                      : ll_slave_end_causes_patch.o (.text)
RFHAL_InitDataQueue       $Tramp$TT$L$PI$$RFHAL_InitDataQueue
   100183b9     0001c298     00016942   cc1350_ctrl_pxxx.a : ll_adv_end_causes_patch.o (.text)
                             00016d76                      : ll_common_patch.o (.text)
                             00016da6                      : ll_common_patch.o (.text)
llEventDelta              $Tramp$TT$L$PI$$llEventDelta
   10008719     0001c2a0     00016aa0   cc1350_ctrl_pxxx.a : ll_common_patch.o (.text)
                             0001731c                      : ll_common_patch.o (.text)
                             000192be                      : ll_slave_end_causes_patch.o (.text)
                             0001930a                      : ll_slave_end_causes_patch.o (.text)
LL_TX_bm_alloc            $Tramp$TT$L$PI$$LL_TX_bm_alloc
   10005549     0001c2a8     00016c12   cc1350_ctrl_pxxx.a : ll_common_patch.o (.text)
                             00016c74                      : ll_common_patch.o (.text)
                             0001737a                      : ll_common_patch.o (.text)
RFHAL_FreeNextTxDataEntry  $Tramp$TT$L$PI$$RFHAL_FreeNextTxDataEntry
   10018485     0001c2b0     00016cd8   cc1350_ctrl_pxxx.a : ll_common_patch.o (.text)
                             00016d44                      : ll_common_patch.o (.text)
RFHAL_GetNextDataEntry    $Tramp$TT$L$PI$$RFHAL_GetNextDataEntry
   100184cd     0001c2b8     00016cde   cc1350_ctrl_pxxx.a : ll_common_patch.o (.text)
                             00016d4a                      : ll_common_patch.o (.text)
                             00016d8a                      : ll_common_patch.o (.text)
                             00019a86                      : ll_isr.o (.text)
RFHAL_GetTempDataEntry    $Tramp$TT$L$PI$$RFHAL_GetTempDataEntry
   100184d1     0001c2c0     00016d54   cc1350_ctrl_pxxx.a : ll_common_patch.o (.text)
                             00017444                      : ll_common_patch.o (.text)
llReleaseConnId           $Tramp$TT$L$PI$$llReleaseConnId
   10008429     0001c2c8     00016dc4   cc1350_ctrl_pxxx.a : ll_common_patch.o (.text)
llTimeCompare             $Tramp$TT$L$PI$$llTimeCompare
   1000d8c9     0001c2d0     00016e76   cc1350_ctrl_pxxx.a : ll_common_patch.o (.text)
                             000170f4                      : ll_common_patch.o (.text)
HCI_HardwareErrorEvent    $Tramp$TT$L$PI$$HCI_HardwareErrorEvent
   10008bf5     0001c2d8     00016f70   cc1350_ctrl_pxxx.a : ll_common_patch.o (.text)
                             0001707c                      : ll_common_patch.o (.text)
                             000171d8                      : ll_common_patch.o (.text)
                             00017554                      : ll_common_patch.o (.text)
                             000175ce                      : ll_common_patch.o (.text)
                             0001814e                      : ll_patch.o (.text)
                             00018508                      : ll_patch.o (.text)
llGetCurrentTask          $Tramp$TT$L$PI$$llGetCurrentTask
   1000ac3d     0001c2e0     000170fa   cc1350_ctrl_pxxx.a : ll_common_patch.o (.text)
                             00018088                      : ll_patch.o (.text)
                             00018c5e                      : ll_patch.o (.text)
                             00018dc8                      : ll_patch.o (.text)
                             00018dd2                      : ll_patch.o (.text)
llTimeDelta               $Tramp$TT$L$PI$$llTimeDelta
   1000d8f5     0001c2e8     0001710c   cc1350_ctrl_pxxx.a : ll_common_patch.o (.text)
llSetupRejectInd          $Tramp$TT$L$PI$$llSetupRejectInd
   10007df5     0001c2f0     0001735c   cc1350_ctrl_pxxx.a : ll_common_patch.o (.text)
                             00019672                      : ll_slave_end_causes_patch.o (.text)
LL_ENC_Init               $Tramp$TT$L$PI$$LL_ENC_Init
   1000b4c9     0001c2f8     0001767e   cc1350_ctrl_pxxx.a : ll_enc_patch.o (.text)
                             000176ec                      : ll_enc_patch.o (.text)
                             000181e2                      : ll_patch.o (.text)
                             00019744                      : ll_sleep.o (.text)
LL_ENC_LoadKey            $Tramp$TT$L$PI$$LL_ENC_LoadKey
   1000b58d     0001c300     00017686   cc1350_ctrl_pxxx.a : ll_enc_patch.o (.text)
                             000176f4                      : ll_enc_patch.o (.text)
LL_ENC_GenerateNonce      $Tramp$TT$L$PI$$LL_ENC_GenerateNonce
   1000b569     0001c308     000176a8   cc1350_ctrl_pxxx.a : ll_enc_patch.o (.text)
                             00017718                      : ll_enc_patch.o (.text)
LL_ENC_EncryptMsg         $Tramp$TT$L$PI$$LL_ENC_EncryptMsg
   1000b721     0001c310     000176b4   cc1350_ctrl_pxxx.a : ll_enc_patch.o (.text)
LL_ENC_DecryptMsg         $Tramp$TT$L$PI$$LL_ENC_DecryptMsg
   1000b851     0001c318     00017728   cc1350_ctrl_pxxx.a : ll_enc_patch.o (.text)
LL_ENC_GenerateTrueRandNum  $Tramp$TT$L$PI$$LL_ENC_GenerateTrueRandNum
   1000b51d     0001c320     0001805e   cc1350_ctrl_pxxx.a : ll_patch.o (.text)
WL_Init                   $Tramp$TT$L$PI$$WL_Init
   1000d189     0001c328     000181de   cc1350_ctrl_pxxx.a : ll_patch.o (.text)
LL_ClearWhiteList         $Tramp$TT$L$PI$$LL_ClearWhiteList
   10005719     0001c330     000181e6   cc1350_ctrl_pxxx.a : ll_patch.o (.text)
llReleaseAllConnId        $Tramp$TT$L$PI$$llReleaseAllConnId
   10008461     0001c338     0001824a   cc1350_ctrl_pxxx.a : ll_patch.o (.text)
LL_ConnActive             $Tramp$TT$L$PI$$LL_ConnActive
   1000678d     0001c340     00018308   cc1350_ctrl_pxxx.a : ll_patch.o (.text)
                             00018358                      : ll_patch.o (.text)
                             00018396                      : ll_patch.o (.text)
                             000183d2                      : ll_patch.o (.text)
                             00018512                      : ll_patch.o (.text)
                             00018cee                      : ll_patch.o (.text)
                             00018d30                      : ll_patch.o (.text)
                             00018dc0                      : ll_patch.o (.text)
HCI_DataBufferOverflowEvent  $Tramp$TT$L$PI$$HCI_DataBufferOverflowEvent
   10008a2d     0001c348     00018532   cc1350_ctrl_pxxx.a : ll_patch.o (.text)
LL_DirectTestEndDoneCback  $Tramp$TT$L$PI$$LL_DirectTestEndDoneCback
   10009471     0001c350     00018a2a   cc1350_ctrl_pxxx.a : ll_patch.o (.text)
                             00018a60                      : ll_patch.o (.text)
llGetActiveTasks          $Tramp$TT$L$PI$$llGetActiveTasks
   1000aca9     0001c358     00018bd8   cc1350_ctrl_pxxx.a : ll_patch.o (.text)
llSetupAdv                $Tramp$TT$L$PI$$llSetupAdv
   100073e5     0001c360     00018c04   cc1350_ctrl_pxxx.a : ll_patch.o (.text)
llGetNumTasks             $Tramp$TT$L$PI$$llGetNumTasks
   1000ace1     0001c368     00018c56   cc1350_ctrl_pxxx.a : ll_patch.o (.text)
llCheckForLstoDuringSL    $Tramp$TT$L$PI$$llCheckForLstoDuringSL
   1000c1b5     0001c370     0001925e   cc1350_ctrl_pxxx.a : ll_slave_end_causes_patch.o (.text)
llEventInRange            $Tramp$TT$L$PI$$llEventInRange
   100086f1     0001c378     00019280   cc1350_ctrl_pxxx.a : ll_slave_end_causes_patch.o (.text)
                             000192a0                      : ll_slave_end_causes_patch.o (.text)
LL_EncLtkReqCback         $Tramp$TT$L$PI$$LL_EncLtkReqCback
   1000925d     0001c380     00019564   cc1350_ctrl_pxxx.a : ll_slave_end_causes_patch.o (.text)
llSetupEncRsp             $Tramp$TT$L$PI$$llSetupEncRsp
   10007b95     0001c388     0001956c   cc1350_ctrl_pxxx.a : ll_slave_end_causes_patch.o (.text)
LL_ENC_AES128_Encrypt     $Tramp$TT$L$PI$$LL_ENC_AES128_Encrypt
   1000b5f5     0001c390     000195c8   cc1350_ctrl_pxxx.a : ll_slave_end_causes_patch.o (.text)
LL_EncKeyRefreshCback     $Tramp$TT$L$PI$$LL_EncKeyRefreshCback
   100093dd     0001c398     000195fc   cc1350_ctrl_pxxx.a : ll_slave_end_causes_patch.o (.text)
LL_EncChangeCback         $Tramp$TT$L$PI$$LL_EncChangeCback
   1000933d     0001c3a0     00019606   cc1350_ctrl_pxxx.a : ll_slave_end_causes_patch.o (.text)
llSetupStartEncRsp        $Tramp$TT$L$PI$$llSetupStartEncRsp
   10007ca9     0001c3a8     00019618   cc1350_ctrl_pxxx.a : ll_slave_end_causes_patch.o (.text)
llSetupPauseEncRsp        $Tramp$TT$L$PI$$llSetupPauseEncRsp
   10007d55     0001c3b0     00019632   cc1350_ctrl_pxxx.a : ll_slave_end_causes_patch.o (.text)
LL_ReadRemoteVersionInfoCback  $Tramp$TT$L$PI$$LL_ReadRemoteVersionInfoCback
   100091e1     0001c3b8     000196aa   cc1350_ctrl_pxxx.a : ll_slave_end_causes_patch.o (.text)
                             000196be                      : ll_slave_end_causes_patch.o (.text)
llSetupVersionIndReq      $Tramp$TT$L$PI$$llSetupVersionIndReq
   10007f29     0001c3c0     000196ca   cc1350_ctrl_pxxx.a : ll_slave_end_causes_patch.o (.text)
llMoveTempTxDataEntries   $Tramp$TT$L$PI$$llMoveTempTxDataEntries
   1000afa1     0001c3c8     0001972a   cc1350_ctrl_pxxx.a : ll_slave_end_causes_patch.o (.text)
WL_ClearEntry             $Tramp$TT$L$PI$$WL_ClearEntry
   1000d1f5     0001c3d0     00019786   cc1350_ctrl_pxxx.a : ll_wl_patch.o (.text)
RFHAL_NextDataEntryDone   $Tramp$TT$L$PI$$RFHAL_NextDataEntryDone
   100184d5     0001c3d8     00019b66   cc1350_ctrl_pxxx.a : ll_isr.o (.text)
LL_PseudoRand             $Tramp$TT$L$PI$$LL_PseudoRand
   10005801     0001c3e0     0001a586   onboard.obj (.text)
HCI_EXT_NumComplPktsLimitCmd  $Tramp$TT$L$PI$$HCI_EXT_NumComplPktsLimitCmd
   1000a1b5     0001c3e8     0001b63e   ble_dispatch.obj (.text)
HCI_EXT_BuildRevisionCmd  $Tramp$TT$L$PI$$HCI_EXT_BuildRevisionCmd
   1000a109     0001c3f0     0001b652   ble_dispatch.obj (.text)
HCI_EXT_SetSlaveLatencyOverrideCmd  $Tramp$TT$L$PI$$HCI_EXT_SetSlaveLatencyOverrideCmd
   10009e6d     0001c3f8     0001b658   ble_dispatch.obj (.text)
HCI_EXT_AdvEventNoticeCmd  $Tramp$TT$L$PI$$HCI_EXT_AdvEventNoticeCmd
   1000a0f1     0001c400     0001b66c   ble_dispatch.obj (.text)
HCI_EXT_PERbyChanCmd      $Tramp$TT$L$PI$$HCI_EXT_PERbyChanCmd
   1000a075     0001c408     0001b674   ble_dispatch.obj (.text)
HCI_EXT_PacketErrorRateCmd  $Tramp$TT$L$PI$$HCI_EXT_PacketErrorRateCmd
   1000a031     0001c410     0001b67c   ble_dispatch.obj (.text)
HCI_EXT_DisconnectImmedCmd  $Tramp$TT$L$PI$$HCI_EXT_DisconnectImmedCmd
   1000a011     0001c418     0001b682   ble_dispatch.obj (.text)
HCI_EXT_SetMaxDtmTxPowerCmd  $Tramp$TT$L$PI$$HCI_EXT_SetMaxDtmTxPowerCmd
   10009fd1     0001c420     0001b688   ble_dispatch.obj (.text)
HCI_EXT_EnablePTMCmd      $Tramp$TT$L$PI$$HCI_EXT_EnablePTMCmd
   10009f69     0001c428     0001b68c   ble_dispatch.obj (.text)
HCI_EXT_SetSCACmd         $Tramp$TT$L$PI$$HCI_EXT_SetSCACmd
   10009f49     0001c430     0001b692   ble_dispatch.obj (.text)
HCI_EXT_SetBDADDRCmd      $Tramp$TT$L$PI$$HCI_EXT_SetBDADDRCmd
   10009f0d     0001c438     0001b698   ble_dispatch.obj (.text)
HCI_EXT_EndModemTestCmd   $Tramp$TT$L$PI$$HCI_EXT_EndModemTestCmd
   10009eed     0001c440     0001b69c   ble_dispatch.obj (.text)
HCI_EXT_ModemTestRxCmd    $Tramp$TT$L$PI$$HCI_EXT_ModemTestRxCmd
   10009ecd     0001c448     0001b6a2   ble_dispatch.obj (.text)
HCI_EXT_ModemHopTestTxCmd  $Tramp$TT$L$PI$$HCI_EXT_ModemHopTestTxCmd
   10009ead     0001c450     0001b6a6   ble_dispatch.obj (.text)
HCI_EXT_ModemTestTxCmd    $Tramp$TT$L$PI$$HCI_EXT_ModemTestTxCmd
   10009e8d     0001c458     0001b6ae   ble_dispatch.obj (.text)
HCI_EXT_SetFastTxResponseTimeCmd  $Tramp$TT$L$PI$$HCI_EXT_SetFastTxResponseTimeCmd
   10009e4d     0001c460     0001b6b4   ble_dispatch.obj (.text)
HCI_EXT_SetLocalSupportedFeaturesCmd  $Tramp$TT$L$PI$$HCI_EXT_SetLocalSupportedFeaturesCmd
   10009e2d     0001c468     0001b6ba   ble_dispatch.obj (.text)
HCI_EXT_DecryptCmd        $Tramp$TT$L$PI$$HCI_EXT_DecryptCmd
   10009dd1     0001c470     0001b6c2   ble_dispatch.obj (.text)
HCI_EXT_OnePktPerEvtCmd   $Tramp$TT$L$PI$$HCI_EXT_OnePktPerEvtCmd
   10009d45     0001c478     0001b6c8   ble_dispatch.obj (.text)
HCI_EXT_SetTxPowerCmd     $Tramp$TT$L$PI$$HCI_EXT_SetTxPowerCmd
   10009d09     0001c480     0001b6ce   ble_dispatch.obj (.text)
HCI_LE_TestEndCmd         $Tramp$TT$L$PI$$HCI_LE_TestEndCmd
   10009c8d     0001c488     0001b6d2   ble_dispatch.obj (.text)
HCI_LE_ReadSupportedStatesCmd  $Tramp$TT$L$PI$$HCI_LE_ReadSupportedStatesCmd
   10009c15     0001c490     0001b6e8   ble_dispatch.obj (.text)
HCI_LE_EncryptCmd         $Tramp$TT$L$PI$$HCI_LE_EncryptCmd
   10009af5     0001c498     0001b6f0   ble_dispatch.obj (.text)
HCI_LE_ReadChannelMapCmd  $Tramp$TT$L$PI$$HCI_LE_ReadChannelMapCmd
   10009aa1     0001c4a0     0001b6fc   ble_dispatch.obj (.text)
HCI_LE_RemoveWhiteListCmd  $Tramp$TT$L$PI$$HCI_LE_RemoveWhiteListCmd
   10009a31     0001c4a8     0001b704   ble_dispatch.obj (.text)
HCI_LE_AddWhiteListCmd    $Tramp$TT$L$PI$$HCI_LE_AddWhiteListCmd
   10009a15     0001c4b0     0001b70c   ble_dispatch.obj (.text)
HCI_LE_ClearWhiteListCmd  $Tramp$TT$L$PI$$HCI_LE_ClearWhiteListCmd
   100099f9     0001c4b8     0001b710   ble_dispatch.obj (.text)
HCI_LE_ReadWhiteListSizeCmd  $Tramp$TT$L$PI$$HCI_LE_ReadWhiteListSizeCmd
   100099c9     0001c4c0     0001b714   ble_dispatch.obj (.text)
HCI_LE_ReadAdvChanTxPowerCmd  $Tramp$TT$L$PI$$HCI_LE_ReadAdvChanTxPowerCmd
   100098f5     0001c4c8     0001b718   ble_dispatch.obj (.text)
HCI_LE_ReadLocalSupportedFeaturesCmd  $Tramp$TT$L$PI$$HCI_LE_ReadLocalSupportedFeaturesCmd
   10009829     0001c4d0     0001b71c   ble_dispatch.obj (.text)
HCI_ReadLocalSupportedFeaturesCmd  $Tramp$TT$L$PI$$HCI_ReadLocalSupportedFeaturesCmd
   1000973d     0001c4d8     0001b730   ble_dispatch.obj (.text)
HCI_ReadTransmitPowerLevelCmd  $Tramp$TT$L$PI$$HCI_ReadTransmitPowerLevelCmd
   100095d1     0001c4e0     0001b746   ble_dispatch.obj (.text)
HCI_SetEventMaskCmd       $Tramp$TT$L$PI$$HCI_SetEventMaskCmd
   10009571     0001c4e8     0001b750   ble_dispatch.obj (.text)
HCI_ReadRemoteVersionInfoCmd  $Tramp$TT$L$PI$$HCI_ReadRemoteVersionInfoCmd
   10009541     0001c4f0     0001b756   ble_dispatch.obj (.text)

[119 trampolines]
[203 trampoline calls]


GLOBAL SYMBOLS: SORTED ALPHABETICALLY BY Name 

address   name                                  
-------   ----                                  
10014c00  A1_rw                                 
10005000  A1_rw_1                               
10019ffe  A2_rw                                 
1000dffe  A2_rw_1                               
10019ffc  A3_rw                                 
1000dffc  A3_rw_1                               
20004f2c  A4_rw                                 
200048e8  A4_rw_1                               
20004f7c  ACCX                                  
20004f80  ACCY                                  
20004f84  ACCZ                                  
10015229  ATOMICPATTERN                         
0000f293  ATT_BuildErrorRsp                     
0000f2c3  ATT_BuildExchangeMTUReq               
0000f2cf  ATT_BuildExchangeMTURsp               
0000f5f9  ATT_BuildExecuteWriteReq              
0000f35d  ATT_BuildFindByTypeValueReq           
0000f3b9  ATT_BuildFindByTypeValueRsp           
0000f2f5  ATT_BuildFindInfoReq                  
0000f301  ATT_BuildFindInfoRsp                  
0000f61d  ATT_BuildHandleValueInd               
0000f57f  ATT_BuildPrepareWriteReq              
0000f5a9  ATT_BuildPrepareWriteRsp              
0000f4c3  ATT_BuildReadBlobReq                  
0000f501  ATT_BuildReadBlobRsp                  
0000f541  ATT_BuildReadByGrpTypeRsp             
0000f3db  ATT_BuildReadByTypeReq                
0000f447  ATT_BuildReadByTypeRsp                
0000f513  ATT_BuildReadMultiReq                 
0000f53b  ATT_BuildReadMultiRsp                 
0000f46b  ATT_BuildReadReq                      
0000f487  ATT_BuildReadRsp                      
0000f4b7  ATT_BuildWriteReq                     
0000f6ed  ATT_CompareUUID                       
0000f73d  ATT_ConvertUUIDto128                  
0000f765  ATT_ConvertUUIDto16                   
0000f053  ATT_ErrorRsp                          
0000f065  ATT_ExchangeMTURsp                    
0000f197  ATT_ExecuteWriteRsp                   
0000f0ad  ATT_FindByTypeValueRsp                
0000f07d  ATT_FindInfoRsp                       
0000f7cd  ATT_GetMTU                            
0000f7ef  ATT_GetParamValue                     
0000f1b9  ATT_HandleValueInd                    
0000f1a3  ATT_HandleValueNoti                   
0000f2a5  ATT_ParseErrorRsp                     
0000f2c5  ATT_ParseExchangeMTUReq               
0000f2df  ATT_ParseExchangeMTURsp               
0000f601  ATT_ParseExecuteWriteReq              
0000f613  ATT_ParseExecuteWriteRsp              
0000f377  ATT_ParseFindByTypeValueReq           
0000f3c1  ATT_ParseFindByTypeValueRsp           
0000f2f7  ATT_ParseFindInfoReq                  
0000f319  ATT_ParseFindInfoRsp                  
0000f65d  ATT_ParseHandleValueCfm               
0000f631  ATT_ParseHandleValueInd               
0000f239  ATT_ParsePacket                       
0000f581  ATT_ParsePrepareWriteReq              
0000f5c7  ATT_ParsePrepareWriteRsp              
0000f4dd  ATT_ParseReadBlobReq                  
0000f505  ATT_ParseReadBlobRsp                  
0000f553  ATT_ParseReadByGrpTypeRsp             
0000f40b  ATT_ParseReadByTypeReq                
0000f449  ATT_ParseReadByTypeRsp                
0000f51b  ATT_ParseReadMultiReq                 
0000f53f  ATT_ParseReadMultiRsp                 
0000f46d  ATT_ParseReadReq                      
0000f48b  ATT_ParseReadRsp                      
0000f48d  ATT_ParseWriteReq                     
0000f4b9  ATT_ParseWriteRsp                     
0000f17d  ATT_PrepareWriteRsp                   
0000f115  ATT_ReadBlobRsp                       
0000f14f  ATT_ReadByGrpTypeRsp                  
0000f0cd  ATT_ReadByTypeRsp                     
0000f131  ATT_ReadMultiRsp                      
0000f0f9  ATT_ReadRsp                           
0000f04d  ATT_RegisterServer                    
0000f7ed  ATT_SetParamValue                     
0000f7a3  ATT_UpdateMTU                         
0000f171  ATT_WriteRsp                          
10016c29  AddRoundKeySubBytes_Sw                
10018a19  AesCcm_authEncrypt_Sw                 
10018a35  AesCcm_decryptAuth_Sw                 
10018b09  AesCcm_getNumBlocks_Sw                
10018ac5  Aes_decrypt_Sw                        
10018a99  Aes_encrypt_Sw                        
20004f2c  COMMON_RAM_BASE_ADDR                  
10014c01  COMMON_ROM_BASE_ADDR                  
10015a6d  COPY                                  
0001a483  CommonROM_Init                        
10017959  ECC_allocWorkzone                     
10017dbd  ECC_keyGen                            
10017961  ECC_setWin                            
10017ded  ECDH_commonKey                        
10017969  ECDSA_sign                            
10017b01  ECDSA_verif                           
10015a11  EXPORTOPERAND                         
20004f78  EXPW                                  
20004f6c  EXPX                                  
20004f70  EXPY                                  
20004f74  EXPZ                                  
10016f58  FFMult2                               
10017058  FFMult3                               
10016d05  FFMult_Sw                             
10018d6c  Fill1                                 
1000d9ec  Fill1_1                               
UNDEFED   GAPBondMgr_CheckNVLen                 
UNDEFED   GAPBondMgr_GetParameter               
UNDEFED   GAPBondMgr_Init                       
UNDEFED   GAPBondMgr_LinkEst                    
UNDEFED   GAPBondMgr_LinkTerm                   
UNDEFED   GAPBondMgr_PasscodeRsp                
UNDEFED   GAPBondMgr_ProcessEvent               
UNDEFED   GAPBondMgr_Register                   
UNDEFED   GAPBondMgr_ResolveAddr                
UNDEFED   GAPBondMgr_SetParameter               
0000fdb9  GAP_Authenticate                      
0000fef3  GAP_Bond                              
0000f89b  GAP_ConfigDeviceAddr                  
0001bd23  GAP_DeviceInit                        
000106af  GAP_EndDiscoverable                   
000107a5  GAP_GetAdvToken                       
0000f895  GAP_GetIRK                            
0000f81f  GAP_GetParamValue                     
00010cef  GAP_Init                              
000105b5  GAP_MakeDiscoverable                  
00010dcd  GAP_NumActiveConnections              
0000f831  GAP_ParamsInit                        
0000fea7  GAP_PasscodeUpdate                    
0000fe73  GAP_PasskeyUpdate                     
00010c13  GAP_PeriConnRegister                  
00010819  GAP_PeriDevMgrInit                    
0000f873  GAP_PrivacyInit                       
00010d05  GAP_ProcessEvent                      
00010fad  GAP_RegisterBondMgrCBs                
00010ce9  GAP_RegisterForMsgs                   
000107bb  GAP_RemoveAdvToken                    
0000fb4d  GAP_ResolvePrivateAddr                
0000f859  GAP_SecParamsInit                     
00010bd9  GAP_SendSlaveSecurityRequest          
000106fb  GAP_SetAdvToken                       
0000f805  GAP_SetParamValue                     
0000fd71  GAP_Signable                          
0000fe55  GAP_TerminateAuth                     
0000fbfd  GAP_TerminateLinkReq                  
00010805  GAP_UpdateAdvTokens                   
00010647  GAP_UpdateAdvertisingData             
0000fc77  GAP_UpdateLinkParamReq                
0000fcdf  GAP_UpdateLinkParamReqReply           
00012497  GATTServApp_AddService                
000124ad  GATTServApp_DelService                
0001233b  GATTServApp_DeregisterService         
00013163  GATTServApp_GetParamValue             
000123dd  GATTServApp_GetParameter              
00012259  GATTServApp_Init                      
0001c12f  GATTServApp_InitCharCfg               
000122a7  GATTServApp_ProcessEvent              
00012ee1  GATTServApp_ReadAttr                  
0001c11f  GATTServApp_ReadCharCfg               
00012251  GATTServApp_RegisterForMsg            
000122e5  GATTServApp_RegisterService           
000131d9  GATTServApp_SendCCCUpdatedEvent       
00013161  GATTServApp_SetParamValue             
0001237f  GATTServApp_SetParameter              
20004460  GATTServApp_TaskID                    
00013167  GATTServApp_UpdateCharCfg             
000130d9  GATTServApp_WriteAttr                 
00011e37  GATT_AppCompletedMsg                  
00011405  GATT_DeregisterService                
000115a7  GATT_FindHandle                       
00011549  GATT_FindHandleUUID                   
000115f3  GATT_FindNextAttr                     
00012111  GATT_FindUUIDRec                      
00011da5  GATT_GetNextHandle                    
00011747  GATT_Indication                       
00011e5f  GATT_Init                             
00011301  GATT_InitServer                       
000117b3  GATT_Notification                     
00011fc9  GATT_NotifyEvent                      
00011e7d  GATT_ProcessEvent                     
00011e25  GATT_RegisterForMsgs                  
00011445  GATT_RegisterForReq                   
00011369  GATT_RegisterService                  
00011693  GATT_SendRsp                          
000114d7  GATT_ServiceChangedInd                
00011683  GATT_ServiceEncKeySize                
00011677  GATT_ServiceNumAttrs                  
00011e2b  GATT_SetHostToAppFlowCtrl             
00011e15  GATT_SetNextHandle                    
00011fdd  GATT_UpdateMTU                        
0001144d  GATT_VerifyReadPermissions            
00011483  GATT_VerifyWritePermissions           
00012085  GATT_bm_alloc                         
000120fd  GATT_bm_free                          
10015141  GETBIT                                
10015155  GETDIGIT                              
100151a5  GETDIGITL2R                           
00011091  GGS_AddService                        
000110a9  GGS_DelService                        
0001108d  GGS_GetParamValue                     
00011055  GGS_GetParameter                      
000110bd  GGS_RegisterAppCBs                    
0001108b  GGS_SetParamValue                     
00010fd5  GGS_SetParameter                      
10008add  HCI_CommandCompleteEvent              
10008ba1  HCI_CommandStatusEvent                
10008a2d  HCI_DataBufferOverflowEvent           
10009525  HCI_DisconnectCmd                     
1000a0f1  HCI_EXT_AdvEventNoticeCmd             
1000a109  HCI_EXT_BuildRevisionCmd              
10009d79  HCI_EXT_ClkDivOnHaltCmd               
0001650b  HCI_EXT_ConnEventNoticeCmd            
10009dad  HCI_EXT_DeclareNvUsageCmd             
10009dd1  HCI_EXT_DecryptCmd                    
000164e7  HCI_EXT_DelaySleepCmd                 
1000a011  HCI_EXT_DisconnectImmedCmd            
10009f69  HCI_EXT_EnablePTMCmd                  
10009eed  HCI_EXT_EndModemTestCmd               
1000a095  HCI_EXT_ExtendRfRangeCmd              
00016377  HCI_EXT_GetConnInfoCmd                
1000a0d1  HCI_EXT_HaltDuringRfCmd               
10009ff1  HCI_EXT_MapPmIoPortCmd                
10009ead  HCI_EXT_ModemHopTestTxCmd             
10009ecd  HCI_EXT_ModemTestRxCmd                
10009e8d  HCI_EXT_ModemTestTxCmd                
1000a1b5  HCI_EXT_NumComplPktsLimitCmd          
10009d45  HCI_EXT_OnePktPerEvtCmd               
1000a195  HCI_EXT_OverlappedProcessingCmd       
1000a075  HCI_EXT_PERbyChanCmd                  
1000a031  HCI_EXT_PacketErrorRateCmd            
000164c1  HCI_EXT_ResetSystemCmd                
10009fb1  HCI_EXT_SaveFreqTuneCmd               
10009f0d  HCI_EXT_SetBDADDRCmd                  
10009e4d  HCI_EXT_SetFastTxResponseTimeCmd      
10009f81  HCI_EXT_SetFreqTuneCmd                
10009e2d  HCI_EXT_SetLocalSupportedFeaturesCmd  
10009fd1  HCI_EXT_SetMaxDtmTxPowerCmd           
10009cd5  HCI_EXT_SetRxGainCmd                  
10009f49  HCI_EXT_SetSCACmd                     
10009e6d  HCI_EXT_SetSlaveLatencyOverrideCmd    
10009d09  HCI_EXT_SetTxPowerCmd                 
00019c73  HCI_ExtTaskRegister                   
00019c61  HCI_GAPTaskRegister                   
10008bf5  HCI_HardwareErrorEvent                
10009631  HCI_HostBufferSizeCmd                 
1000965d  HCI_HostNumCompletedPktCmd            
00019bed  HCI_Init                              
00019c67  HCI_L2CAPTaskRegister                 
10009a15  HCI_LE_AddWhiteListCmd                
100099f9  HCI_LE_ClearWhiteListCmd              
000164b1  HCI_LE_ConnUpdateCmd                  
1000999d  HCI_LE_CreateConnCancelCmd            
1000995d  HCI_LE_CreateConnCmd                  
10009af5  HCI_LE_EncryptCmd                     
10009be1  HCI_LE_LtkReqNegReplyCmd              
10009bc5  HCI_LE_LtkReqReplyCmd                 
10009b51  HCI_LE_RandCmd                        
100098f5  HCI_LE_ReadAdvChanTxPowerCmd          
00016405  HCI_LE_ReadBufSizeCmd                 
10009aa1  HCI_LE_ReadChannelMapCmd              
10009829  HCI_LE_ReadLocalSupportedFeaturesCmd  
0001643b  HCI_LE_ReadRemoteUsedFeaturesCmd      
10009c15  HCI_LE_ReadSupportedStatesCmd         
100099c9  HCI_LE_ReadWhiteListSizeCmd           
00016477  HCI_LE_ReceiverTestCmd                
00016437  HCI_LE_RemoteConnParamReqNegReplyCmd  
00016433  HCI_LE_RemoteConnParamReqReplyCmd     
10009a31  HCI_LE_RemoveWhiteListCmd             
100098a1  HCI_LE_SetAdvDataCmd                  
100098d9  HCI_LE_SetAdvEnableCmd                
1000986d  HCI_LE_SetAdvParamCmd                 
0001650f  HCI_LE_SetEventMaskCmd                
10009a85  HCI_LE_SetHostChanClassificationCmd   
10009849  HCI_LE_SetRandomAddressCmd            
10009941  HCI_LE_SetScanEnableCmd               
10009915  HCI_LE_SetScanParamCmd                
100098bd  HCI_LE_SetScanRspDataCmd              
10009ba9  HCI_LE_StartEncyptCmd                 
10009c8d  HCI_LE_TestEndCmd                     
00016465  HCI_LE_TransmitterTestCmd             
00015f1b  HCI_NumOfCompletedPacketsEvent        
00019c1f  HCI_ProcessEvent                      
10009765  HCI_ReadBDADDRCmd                     
00016363  HCI_ReadLocalSupportedCommandsCmd     
1000973d  HCI_ReadLocalSupportedFeaturesCmd     
00016545  HCI_ReadLocalVersionInfoCmd           
10009541  HCI_ReadRemoteVersionInfoCmd          
0001659d  HCI_ReadRssiCmd                       
100095d1  HCI_ReadTransmitPowerLevelCmd         
00016341  HCI_ResetCmd                          
1000d7cd  HCI_ReverseBytes                      
00019c6d  HCI_SMPTaskRegister                   
10008c81  HCI_SendCommandCompleteEvent          
10008c59  HCI_SendCommandStatusEvent            
10008d31  HCI_SendControllerToHostEvent         
100094e9  HCI_SendDataPkt                       
100095f5  HCI_SetControllerToHostFlowCtrlCmd    
10009571  HCI_SetEventMaskCmd                   
00016489  HCI_SetEventMaskPage2Cmd              
00019c5b  HCI_TestAppTaskRegister               
00016305  HCI_ValidConnTimeParams               
00016289  HCI_VendorSpecifcCommandCompleteEvent 
100094a1  HCI_bm_alloc                          
0001b831  HalFlashGetAddress                    
0001b84b  HalFlashRead                          
0001b877  HalFlashWrite                         
0001a503  HalTRNG_GetTRNG                       
0001a4e1  HalTRNG_InitTRNG                      
20004550  ICall_dispatcher                      
20004554  ICall_enterCriticalSection            
20004558  ICall_leaveCriticalSection            
10015a35  IMPORTDATA                            
100159a9  IMPORTLENGTH                          
100159ad  IMPORTMODULUS                         
100159d1  IMPORTOPERAND                         
1001568d  INVERT                                
10016da1  InvAddRoundKey_Sw                     
10016ed5  InvMixColumns_Sw                      
10016dc9  InvRoundKey_Sw                        
10017264  InvSbox                               
10016ea1  InvShiftRows_Sw                       
10016e8d  InvSubBytes_Sw                        
100154f5  JACADD                                
000138c9  L2CAP_BuildCmdReject                  
000139e1  L2CAP_BuildInfoRsp                    
000139ad  L2CAP_BuildParamUpdateRsp             
000132a9  L2CAP_CmdReject                       
000132cf  L2CAP_ConnParamUpdateReq              
00013305  L2CAP_ConnParamUpdateRsp              
00013373  L2CAP_GetMTU                          
00013cd5  L2CAP_GetParamValue                   
00013351  L2CAP_HostNumCompletedPkts            
000132b7  L2CAP_InfoReq                         
0001339d  L2CAP_Init                            
000139c9  L2CAP_ParseInfoReq                    
00013973  L2CAP_ParseParamUpdateReq             
000133ff  L2CAP_ProcessEvent                    
0001321d  L2CAP_RegisterApp                     
0001350d  L2CAP_RegisterFlowCtrlTask            
00013247  L2CAP_SendData                        
00013367  L2CAP_SetBufSize                      
00013317  L2CAP_SetControllerToHostFlowCtrl     
00013cd3  L2CAP_SetParamValue                   
00013399  L2CAP_SetUserConfig                   
00013cb9  L2CAP_bm_alloc                        
20004fe8  LEN                                   
10005739  LL_AddWhiteListDevice                 
10008d81  LL_AdvReportCback                     
00015ffb  LL_AuthPayloadTimeoutExpiredCback     
10005719  LL_ClearWhiteList                     
1000678d  LL_ConnActive                         
00015e1d  LL_ConnParamUpdateCback               
10008ead  LL_ConnectionCompleteCback            
100058d5  LL_CtrlToHostFlowControl              
000189f5  LL_DirectTestEnd                      
10009471  LL_DirectTestEndDoneCback             
000188f5  LL_DirectTestRxTest                   
0001877b  LL_DirectTestTxTest                   
10005a39  LL_Disconnect                         
10009005  LL_DisconnectCback                    
0001985b  LL_DoorbellErrorCback                 
1000b639  LL_ENC_AES128_Decrypt                 
1000b5f5  LL_ENC_AES128_Encrypt                 
000176d7  LL_ENC_Decrypt                        
1000b851  LL_ENC_DecryptMsg                     
00017669  LL_ENC_Encrypt                        
1000b721  LL_ENC_EncryptMsg                     
1000b555  LL_ENC_GenDeviceIV                    
1000b541  LL_ENC_GenDeviceSKD                   
1000b569  LL_ENC_GenerateNonce                  
1000b50d  LL_ENC_GeneratePseudoRandNum          
1000b51d  LL_ENC_GenerateTrueRandNum            
1000b4c9  LL_ENC_Init                           
1000b58d  LL_ENC_LoadKey                        
1000b4ed  LL_ENC_ReverseBytes                   
10007025  LL_EXT_AdvEventNotice                 
00018d85  LL_EXT_BuildRevision                  
10006b7d  LL_EXT_ClkDivOnHalt                   
00018d29  LL_EXT_ConnEventNotice                
10006b81  LL_EXT_DeclareNvUsage                 
10006b85  LL_EXT_Decrypt                        
100070a1  LL_EXT_DelaySleep                     
00018dbd  LL_EXT_DisconnectImmed                
00018755  LL_EXT_EndModemTest                   
1000701d  LL_EXT_ExtendRfRange                  
1000a2ad  LL_EXT_ExtendRfRangeCback             
000182a1  LL_EXT_GetConnInfo                    
10007021  LL_EXT_HaltDuringRf                   
10006f49  LL_EXT_MapPmIoPort                    
00018599  LL_EXT_ModemHopTestTx                 
000186b7  LL_EXT_ModemTestRx                    
00018633  LL_EXT_ModemTestTx                    
00018d5d  LL_EXT_NumComplPktsLimit              
10006b59  LL_EXT_OnePacketPerEvent              
10007109  LL_EXT_OverlappedProcessing           
10006fed  LL_EXT_PERbyChan                      
10006f99  LL_EXT_PacketErrorRate                
1000a259  LL_EXT_PacketErrorRateCback           
100070d5  LL_EXT_ResetSystem                    
10006efd  LL_EXT_SaveFreqTune                   
10006e01  LL_EXT_SetBDADDR                      
10006bc5  LL_EXT_SetFastTxResponseTime          
10006ef9  LL_EXT_SetFreqTune                    
0001841f  LL_EXT_SetLocalSupportedFeatures      
00018485  LL_EXT_SetMaxDtmTxPower               
10006ad9  LL_EXT_SetRxGain                      
1000a201  LL_EXT_SetRxGainCback                 
10006e85  LL_EXT_SetSCA                         
10006bdd  LL_EXT_SetSlaveLatencyOverride        
00018451  LL_EXT_SetTxPower                     
1000a211  LL_EXT_SetTxPowerCback                
1000933d  LL_EncChangeCback                     
100093dd  LL_EncKeyRefreshCback                 
00018393  LL_EncLtkNegReply                     
0001834d  LL_EncLtkReply                        
1000925d  LL_EncLtkReqCback                     
100057d5  LL_Encrypt                            
0001606f  LL_EnhancedConnectionCompleteCback    
00018cbb  LL_GetNumActiveConns                  
00017e19  LL_Init                               
0001986d  LL_LastCmdDoneCback                   
100057b9  LL_NumEmptyWlEntries                  
00019735  LL_PM_Enter_AES                       
0001974b  LL_PM_Exit_AES                        
00019731  LL_PM_GetRfCoreState                  
00019775  LL_PM_PowerOffRfCore                  
0001807f  LL_ProcessEvent                       
10005801  LL_PseudoRand                         
1000556d  LL_RX_bm_alloc                        
100057f5  LL_Rand                               
1000a1d5  LL_RandCback                          
10006105  LL_ReadAdvChanTxPower                 
100056c9  LL_ReadBDADDR                         
100059a1  LL_ReadChanMap                        
10005879  LL_ReadLocalSupportedFeatures         
1000589d  LL_ReadLocalVersionInfo               
000183cf  LL_ReadRemoteUsedFeatures             
00015eaf  LL_ReadRemoteUsedFeaturesCompleteCback
100058e9  LL_ReadRemoteVersionInfo              
100091e1  LL_ReadRemoteVersionInfoCback         
00018cc7  LL_ReadRssi                           
00018c9f  LL_ReadSupportedStates                
000184a1  LL_ReadTxPowerLevel                   
100057a1  LL_ReadWlSize                         
10005765  LL_RemoveWhiteListDevice              
000181a7  LL_Reset                              
00015d31  LL_RxDataCompleteCback                
00019a51  LL_RxEntryDoneCback                   
00019a4f  LL_RxIgnoredCback                     
00018b9d  LL_SetAdvControl                      
10005f89  LL_SetAdvData                         
00018a8d  LL_SetAdvParam                        
100056e9  LL_SetRandomAddress                   
1000612d  LL_SetScanRspData                     
10005549  LL_TX_bm_alloc                        
20004c84  LL_TaskID                             
000184df  LL_TxData                             
00019a21  LL_TxDoneCback                        
00019a35  LL_TxEntryDoneCback                   
100158ac  LUTC                                  
100158dc  LUTINCI                               
100158f4  LUTJ                                  
1001588c  LUTOPCODE                             
10015894  LUTOPSIGN                             
100158c4  LUTSE                                 
1001596c  LUTSTATE                              
20004fe4  MOD                                   
20004fd8  MSBMOD                                
10016c79  MixColumns_Sw                         
10018b9c  NIST256_Gx                            
10018bc0  NIST256_Gy                            
10018b54  NIST256_a                             
10018b78  NIST256_b                             
10018b0c  NIST256_p                             
10018b30  NIST256_r                             
0001a02f  NOROM_CPUcpsid                        
0001a023  NOROM_CPUcpsie                        
0001a059  NOROM_FlashProgram                    
0001a03d  NOROM_FlashSectorErase                
0001a0e5  NOROM_IntDisable                      
0001a075  NOROM_IntEnable                       
0001a141  NOROM_TRNGConfigure                   
0001a175  NOROM_VIMSModeGet                     
0001bcb5  NVOCOP_initNV                         
0001bc43  NVOCOP_readItem                       
0001bb89  NVOCOP_writeItem                      
0001e000  NV_FLASH                              
200048d4  OSAL_timeSeconds                      
0001a581  Onboard_rand                          
0001a57d  Onboard_soft_reset                    
10014c04  P1_ro                                 
10005004  P1_ro_1                               
10019ffe  P1_ro_2                               
1000dffe  P1_ro_2_1                             
20004f40  P2_rw                                 
20004f40  P2_s0                                 
20004fac  P2_zi                                 
200048fc  P2_zi_1                               
0001c538  R2F_Flash_JT                          
0001c520  R2F_Flash_JT_CommonROM                
0001c6d4  R2R_Flash_JT                          
0001c5e0  R2R_Flash_JT_CommonROM                
200048e8  RAM_BASE_ADDR                         
10017158  RCon                                  
00015c97  RFHAL_AddTxDataEntry                  
100184f9  RFHAL_AllocDataEntry                  
100184a9  RFHAL_AllocDataEntryQueue             
10018315  RFHAL_AllocRatChan                    
100185e1  RFHAL_BuildDataEntryRingBuffer        
10018669  RFHAL_BuildLinkedBuffer               
10018551  RFHAL_BuildRingBuffer                 
10018549  RFHAL_FreeDataEntry                   
100184c5  RFHAL_FreeDataEntryQueue              
10018485  RFHAL_FreeNextTxDataEntry             
1001833d  RFHAL_FreeRatChan                     
100184cd  RFHAL_GetNextDataEntry                
100184d1  RFHAL_GetTempDataEntry                
100183b9  RFHAL_InitDataQueue                   
00015c33  RFHAL_InitRfHal                       
10018369  RFHAL_MapRatChansToInt                
100184d5  RFHAL_NextDataEntryDone               
100183c5  RFHAL_QueueRFDataEntries              
10018391  RFHAL_RegisterRatChanCallback         
10005001  ROM_BASE_ADDR                         
0001a4a3  ROM_Init                              
0001a44d  ROM_Spinlock                          
10016b79  RoundKey_Sw                           
10015101  SAVEPOINT                             
1000d964  SCA                                   
20004f68  SCAL                                  
100150e5  SCALARMUL                             
10014ced  SCALARMUL_core                        
10015019  SCALARMUL_final                       
10014c05  SCALARMUL_init                        
10015a51  SETOPERAND                            
10015a91  SETWORD                               
10018089  SHA256_final                          
10018129  SHA256_full                           
10017ffd  SHA256_init                           
10017ef1  SHA256_nextState                      
10018019  SHA256_process                        
10017e75  SHA256_round                          
10017f49  SHA256_saveBuffer                     
10017e39  SHA256_updateW                        
UNDEFED   SHT$$INIT_ARRAY$$Base                 
UNDEFED   SHT$$INIT_ARRAY$$Limit                
00013fc5  SM_CalcRandomAddr                     
00014053  SM_Encrypt                            
000142ed  SM_GenerateAuthenSig                  
000153b9  SM_Init                               
000146f3  SM_PasskeyUpdate                      
000153d5  SM_ProcessEvent                       
00013ffd  SM_ResolveRandomAddrs                 
00014e49  SM_ResponderInit                      
00014665  SM_StartPairing                       
00014387  SM_VerifyAuthenSig                    
10015821  SQUAREMULTIPLYWORD                    
10017895  SSP_CCM_Auth_Encrypt_Sw               
10017365  SSP_CCM_Auth_Sw                       
1001767d  SSP_CCM_Decrypt_Sw                    
100174fd  SSP_CCM_Encrypt_Sw                    
100178f5  SSP_CCM_InvAuth_Decrypt_Sw            
10017839  SSP_CCM_InvAuth_Sw                    
10017771  SSP_CTR_Decrypt_Sw                    
100175ed  SSP_CTR_Encrypt_Sw                    
10017164  Sbox                                  
10015215  SelectReg                             
10016c45  ShiftRows_Sw                          
20004744  SysBootMsg                            
20004f88  TMP1                                  
20004f8c  TMP2                                  
20004f90  TMP3                                  
20004f94  TMP4                                  
20004f98  TMP5                                  
20004f9c  TMP6                                  
1000d2d9  WL_AddEntry                           
00019777  WL_Clear                              
1000d1f5  WL_ClearEntry                         
00019807  WL_ClearIgnoreList                    
000197a5  WL_FindEntry                          
[...]
1000a095  HCI_EXT_ExtendRfRangeCmd              
1000a0d1  HCI_EXT_HaltDuringRfCmd               
1000a0f1  HCI_EXT_AdvEventNoticeCmd             
1000a109  HCI_EXT_BuildRevisionCmd              
1000a195  HCI_EXT_OverlappedProcessingCmd       
1000a1b5  HCI_EXT_NumComplPktsLimitCmd          
1000a1d5  LL_RandCback                          
1000a201  LL_EXT_SetRxGainCback                 
1000a211  LL_EXT_SetTxPowerCback                
1000a259  LL_EXT_PacketErrorRateCback           
1000a2ad  LL_EXT_ExtendRfRangeCback             
1000a335  llScheduler                           
1000a895  llFindStartType                       
1000a939  llFindNextSecTask                     
1000abed  llFreeTask                            
1000ac3d  llGetCurrentTask                      
1000aca9  llGetActiveTasks                      
1000ace1  llGetNumTasks                         
1000adb1  llPatchCM0                            
1000ae41  llRatChanCBack_B                      
1000ae45  llRatChanCBack_C                      
1000ae49  llRatChanCBack_D                      
1000ae4d  llSetupScanDataEntryQueue             
1000ae95  llSetupInitDataEntryQueue             
1000aeb1  llSetupAdvDataEntryQueue              
1000afa1  llMoveTempTxDataEntries               
1000b009  llGetNumTxDataEntries                 
1000b4c9  LL_ENC_Init                           
1000b4ed  LL_ENC_ReverseBytes                   
1000b50d  LL_ENC_GeneratePseudoRandNum          
1000b51d  LL_ENC_GenerateTrueRandNum            
1000b541  LL_ENC_GenDeviceSKD                   
1000b555  LL_ENC_GenDeviceIV                    
1000b569  LL_ENC_GenerateNonce                  
1000b58d  LL_ENC_LoadKey                        
1000b5f5  LL_ENC_AES128_Encrypt                 
1000b639  LL_ENC_AES128_Decrypt                 
1000b721  LL_ENC_EncryptMsg                     
1000b851  LL_ENC_DecryptMsg                     
1000c1b5  llCheckForLstoDuringSL                
1000cd51  llAdv_TaskAbort                       
1000d189  WL_Init                               
1000d1f5  WL_ClearEntry                         
1000d229  WL_GetSize                            
1000d2d9  WL_AddEntry                           
1000d36d  WL_RemoveEntry                        
1000d4ad  llGetAdvChanPDU                       
1000d695  llGenerateValidAccessAddr             
1000d6b1  llGtSixConsecZerosOrOnes              
1000d6e5  llEqSynchWord                         
1000d6f5  llOneBitSynchWordDiffer               
1000d709  llEqualBytes                          
1000d731  llGtTwentyFourTransitions             
1000d761  llLtTwoChangesInLastSixBits           
1000d795  llEqAlreadyValidAddr                  
1000d7cd  HCI_ReverseBytes                      
1000d8c9  llTimeCompare                         
1000d8f5  llTimeDelta                           
1000d94d  llCalcScaFactor                       
1000d964  SCA                                   
1000d9b0  advChan                               
1000d9b4  advEvt2Cmd                            
1000d9c0  advEvt2State                          
1000d9e1  llTaskError                           
1000d9ec  Fill1_1                               
1000dffc  A3_rw_1                               
1000dffc  romRev                                
1000dffd  __checksum_end                        
1000dffe  A2_rw_1                               
1000dffe  P1_ro_2_1                             
1000dffe  __checksum                            
10014c00  A1_rw                                 
10014c00  __checksum_begin_CommonROM            
10014c01  COMMON_ROM_BASE_ADDR                  
10014c04  P1_ro                                 
10014c05  SCALARMUL_init                        
10014ced  SCALARMUL_core                        
10015019  SCALARMUL_final                       
100150e5  SCALARMUL                             
10015101  SAVEPOINT                             
10015141  GETBIT                                
10015155  GETDIGIT                              
100151a5  GETDIGITL2R                           
10015215  SelectReg                             
10015229  ATOMICPATTERN                         
100154f5  JACADD                                
1001568d  INVERT                                
10015821  SQUAREMULTIPLYWORD                    
1001588c  LUTOPCODE                             
10015894  LUTOPSIGN                             
100158ac  LUTC                                  
100158c4  LUTSE                                 
100158dc  LUTINCI                               
100158f4  LUTJ                                  
1001596c  LUTSTATE                              
100159a9  IMPORTLENGTH                          
100159ad  IMPORTMODULUS                         
100159d1  IMPORTOPERAND                         
10015a11  EXPORTOPERAND                         
10015a35  IMPORTDATA                            
10015a51  SETOPERAND                            
10015a6d  COPY                                  
10015a85  ZERO                                  
10015a91  SETWORD                               
10015a9d  mSET                                  
10015bcd  zSET                                  
10015bd5  mINVK                                 
10015d19  zADD                                  
10015d5d  zSUB                                  
10015de9  zMACC32                               
10015e69  zSUB32                                
10015eb5  zADD32                                
10015f0d  zMULT32                               
10015f81  mMULT                                 
10016551  mADD                                  
1001664d  mSUB                                  
10016749  mOUT                                  
10016975  ssp_KeyInit_Sw                        
10016979  sspAesEncrypt_Sw                      
10016985  sspKeyExpansion_Sw                    
10016a99  sspAesEncryptKeyExp_Sw                
10016af5  sspAesEncryptBasic_Sw                 
10016b79  RoundKey_Sw                           
10016c29  AddRoundKeySubBytes_Sw                
10016c45  ShiftRows_Sw                          
10016c79  MixColumns_Sw                         
10016d05  FFMult_Sw                             
10016d29  sspAesDecrypt_Sw                      
10016da1  InvAddRoundKey_Sw                     
10016dc9  InvRoundKey_Sw                        
10016e8d  InvSubBytes_Sw                        
10016ea1  InvShiftRows_Sw                       
10016ed5  InvMixColumns_Sw                      
10016f58  FFMult2                               
10017058  FFMult3                               
10017158  RCon                                  
10017164  Sbox                                  
10017264  InvSbox                               
10017365  SSP_CCM_Auth_Sw                       
100174fd  SSP_CCM_Encrypt_Sw                    
100175ed  SSP_CTR_Encrypt_Sw                    
1001767d  SSP_CCM_Decrypt_Sw                    
10017771  SSP_CTR_Decrypt_Sw                    
10017839  SSP_CCM_InvAuth_Sw                    
10017895  SSP_CCM_Auth_Encrypt_Sw               
100178f5  SSP_CCM_InvAuth_Decrypt_Sw            
10017959  ECC_allocWorkzone                     
10017961  ECC_setWin                            
10017969  ECDSA_sign                            
10017b01  ECDSA_verif                           
10017dbd  ECC_keyGen                            
10017ded  ECDH_commonKey                        
10017e39  SHA256_updateW                        
10017e75  SHA256_round                          
10017ef1  SHA256_nextState                      
10017f49  SHA256_saveBuffer                     
10017ffd  SHA256_init                           
10018019  SHA256_process                        
10018089  SHA256_final                          
10018129  SHA256_full                           
10018315  RFHAL_AllocRatChan                    
1001833d  RFHAL_FreeRatChan                     
10018369  RFHAL_MapRatChansToInt                
10018391  RFHAL_RegisterRatChanCallback         
100183b9  RFHAL_InitDataQueue                   
100183c5  RFHAL_QueueRFDataEntries              
10018485  RFHAL_FreeNextTxDataEntry             
100184a9  RFHAL_AllocDataEntryQueue             
100184c5  RFHAL_FreeDataEntryQueue              
100184cd  RFHAL_GetNextDataEntry                
100184d1  RFHAL_GetTempDataEntry                
100184d5  RFHAL_NextDataEntryDone               
100184f9  RFHAL_AllocDataEntry                  
10018549  RFHAL_FreeDataEntry                   
10018551  RFHAL_BuildRingBuffer                 
100185e1  RFHAL_BuildDataEntryRingBuffer        
10018669  RFHAL_BuildLinkedBuffer               
10018a19  AesCcm_authEncrypt_Sw                 
10018a35  AesCcm_decryptAuth_Sw                 
10018a99  Aes_encrypt_Sw                        
10018ac5  Aes_decrypt_Sw                        
10018b09  AesCcm_getNumBlocks_Sw                
10018b0c  NIST256_p                             
10018b30  NIST256_r                             
10018b54  NIST256_a                             
10018b78  NIST256_b                             
10018b9c  NIST256_Gx                            
10018bc0  NIST256_Gy                            
10018ced  __exit                                
10018d6c  Fill1                                 
10019ffc  A3_rw                                 
10019ffd  __checksum_end_CommonROM              
10019ffe  A2_rw                                 
10019ffe  P1_ro_2                               
10019ffe  __checksum_CommonROM                  
20004424  pGapDiscReq                           
20004428  pGapAdvertState                       
2000442c  gapState                              
2000442d  gattNumConns                          
2000442e  gattTaskID                            
20004430  pfnPeripheralConnCBs                  
20004434  pfnBondMgrCBs                         
2000443c  serverInfoTbl                         
20004460  GATTServApp_TaskID                    
20004470  l2capFixedChannels                    
200044a0  l2capId                               
200044a1  smTaskID                              
200044a4  linkDBNumConns                        
200044dc  pPairingParams                        
200044e0  pfnResponderCBs                       
200044e8  pBleEvtMask                           
200044f0  pHciEvtMask2                          
200044f8  rfEvent                               
20004500  hciTaskID                             
20004501  hciTestTaskID                         
20004502  hciGapTaskID                          
20004503  hciL2capTaskID                        
20004504  hciSmpTaskID                          
20004505  hciExtTaskID                          
20004508  bleDispatch_TaskID                    
20004509  rspBuf                                
20004544  timerHead                             
20004548  osal_last_timestamp                   
20004550  ICall_dispatcher                      
20004554  ICall_enterCriticalSection            
20004558  ICall_leaveCriticalSection            
20004560  tasksEvents                           
20004584  gapAppTaskID                          
20004585  gapProfileRole                        
20004586  gapDeviceAddrMode                     
20004587  gapAutoAdvPrivateAddrChange           
20004588  gapPrivateAddrChangeTimeout           
200045e8  slaveUpdateReq                        
200045f0  slaveConnHandle                       
200045f4  pEstLink                              
200045f8  pAuthLink                             
200045fc  pfnCentralConnCBs                     
20004620  gapTaskID                             
20004621  gapUnwantedTaskID                     
20004624  pfnPeripheralCBs                      
2000462f  reqTaskId                             
200046cc  gattAppTaskID                         
200046cd  appTaskID                             
200046ce  l2capMtuSize                          
200046e0  l2capTaskID                           
200046e1  l2capNumChannels                      
200046e2  l2capNumDataPkts                      
200046e4  l2capChannels                         
20004704  llUserConfig                          
20004728  maxPduSize                            
20004729  rfFeModeBias                          
2000472a  maxNumTxDataBufs                      
2000472c  advInfoExt                            
20004730  rfCmdHandle                           
20004734  rfHandle                              
20004738  rfDrvTblPtr                           
2000473c  llConnectionExt                       
20004740  trngDrvTblPtr                         
20004744  SysBootMsg                            
20004748  sclkSrc                               
2000474c  rfMode                                
2000475c  rfParams                              
20004770  rfSetup                               
20004788  rfObject                              
20004820  assertSubcause                        
20004821  legacyMode                            
20004824  halAssertCback                        
20004829  osal_entity                           
2000482c  osal_qHead                            
20004830  osal_eventloop_hook                   
20004834  osal_semaphore                        
20004838  osal_tickperiod                       
2000483c  osal_max_msecs                        
20004854  baseTaskID                            
20004858  cbTimers                              
200048d4  OSAL_timeSeconds                      
200048d8  pwrmgr_initialized                    
200048da  pwrmgr_attribute                      
200048e8  A4_rw_1                               
200048e8  RAM_BASE_ADDR                         
200048fc  P2_zi_1                               
200048fc  scanDataEntry                         
200049dc  scanDataQueue                         
200049ec  advInfo                               
20004a8c  wlTable                               
20004b10  wlTableScan                           
20004b94  initDataEntry                         
20004bcc  initDataQueue                         
20004bdc  advDataEntry                          
20004c14  advDataQueue                          
20004c24  advCmd                                
20004c6c  ownPublicAddr                         
20004c74  ownRandomAddr                         
20004c7c  ownSavedPublicAddr                    
20004c84  LL_TaskID                             
20004c85  maxTxPwrForDTM                        
20004c86  onePktPerEvt                          
20004c87  numComplPktsLimit                     
20004c88  numComplPktsFlush                     
20004c89  slOverride                            
20004c8a  rxFifoFlowCtrl                        
20004c8b  numTxDataBufs                         
20004c8c  verInfo                               
20004c94  rfCfgAdiVal                           
20004c96  sleepDelay                            
20004c98  buildInfo                             
20004c9c  peerInfo                              
20004ca8  chanMapUpdate                         
20004cb0  llConns                               
20004cb8  llState                               
20004cb9  curTxPowerVal                         
20004cba  numComplPkts                          
20004cbb  fastTxRespTime                        
20004cbc  maxNumConns                           
20004cbe  postRfOperations                      
20004cc0  rssiCorrection                        
20004cc4  taskEndAction                         
20004cf0  initParam                             
20004d14  scanParam                             
20004d38  slvParam                              
20004d58  advParam                              
20004d78  txModemTestCmd                        
20004d94  scanInfo                              
20004db0  initCmd                               
20004dc8  connReqData                           
20004de0  slvCmd                                
20004df8  scanCmd                               
20004e10  scanOutput                            
20004e28  trxTestCmd                            
20004e40  rxModemTestCmd                        
20004e58  initInfo                              
20004e70  connOutput                            
20004e84  rxTestParam                           
20004e98  advOutput                             
20004ea8  txTestParam                           
20004eb8  initOutput                            
20004ec4  rxTestOut                             
20004ed0  deviceFeatureSet                      
20004edc  dtmInfo                               
20004ee8  cachedTRNGdata                        
20004ef4  llTaskList                            
20004f00  pHciEvtMask                           
20004f08  bleEvtMask                            
20004f0a  taskEndStatus                         
20004f0c  rxDataQ                               
20004f10  rxRingBuf                             
20004f14  mstCmd                                
20004f18  mstParam                              
20004f1c  txDataQ                               
20004f20  txTestOut                             
20004f24  ctrlToHostEnable                      
20004f26  numHostBufs                           
20004f28  hciPTMenabled                         
20004f2c  A4_rw                                 
20004f2c  COMMON_RAM_BASE_ADDR                  
20004f40  P2_rw                                 
20004f40  P2_s0                                 
20004f40  win                                   
20004f44  workzone                              
20004f48  data_p                                
20004f4c  data_r                                
20004f50  data_a                                
20004f54  inScalar                              
20004f58  inPointX                              
20004f5c  inPointY                              
20004f60  outPointX                             
20004f64  outPointY                             
20004f68  SCAL                                  
20004f6c  EXPX                                  
20004f70  EXPY                                  
20004f74  EXPZ                                  
20004f78  EXPW                                  
20004f7c  ACCX                                  
20004f80  ACCY                                  
20004f84  ACCZ                                  
20004f88  TMP1                                  
20004f8c  TMP2                                  
20004f90  TMP3                                  
20004f94  TMP4                                  
20004f98  TMP5                                  
20004f9c  TMP6                                  
20004fa0  data_Gx                               
20004fa4  data_Gy                               
20004fa8  data_b                                
20004fac  P2_zi                                 
20004fac  ratChanInfo                           
20004fcc  fwInfoCmd                             
20004fd8  MSBMOD                                
20004fdc  aux64                                 
20004fe4  MOD                                   
20004fe8  LEN                                   
20004ffc  pSspAesEncrypt_Sw                     
ffffffff  __binit__                             
ffffffff  __c_args__                            
ffffffff  binit                                 
UNDEFED   GAPBondMgr_CheckNVLen                 
UNDEFED   GAPBondMgr_GetParameter               
UNDEFED   GAPBondMgr_Init                       
UNDEFED   GAPBondMgr_LinkEst                    
UNDEFED   GAPBondMgr_LinkTerm                   
UNDEFED   GAPBondMgr_PasscodeRsp                
UNDEFED   GAPBondMgr_ProcessEvent               
UNDEFED   GAPBondMgr_Register                   
UNDEFED   GAPBondMgr_ResolveAddr                
UNDEFED   GAPBondMgr_SetParameter               
UNDEFED   SHT$$INIT_ARRAY$$Base                 
UNDEFED   SHT$$INIT_ARRAY$$Limit                

[1168 symbols]
